<!doctype html public "-//w3c//dtd html 4.0 transitional//en">
<html><head>
<title>Static Call Graph - [.\Objects\TLE5502_TLE987x_Integration_Example.axf]</title></head>
<body><HR>
<H1>Static Call Graph for image .\Objects\TLE5502_TLE987x_Integration_Example.axf</H1><HR>
<BR><P>#&#060CALLGRAPH&#062# ARM Linker, 6240002: Last Updated: Mon Aug 17 12:09:12 2026
<BR><P>
<H3>Maximum Stack Usage =        176 bytes + Unknown(Cycles, Untraceable Function Pointers)</H3><H3>
Call chain for Maximum Stack Depth:</H3>
main &rArr; TLE987x_UART_SendVoltageAngleInfo &rArr; printf
<P>
<H3>
Mutually Recursive functions
</H3> <LI><a href="#[1d]">SVC_Handler_main</a>&nbsp;&nbsp;&nbsp;&rArr;&nbsp;&nbsp;&nbsp;<a href="#[1d]">SVC_Handler_main</a><BR>
 <LI><a href="#[1]">NMI_Handler</a>&nbsp;&nbsp;&nbsp;&rArr;&nbsp;&nbsp;&nbsp;<a href="#[1]">NMI_Handler</a><BR>
 <LI><a href="#[7]">DebugMon_Handler</a>&nbsp;&nbsp;&nbsp;&rArr;&nbsp;&nbsp;&nbsp;<a href="#[7]">DebugMon_Handler</a><BR>
 <LI><a href="#[8]">PendSV_Handler</a>&nbsp;&nbsp;&nbsp;&rArr;&nbsp;&nbsp;&nbsp;<a href="#[8]">PendSV_Handler</a><BR>
 <LI><a href="#[d]">ADC1_IRQHandler</a>&nbsp;&nbsp;&nbsp;&rArr;&nbsp;&nbsp;&nbsp;<a href="#[d]">ADC1_IRQHandler</a><BR>
</UL>
<P>
<H3>
Function Pointers
</H3><UL>
 <LI><a href="#[d]">ADC1_IRQHandler</a> from startup_tle987x.o(.text) referenced from startup_tle987x.o(RESET)
 <LI><a href="#[c]">ADC2_IRQHandler</a> from startup_tle987x.o(.text) referenced from startup_tle987x.o(RESET)
 <LI><a href="#[18]">BDRV_IRQHandler</a> from startup_tle987x.o(.text) referenced from startup_tle987x.o(RESET)
 <LI><a href="#[4]">BusFault_Handler</a> from isr.o(.text.BusFault_Handler) referenced from startup_tle987x.o(RESET)
 <LI><a href="#[e]">CCU6SR0_IRQHandler</a> from isr.o(.text.CCU6SR0_IRQHandler) referenced from startup_tle987x.o(RESET)
 <LI><a href="#[f]">CCU6SR1_IRQHandler</a> from startup_tle987x.o(.text) referenced from startup_tle987x.o(RESET)
 <LI><a href="#[10]">CCU6SR2_IRQHandler</a> from startup_tle987x.o(.text) referenced from startup_tle987x.o(RESET)
 <LI><a href="#[11]">CCU6SR3_IRQHandler</a> from startup_tle987x.o(.text) referenced from startup_tle987x.o(RESET)
 <LI><a href="#[19]">DMA_IRQHandler</a> from startup_tle987x.o(.text) referenced from startup_tle987x.o(RESET)
 <LI><a href="#[7]">DebugMon_Handler</a> from startup_tle987x.o(.text) referenced from startup_tle987x.o(RESET)
 <LI><a href="#[16]">EXINT0_IRQHandler</a> from startup_tle987x.o(.text) referenced from startup_tle987x.o(RESET)
 <LI><a href="#[17]">EXINT1_IRQHandler</a> from startup_tle987x.o(.text) referenced from startup_tle987x.o(RESET)
 <LI><a href="#[a]">GPT1_IRQHandler</a> from startup_tle987x.o(.text) referenced from startup_tle987x.o(RESET)
 <LI><a href="#[b]">GPT2_IRQHandler</a> from startup_tle987x.o(.text) referenced from startup_tle987x.o(RESET)
 <LI><a href="#[2]">HardFault_Handler</a> from isr.o(.text.HardFault_Handler) referenced from startup_tle987x.o(RESET)
 <LI><a href="#[3]">MemManage_Handler</a> from isr.o(.text.MemManage_Handler) referenced from startup_tle987x.o(RESET)
 <LI><a href="#[1]">NMI_Handler</a> from startup_tle987x.o(.text) referenced from startup_tle987x.o(RESET)
 <LI><a href="#[8]">PendSV_Handler</a> from startup_tle987x.o(.text) referenced from startup_tle987x.o(RESET)
 <LI><a href="#[0]">Reset_Handler</a> from startup_tle987x.o(.text) referenced from startup_tle987x.o(RESET)
 <LI><a href="#[12]">SSC1_IRQHandler</a> from startup_tle987x.o(.text) referenced from startup_tle987x.o(RESET)
 <LI><a href="#[13]">SSC2_IRQHandler</a> from startup_tle987x.o(.text) referenced from startup_tle987x.o(RESET)
 <LI><a href="#[6]">SVC_Handler</a> from startup_tle987x.o(.text) referenced from startup_tle987x.o(RESET)
 <LI><a href="#[1d]">SVC_Handler_main</a> from startup_tle987x.o(.text) referenced from startup_tle987x.o(.text)
 <LI><a href="#[9]">SysTick_Handler</a> from isr.o(.text.SysTick_Handler) referenced from startup_tle987x.o(RESET)
 <LI><a href="#[1b]">SystemInit</a> from system_tle987x.o(.text.SystemInit) referenced from startup_tle987x.o(.text)
 <LI><a href="#[14]">UART1_IRQHandler</a> from startup_tle987x.o(.text) referenced from startup_tle987x.o(RESET)
 <LI><a href="#[15]">UART2_IRQHandler</a> from startup_tle987x.o(.text) referenced from startup_tle987x.o(RESET)
 <LI><a href="#[5]">UsageFault_Handler</a> from isr.o(.text.UsageFault_Handler) referenced from startup_tle987x.o(RESET)
 <LI><a href="#[1c]">__main</a> from entry.o(.ARM.Collect$$$$00000000) referenced from startup_tle987x.o(.text)
 <LI><a href="#[1e]">fputc</a> from retarget_io.o(.text.fputc) referenced from printfa.o(i.__0printf)
 <LI><a href="#[1a]">main</a> from main.o(.text.main) referenced from entry9a.o(.ARM.Collect$$$$0000000B)
</UL>
<P>
<H3>
Global Symbols
</H3>
<P><STRONG><a name="[1c]"></a>__main</STRONG> (Thumb, 0 bytes, Stack size unknown bytes, entry.o(.ARM.Collect$$$$00000000))
<BR>[Address Reference Count : 1]<UL><LI> startup_tle987x.o(.text)
</UL>
<P><STRONG><a name="[9a]"></a>_main_stk</STRONG> (Thumb, 0 bytes, Stack size unknown bytes, entry2.o(.ARM.Collect$$$$00000001))

<P><STRONG><a name="[1f]"></a>_main_scatterload</STRONG> (Thumb, 0 bytes, Stack size unknown bytes, entry5.o(.ARM.Collect$$$$00000004))
<BR><BR>[Calls]<UL><LI><a href="#[20]">&gt;&gt;</a>&nbsp;&nbsp;&nbsp;__scatterload
</UL>

<P><STRONG><a name="[35]"></a>__main_after_scatterload</STRONG> (Thumb, 0 bytes, Stack size unknown bytes, entry5.o(.ARM.Collect$$$$00000004))
<BR><BR>[Called By]<UL><LI><a href="#[20]">&gt;&gt;</a>&nbsp;&nbsp;&nbsp;__scatterload
</UL>

<P><STRONG><a name="[9b]"></a>_main_clock</STRONG> (Thumb, 0 bytes, Stack size unknown bytes, entry7b.o(.ARM.Collect$$$$00000008))

<P><STRONG><a name="[9c]"></a>_main_cpp_init</STRONG> (Thumb, 0 bytes, Stack size unknown bytes, entry8b.o(.ARM.Collect$$$$0000000A))

<P><STRONG><a name="[9d]"></a>_main_init</STRONG> (Thumb, 0 bytes, Stack size unknown bytes, entry9a.o(.ARM.Collect$$$$0000000B))

<P><STRONG><a name="[9e]"></a>__rt_final_cpp</STRONG> (Thumb, 0 bytes, Stack size unknown bytes, entry10a.o(.ARM.Collect$$$$0000000D))

<P><STRONG><a name="[9f]"></a>__rt_final_exit</STRONG> (Thumb, 0 bytes, Stack size unknown bytes, entry11a.o(.ARM.Collect$$$$0000000F))

<P><STRONG><a name="[0]"></a>Reset_Handler</STRONG> (Thumb, 8 bytes, Stack size 0 bytes, startup_tle987x.o(.text))
<BR>[Address Reference Count : 1]<UL><LI> startup_tle987x.o(RESET)
</UL>
<P><STRONG><a name="[1d]"></a>SVC_Handler_main</STRONG> (Thumb, 2 bytes, Stack size 0 bytes, startup_tle987x.o(.text))
<BR><BR>[Calls]<UL><LI><a href="#[1d]">&gt;&gt;</a>&nbsp;&nbsp;&nbsp;SVC_Handler_main
</UL>
<BR>[Called By]<UL><LI><a href="#[1d]">&gt;&gt;</a>&nbsp;&nbsp;&nbsp;SVC_Handler_main
</UL>
<BR>[Address Reference Count : 1]<UL><LI> startup_tle987x.o(.text)
</UL>
<P><STRONG><a name="[1]"></a>NMI_Handler</STRONG> (Thumb, 2 bytes, Stack size 0 bytes, startup_tle987x.o(.text))
<BR><BR>[Calls]<UL><LI><a href="#[1]">&gt;&gt;</a>&nbsp;&nbsp;&nbsp;NMI_Handler
</UL>
<BR>[Called By]<UL><LI><a href="#[1]">&gt;&gt;</a>&nbsp;&nbsp;&nbsp;NMI_Handler
</UL>
<BR>[Address Reference Count : 1]<UL><LI> startup_tle987x.o(RESET)
</UL>
<P><STRONG><a name="[7]"></a>DebugMon_Handler</STRONG> (Thumb, 2 bytes, Stack size 0 bytes, startup_tle987x.o(.text))
<BR><BR>[Calls]<UL><LI><a href="#[7]">&gt;&gt;</a>&nbsp;&nbsp;&nbsp;DebugMon_Handler
</UL>
<BR>[Called By]<UL><LI><a href="#[7]">&gt;&gt;</a>&nbsp;&nbsp;&nbsp;DebugMon_Handler
</UL>
<BR>[Address Reference Count : 1]<UL><LI> startup_tle987x.o(RESET)
</UL>
<P><STRONG><a name="[8]"></a>PendSV_Handler</STRONG> (Thumb, 2 bytes, Stack size 0 bytes, startup_tle987x.o(.text))
<BR><BR>[Calls]<UL><LI><a href="#[8]">&gt;&gt;</a>&nbsp;&nbsp;&nbsp;PendSV_Handler
</UL>
<BR>[Called By]<UL><LI><a href="#[8]">&gt;&gt;</a>&nbsp;&nbsp;&nbsp;PendSV_Handler
</UL>
<BR>[Address Reference Count : 1]<UL><LI> startup_tle987x.o(RESET)
</UL>
<P><STRONG><a name="[d]"></a>ADC1_IRQHandler</STRONG> (Thumb, 0 bytes, Stack size 0 bytes, startup_tle987x.o(.text))
<BR><BR>[Calls]<UL><LI><a href="#[d]">&gt;&gt;</a>&nbsp;&nbsp;&nbsp;ADC1_IRQHandler
</UL>
<BR>[Called By]<UL><LI><a href="#[d]">&gt;&gt;</a>&nbsp;&nbsp;&nbsp;ADC1_IRQHandler
</UL>
<BR>[Address Reference Count : 1]<UL><LI> startup_tle987x.o(RESET)
</UL>
<P><STRONG><a name="[c]"></a>ADC2_IRQHandler</STRONG> (Thumb, 0 bytes, Stack size 0 bytes, startup_tle987x.o(.text))
<BR>[Address Reference Count : 1]<UL><LI> startup_tle987x.o(RESET)
</UL>
<P><STRONG><a name="[18]"></a>BDRV_IRQHandler</STRONG> (Thumb, 0 bytes, Stack size 0 bytes, startup_tle987x.o(.text))
<BR>[Address Reference Count : 1]<UL><LI> startup_tle987x.o(RESET)
</UL>
<P><STRONG><a name="[f]"></a>CCU6SR1_IRQHandler</STRONG> (Thumb, 0 bytes, Stack size 0 bytes, startup_tle987x.o(.text))
<BR>[Address Reference Count : 1]<UL><LI> startup_tle987x.o(RESET)
</UL>
<P><STRONG><a name="[10]"></a>CCU6SR2_IRQHandler</STRONG> (Thumb, 0 bytes, Stack size 0 bytes, startup_tle987x.o(.text))
<BR>[Address Reference Count : 1]<UL><LI> startup_tle987x.o(RESET)
</UL>
<P><STRONG><a name="[11]"></a>CCU6SR3_IRQHandler</STRONG> (Thumb, 0 bytes, Stack size 0 bytes, startup_tle987x.o(.text))
<BR>[Address Reference Count : 1]<UL><LI> startup_tle987x.o(RESET)
</UL>
<P><STRONG><a name="[19]"></a>DMA_IRQHandler</STRONG> (Thumb, 0 bytes, Stack size 0 bytes, startup_tle987x.o(.text))
<BR>[Address Reference Count : 1]<UL><LI> startup_tle987x.o(RESET)
</UL>
<P><STRONG><a name="[16]"></a>EXINT0_IRQHandler</STRONG> (Thumb, 0 bytes, Stack size 0 bytes, startup_tle987x.o(.text))
<BR>[Address Reference Count : 1]<UL><LI> startup_tle987x.o(RESET)
</UL>
<P><STRONG><a name="[17]"></a>EXINT1_IRQHandler</STRONG> (Thumb, 0 bytes, Stack size 0 bytes, startup_tle987x.o(.text))
<BR>[Address Reference Count : 1]<UL><LI> startup_tle987x.o(RESET)
</UL>
<P><STRONG><a name="[a]"></a>GPT1_IRQHandler</STRONG> (Thumb, 0 bytes, Stack size 0 bytes, startup_tle987x.o(.text))
<BR>[Address Reference Count : 1]<UL><LI> startup_tle987x.o(RESET)
</UL>
<P><STRONG><a name="[b]"></a>GPT2_IRQHandler</STRONG> (Thumb, 0 bytes, Stack size 0 bytes, startup_tle987x.o(.text))
<BR>[Address Reference Count : 1]<UL><LI> startup_tle987x.o(RESET)
</UL>
<P><STRONG><a name="[12]"></a>SSC1_IRQHandler</STRONG> (Thumb, 0 bytes, Stack size 0 bytes, startup_tle987x.o(.text))
<BR>[Address Reference Count : 1]<UL><LI> startup_tle987x.o(RESET)
</UL>
<P><STRONG><a name="[13]"></a>SSC2_IRQHandler</STRONG> (Thumb, 0 bytes, Stack size 0 bytes, startup_tle987x.o(.text))
<BR>[Address Reference Count : 1]<UL><LI> startup_tle987x.o(RESET)
</UL>
<P><STRONG><a name="[14]"></a>UART1_IRQHandler</STRONG> (Thumb, 0 bytes, Stack size 0 bytes, startup_tle987x.o(.text))
<BR>[Address Reference Count : 1]<UL><LI> startup_tle987x.o(RESET)
</UL>
<P><STRONG><a name="[15]"></a>UART2_IRQHandler</STRONG> (Thumb, 0 bytes, Stack size 0 bytes, startup_tle987x.o(.text))
<BR>[Address Reference Count : 1]<UL><LI> startup_tle987x.o(RESET)
</UL>
<P><STRONG><a name="[21]"></a>__aeabi_fadd</STRONG> (Thumb, 164 bytes, Stack size 16 bytes, fadd.o(.text))
<BR><BR>[Stack]<UL><LI>Max Depth = 20<LI>Call Chain = __aeabi_fadd &rArr; _float_epilogue
</UL>
<BR>[Calls]<UL><LI><a href="#[23]">&gt;&gt;</a>&nbsp;&nbsp;&nbsp;_float_round
<LI><a href="#[22]">&gt;&gt;</a>&nbsp;&nbsp;&nbsp;_float_epilogue
</UL>
<BR>[Called By]<UL><LI><a href="#[90]">&gt;&gt;</a>&nbsp;&nbsp;&nbsp;__mathlib_flt_infnan2
<LI><a href="#[25]">&gt;&gt;</a>&nbsp;&nbsp;&nbsp;__aeabi_frsub
<LI><a href="#[73]">&gt;&gt;</a>&nbsp;&nbsp;&nbsp;atan2f
<LI><a href="#[24]">&gt;&gt;</a>&nbsp;&nbsp;&nbsp;__aeabi_fsub
<LI><a href="#[72]">&gt;&gt;</a>&nbsp;&nbsp;&nbsp;TLE5502_DecodeAngleDeg
</UL>

<P><STRONG><a name="[24]"></a>__aeabi_fsub</STRONG> (Thumb, 6 bytes, Stack size 0 bytes, fadd.o(.text))
<BR><BR>[Stack]<UL><LI>Max Depth = 20<LI>Call Chain = __aeabi_fsub &rArr; __aeabi_fadd &rArr; _float_epilogue
</UL>
<BR>[Calls]<UL><LI><a href="#[21]">&gt;&gt;</a>&nbsp;&nbsp;&nbsp;__aeabi_fadd
</UL>
<BR>[Called By]<UL><LI><a href="#[73]">&gt;&gt;</a>&nbsp;&nbsp;&nbsp;atan2f
<LI><a href="#[72]">&gt;&gt;</a>&nbsp;&nbsp;&nbsp;TLE5502_DecodeAngleDeg
</UL>

<P><STRONG><a name="[25]"></a>__aeabi_frsub</STRONG> (Thumb, 6 bytes, Stack size 0 bytes, fadd.o(.text))
<BR><BR>[Stack]<UL><LI>Max Depth = 20<LI>Call Chain = __aeabi_frsub &rArr; __aeabi_fadd &rArr; _float_epilogue
</UL>
<BR>[Calls]<UL><LI><a href="#[21]">&gt;&gt;</a>&nbsp;&nbsp;&nbsp;__aeabi_fadd
</UL>
<BR>[Called By]<UL><LI><a href="#[73]">&gt;&gt;</a>&nbsp;&nbsp;&nbsp;atan2f
</UL>

<P><STRONG><a name="[74]"></a>__aeabi_fmul</STRONG> (Thumb, 100 bytes, Stack size 8 bytes, fmul.o(.text))
<BR><BR>[Stack]<UL><LI>Max Depth = 8<LI>Call Chain = __aeabi_fmul
</UL>
<BR>[Called By]<UL><LI><a href="#[73]">&gt;&gt;</a>&nbsp;&nbsp;&nbsp;atan2f
<LI><a href="#[72]">&gt;&gt;</a>&nbsp;&nbsp;&nbsp;TLE5502_DecodeAngleDeg
</UL>

<P><STRONG><a name="[26]"></a>__aeabi_fdiv</STRONG> (Thumb, 124 bytes, Stack size 8 bytes, fdiv.o(.text))
<BR><BR>[Stack]<UL><LI>Max Depth = 8<LI>Call Chain = __aeabi_fdiv
</UL>
<BR>[Calls]<UL><LI><a href="#[23]">&gt;&gt;</a>&nbsp;&nbsp;&nbsp;_float_round
</UL>
<BR>[Called By]<UL><LI><a href="#[73]">&gt;&gt;</a>&nbsp;&nbsp;&nbsp;atan2f
<LI><a href="#[1a]">&gt;&gt;</a>&nbsp;&nbsp;&nbsp;main
</UL>

<P><STRONG><a name="[75]"></a>__aeabi_fcmpge</STRONG> (Thumb, 28 bytes, Stack size 0 bytes, fcmpge.o(.text))
<BR><BR>[Called By]<UL><LI><a href="#[72]">&gt;&gt;</a>&nbsp;&nbsp;&nbsp;TLE5502_DecodeAngleDeg
</UL>

<P><STRONG><a name="[27]"></a>__aeabi_i2f</STRONG> (Thumb, 18 bytes, Stack size 0 bytes, fflti.o(.text))
<BR><BR>[Stack]<UL><LI>Max Depth = 4<LI>Call Chain = __aeabi_i2f &rArr; _float_epilogue
</UL>
<BR>[Calls]<UL><LI><a href="#[22]">&gt;&gt;</a>&nbsp;&nbsp;&nbsp;_float_epilogue
</UL>
<BR>[Called By]<UL><LI><a href="#[1a]">&gt;&gt;</a>&nbsp;&nbsp;&nbsp;main
</UL>

<P><STRONG><a name="[28]"></a>__aeabi_ui2f</STRONG> (Thumb, 10 bytes, Stack size 0 bytes, ffltui.o(.text))
<BR><BR>[Stack]<UL><LI>Max Depth = 4<LI>Call Chain = __aeabi_ui2f &rArr; _float_epilogue
</UL>
<BR>[Calls]<UL><LI><a href="#[22]">&gt;&gt;</a>&nbsp;&nbsp;&nbsp;_float_epilogue
</UL>
<BR>[Called By]<UL><LI><a href="#[72]">&gt;&gt;</a>&nbsp;&nbsp;&nbsp;TLE5502_DecodeAngleDeg
</UL>

<P><STRONG><a name="[78]"></a>__aeabi_f2d</STRONG> (Thumb, 38 bytes, Stack size 0 bytes, f2d.o(.text))
<BR><BR>[Called By]<UL><LI><a href="#[77]">&gt;&gt;</a>&nbsp;&nbsp;&nbsp;TLE987x_UART_SendVoltageAngleInfo
</UL>

<P><STRONG><a name="[a0]"></a>__aeabi_uidiv</STRONG> (Thumb, 0 bytes, Stack size 12 bytes, uidiv.o(.text), UNUSED)

<P><STRONG><a name="[97]"></a>__aeabi_uidivmod</STRONG> (Thumb, 44 bytes, Stack size 12 bytes, uidiv.o(.text), UNUSED)
<BR><BR>[Called By]<UL><LI><a href="#[8f]">&gt;&gt;</a>&nbsp;&nbsp;&nbsp;_printf_core
</UL>

<P><STRONG><a name="[29]"></a>__aeabi_uldivmod</STRONG> (Thumb, 98 bytes, Stack size 40 bytes, uldiv.o(.text), UNUSED)
<BR><BR>[Calls]<UL><LI><a href="#[2a]">&gt;&gt;</a>&nbsp;&nbsp;&nbsp;__aeabi_llsr
<LI><a href="#[2b]">&gt;&gt;</a>&nbsp;&nbsp;&nbsp;__aeabi_llsl
</UL>
<BR>[Called By]<UL><LI><a href="#[8f]">&gt;&gt;</a>&nbsp;&nbsp;&nbsp;_printf_core
<LI><a href="#[93]">&gt;&gt;</a>&nbsp;&nbsp;&nbsp;_fp_digits
</UL>

<P><STRONG><a name="[a1]"></a>__I$use$fp</STRONG> (Thumb, 0 bytes, Stack size 0 bytes, iusefp.o(.text), UNUSED)

<P><STRONG><a name="[23]"></a>_float_round</STRONG> (Thumb, 18 bytes, Stack size 0 bytes, fepilogue.o(.text))
<BR><BR>[Called By]<UL><LI><a href="#[21]">&gt;&gt;</a>&nbsp;&nbsp;&nbsp;__aeabi_fadd
<LI><a href="#[26]">&gt;&gt;</a>&nbsp;&nbsp;&nbsp;__aeabi_fdiv
</UL>

<P><STRONG><a name="[22]"></a>_float_epilogue</STRONG> (Thumb, 92 bytes, Stack size 4 bytes, fepilogue.o(.text))
<BR><BR>[Stack]<UL><LI>Max Depth = 4<LI>Call Chain = _float_epilogue
</UL>
<BR>[Called By]<UL><LI><a href="#[21]">&gt;&gt;</a>&nbsp;&nbsp;&nbsp;__aeabi_fadd
<LI><a href="#[28]">&gt;&gt;</a>&nbsp;&nbsp;&nbsp;__aeabi_ui2f
<LI><a href="#[27]">&gt;&gt;</a>&nbsp;&nbsp;&nbsp;__aeabi_i2f
</UL>

<P><STRONG><a name="[2c]"></a>__aeabi_dadd</STRONG> (Thumb, 322 bytes, Stack size 48 bytes, dadd.o(.text), UNUSED)
<BR><BR>[Calls]<UL><LI><a href="#[2d]">&gt;&gt;</a>&nbsp;&nbsp;&nbsp;__aeabi_lasr
<LI><a href="#[2b]">&gt;&gt;</a>&nbsp;&nbsp;&nbsp;__aeabi_llsl
<LI><a href="#[2f]">&gt;&gt;</a>&nbsp;&nbsp;&nbsp;_double_round
<LI><a href="#[2e]">&gt;&gt;</a>&nbsp;&nbsp;&nbsp;_double_epilogue
</UL>
<BR>[Called By]<UL><LI><a href="#[31]">&gt;&gt;</a>&nbsp;&nbsp;&nbsp;__aeabi_drsub
<LI><a href="#[30]">&gt;&gt;</a>&nbsp;&nbsp;&nbsp;__aeabi_dsub
<LI><a href="#[93]">&gt;&gt;</a>&nbsp;&nbsp;&nbsp;_fp_digits
</UL>

<P><STRONG><a name="[30]"></a>__aeabi_dsub</STRONG> (Thumb, 6 bytes, Stack size 0 bytes, dadd.o(.text), UNUSED)
<BR><BR>[Calls]<UL><LI><a href="#[2c]">&gt;&gt;</a>&nbsp;&nbsp;&nbsp;__aeabi_dadd
</UL>

<P><STRONG><a name="[31]"></a>__aeabi_drsub</STRONG> (Thumb, 6 bytes, Stack size 0 bytes, dadd.o(.text), UNUSED)
<BR><BR>[Calls]<UL><LI><a href="#[2c]">&gt;&gt;</a>&nbsp;&nbsp;&nbsp;__aeabi_dadd
</UL>

<P><STRONG><a name="[32]"></a>__aeabi_dmul</STRONG> (Thumb, 228 bytes, Stack size 48 bytes, dmul.o(.text), UNUSED)
<BR><BR>[Calls]<UL><LI><a href="#[2e]">&gt;&gt;</a>&nbsp;&nbsp;&nbsp;_double_epilogue
</UL>
<BR>[Called By]<UL><LI><a href="#[93]">&gt;&gt;</a>&nbsp;&nbsp;&nbsp;_fp_digits
</UL>

<P><STRONG><a name="[33]"></a>__aeabi_ddiv</STRONG> (Thumb, 222 bytes, Stack size 32 bytes, ddiv.o(.text), UNUSED)
<BR><BR>[Calls]<UL><LI><a href="#[2f]">&gt;&gt;</a>&nbsp;&nbsp;&nbsp;_double_round
</UL>
<BR>[Called By]<UL><LI><a href="#[93]">&gt;&gt;</a>&nbsp;&nbsp;&nbsp;_fp_digits
</UL>

<P><STRONG><a name="[34]"></a>__aeabi_d2ulz</STRONG> (Thumb, 48 bytes, Stack size 0 bytes, dfixul.o(.text), UNUSED)
<BR><BR>[Calls]<UL><LI><a href="#[2a]">&gt;&gt;</a>&nbsp;&nbsp;&nbsp;__aeabi_llsr
<LI><a href="#[2b]">&gt;&gt;</a>&nbsp;&nbsp;&nbsp;__aeabi_llsl
</UL>
<BR>[Called By]<UL><LI><a href="#[93]">&gt;&gt;</a>&nbsp;&nbsp;&nbsp;_fp_digits
</UL>

<P><STRONG><a name="[94]"></a>__aeabi_cdrcmple</STRONG> (Thumb, 48 bytes, Stack size 0 bytes, cdrcmple.o(.text), UNUSED)
<BR><BR>[Called By]<UL><LI><a href="#[93]">&gt;&gt;</a>&nbsp;&nbsp;&nbsp;_fp_digits
</UL>

<P><STRONG><a name="[20]"></a>__scatterload</STRONG> (Thumb, 38 bytes, Stack size 0 bytes, init.o(.text))
<BR><BR>[Calls]<UL><LI><a href="#[35]">&gt;&gt;</a>&nbsp;&nbsp;&nbsp;__main_after_scatterload
</UL>
<BR>[Called By]<UL><LI><a href="#[1f]">&gt;&gt;</a>&nbsp;&nbsp;&nbsp;_main_scatterload
</UL>

<P><STRONG><a name="[a2]"></a>__scatterload_rt2</STRONG> (Thumb, 0 bytes, Stack size 0 bytes, init.o(.text), UNUSED)

<P><STRONG><a name="[2b]"></a>__aeabi_llsl</STRONG> (Thumb, 30 bytes, Stack size 0 bytes, llshl.o(.text), UNUSED)
<BR><BR>[Called By]<UL><LI><a href="#[2e]">&gt;&gt;</a>&nbsp;&nbsp;&nbsp;_double_epilogue
<LI><a href="#[29]">&gt;&gt;</a>&nbsp;&nbsp;&nbsp;__aeabi_uldivmod
<LI><a href="#[2c]">&gt;&gt;</a>&nbsp;&nbsp;&nbsp;__aeabi_dadd
<LI><a href="#[34]">&gt;&gt;</a>&nbsp;&nbsp;&nbsp;__aeabi_d2ulz
</UL>

<P><STRONG><a name="[a3]"></a>_ll_shift_l</STRONG> (Thumb, 0 bytes, Stack size 0 bytes, llshl.o(.text), UNUSED)

<P><STRONG><a name="[2a]"></a>__aeabi_llsr</STRONG> (Thumb, 32 bytes, Stack size 0 bytes, llushr.o(.text), UNUSED)
<BR><BR>[Called By]<UL><LI><a href="#[2e]">&gt;&gt;</a>&nbsp;&nbsp;&nbsp;_double_epilogue
<LI><a href="#[29]">&gt;&gt;</a>&nbsp;&nbsp;&nbsp;__aeabi_uldivmod
<LI><a href="#[34]">&gt;&gt;</a>&nbsp;&nbsp;&nbsp;__aeabi_d2ulz
</UL>

<P><STRONG><a name="[a4]"></a>_ll_ushift_r</STRONG> (Thumb, 0 bytes, Stack size 0 bytes, llushr.o(.text), UNUSED)

<P><STRONG><a name="[2d]"></a>__aeabi_lasr</STRONG> (Thumb, 36 bytes, Stack size 0 bytes, llsshr.o(.text), UNUSED)
<BR><BR>[Called By]<UL><LI><a href="#[2c]">&gt;&gt;</a>&nbsp;&nbsp;&nbsp;__aeabi_dadd
</UL>

<P><STRONG><a name="[a5]"></a>_ll_sshift_r</STRONG> (Thumb, 0 bytes, Stack size 0 bytes, llsshr.o(.text), UNUSED)

<P><STRONG><a name="[92]"></a>__ARM_scalbnf</STRONG> (Thumb, 24 bytes, Stack size 0 bytes, fscalb.o(.text))
<BR><BR>[Called By]<UL><LI><a href="#[91]">&gt;&gt;</a>&nbsp;&nbsp;&nbsp;__mathlib_flt_underflow
</UL>

<P><STRONG><a name="[a6]"></a>scalbnf</STRONG> (Thumb, 0 bytes, Stack size 0 bytes, fscalb.o(.text), UNUSED)

<P><STRONG><a name="[2f]"></a>_double_round</STRONG> (Thumb, 30 bytes, Stack size 8 bytes, depilogue.o(.text), UNUSED)
<BR><BR>[Called By]<UL><LI><a href="#[2e]">&gt;&gt;</a>&nbsp;&nbsp;&nbsp;_double_epilogue
<LI><a href="#[33]">&gt;&gt;</a>&nbsp;&nbsp;&nbsp;__aeabi_ddiv
<LI><a href="#[2c]">&gt;&gt;</a>&nbsp;&nbsp;&nbsp;__aeabi_dadd
</UL>

<P><STRONG><a name="[2e]"></a>_double_epilogue</STRONG> (Thumb, 156 bytes, Stack size 32 bytes, depilogue.o(.text), UNUSED)
<BR><BR>[Calls]<UL><LI><a href="#[2a]">&gt;&gt;</a>&nbsp;&nbsp;&nbsp;__aeabi_llsr
<LI><a href="#[2b]">&gt;&gt;</a>&nbsp;&nbsp;&nbsp;__aeabi_llsl
<LI><a href="#[2f]">&gt;&gt;</a>&nbsp;&nbsp;&nbsp;_double_round
</UL>
<BR>[Called By]<UL><LI><a href="#[32]">&gt;&gt;</a>&nbsp;&nbsp;&nbsp;__aeabi_dmul
<LI><a href="#[2c]">&gt;&gt;</a>&nbsp;&nbsp;&nbsp;__aeabi_dadd
</UL>

<P><STRONG><a name="[49]"></a>ADC1_GetChResult</STRONG> (Thumb, 120 bytes, Stack size 32 bytes, adc1.o(.text.ADC1_GetChResult))
<BR><BR>[Stack]<UL><LI>Max Depth = 44<LI>Call Chain = ADC1_GetChResult &rArr; u16_Field_Rd32
</UL>
<BR>[Calls]<UL><LI><a href="#[4b]">&gt;&gt;</a>&nbsp;&nbsp;&nbsp;u16_Field_Rd32
<LI><a href="#[4a]">&gt;&gt;</a>&nbsp;&nbsp;&nbsp;u1_Field_Rd32
</UL>
<BR>[Called By]<UL><LI><a href="#[4c]">&gt;&gt;</a>&nbsp;&nbsp;&nbsp;ADC1_GetChResult_mV
</UL>

<P><STRONG><a name="[4c]"></a>ADC1_GetChResult_mV</STRONG> (Thumb, 158 bytes, Stack size 24 bytes, adc1.o(.text.ADC1_GetChResult_mV))
<BR><BR>[Stack]<UL><LI>Max Depth = 68<LI>Call Chain = ADC1_GetChResult_mV &rArr; ADC1_GetChResult &rArr; u16_Field_Rd32
</UL>
<BR>[Calls]<UL><LI><a href="#[49]">&gt;&gt;</a>&nbsp;&nbsp;&nbsp;ADC1_GetChResult
<LI><a href="#[4d]">&gt;&gt;</a>&nbsp;&nbsp;&nbsp;ADC1_VDH_Attenuator_Range_Get
</UL>
<BR>[Called By]<UL><LI><a href="#[55]">&gt;&gt;</a>&nbsp;&nbsp;&nbsp;ADC_SampleAll
</UL>

<P><STRONG><a name="[4e]"></a>ADC1_Init</STRONG> (Thumb, 256 bytes, Stack size 16 bytes, adc1.o(.text.ADC1_Init))
<BR><BR>[Stack]<UL><LI>Max Depth = 48<LI>Call Chain = ADC1_Init &rArr; ADC1_ANON_Set &rArr; Field_Mod32
</UL>
<BR>[Calls]<UL><LI><a href="#[4f]">&gt;&gt;</a>&nbsp;&nbsp;&nbsp;ADC1_Power_On
<LI><a href="#[38]">&gt;&gt;</a>&nbsp;&nbsp;&nbsp;ADC1_ANON_Set
</UL>
<BR>[Called By]<UL><LI><a href="#[7a]">&gt;&gt;</a>&nbsp;&nbsp;&nbsp;TLE_Init
</UL>

<P><STRONG><a name="[7d]"></a>ADC2_Init</STRONG> (Thumb, 2 bytes, Stack size 0 bytes, adc2.o(.text.ADC2_Init))
<BR><BR>[Called By]<UL><LI><a href="#[7a]">&gt;&gt;</a>&nbsp;&nbsp;&nbsp;TLE_Init
</UL>

<P><STRONG><a name="[54]"></a>ADC_Init_SinCos</STRONG> (Thumb, 106 bytes, Stack size 16 bytes, tle987x_adc.o(.text.ADC_Init_SinCos))
<BR><BR>[Stack]<UL><LI>Max Depth = 48<LI>Call Chain = ADC_Init_SinCos &rArr; ADC1_Ch5_Sample_Time_Set &rArr; Field_Mod32
</UL>
<BR>[Calls]<UL><LI><a href="#[52]">&gt;&gt;</a>&nbsp;&nbsp;&nbsp;ADC1_Sequencer_Mode_Sel
<LI><a href="#[47]">&gt;&gt;</a>&nbsp;&nbsp;&nbsp;ADC1_Ch5_WaitForRead_Set
<LI><a href="#[44]">&gt;&gt;</a>&nbsp;&nbsp;&nbsp;ADC1_Ch4_WaitForRead_Set
<LI><a href="#[41]">&gt;&gt;</a>&nbsp;&nbsp;&nbsp;ADC1_Ch2_WaitForRead_Set
<LI><a href="#[3e]">&gt;&gt;</a>&nbsp;&nbsp;&nbsp;ADC1_Ch0_WaitForRead_Set
<LI><a href="#[45]">&gt;&gt;</a>&nbsp;&nbsp;&nbsp;ADC1_Ch5_DataWidth_10bit_Set
<LI><a href="#[42]">&gt;&gt;</a>&nbsp;&nbsp;&nbsp;ADC1_Ch4_DataWidth_10bit_Set
<LI><a href="#[3f]">&gt;&gt;</a>&nbsp;&nbsp;&nbsp;ADC1_Ch2_DataWidth_10bit_Set
<LI><a href="#[3c]">&gt;&gt;</a>&nbsp;&nbsp;&nbsp;ADC1_Ch0_DataWidth_10bit_Set
<LI><a href="#[46]">&gt;&gt;</a>&nbsp;&nbsp;&nbsp;ADC1_Ch5_Sample_Time_Set
<LI><a href="#[43]">&gt;&gt;</a>&nbsp;&nbsp;&nbsp;ADC1_Ch4_Sample_Time_Set
<LI><a href="#[40]">&gt;&gt;</a>&nbsp;&nbsp;&nbsp;ADC1_Ch2_Sample_Time_Set
<LI><a href="#[3d]">&gt;&gt;</a>&nbsp;&nbsp;&nbsp;ADC1_Ch0_Sample_Time_Set
<LI><a href="#[51]">&gt;&gt;</a>&nbsp;&nbsp;&nbsp;ADC1_Sequence0_Set
<LI><a href="#[48]">&gt;&gt;</a>&nbsp;&nbsp;&nbsp;ADC1_DIVA_Set
<LI><a href="#[3a]">&gt;&gt;</a>&nbsp;&nbsp;&nbsp;ADC1_ANON_Sts
<LI><a href="#[36]">&gt;&gt;</a>&nbsp;&nbsp;&nbsp;ADC1_ANON_Set
<LI><a href="#[50]">&gt;&gt;</a>&nbsp;&nbsp;&nbsp;ADC1_Power_On
</UL>
<BR>[Called By]<UL><LI><a href="#[1a]">&gt;&gt;</a>&nbsp;&nbsp;&nbsp;main
</UL>

<P><STRONG><a name="[55]"></a>ADC_SampleAll</STRONG> (Thumb, 96 bytes, Stack size 16 bytes, tle987x_adc.o(.text.ADC_SampleAll))
<BR><BR>[Stack]<UL><LI>Max Depth = 84<LI>Call Chain = ADC_SampleAll &rArr; ADC1_GetChResult_mV &rArr; ADC1_GetChResult &rArr; u16_Field_Rd32
</UL>
<BR>[Calls]<UL><LI><a href="#[4c]">&gt;&gt;</a>&nbsp;&nbsp;&nbsp;ADC1_GetChResult_mV
</UL>
<BR>[Called By]<UL><LI><a href="#[76]">&gt;&gt;</a>&nbsp;&nbsp;&nbsp;TLE5502_GetAngleAndVoltage
</UL>

<P><STRONG><a name="[4]"></a>BusFault_Handler</STRONG> (Thumb, 2 bytes, Stack size 0 bytes, isr.o(.text.BusFault_Handler))
<BR>[Address Reference Count : 1]<UL><LI> startup_tle987x.o(RESET)
</UL>
<P><STRONG><a name="[e]"></a>CCU6SR0_IRQHandler</STRONG> (Thumb, 18 bytes, Stack size 0 bytes, isr.o(.text.CCU6SR0_IRQHandler))
<BR>[Address Reference Count : 1]<UL><LI> startup_tle987x.o(RESET)
</UL>
<P><STRONG><a name="[81]"></a>DMA_Init</STRONG> (Thumb, 32 bytes, Stack size 0 bytes, dma.o(.text.DMA_Init))
<BR><BR>[Called By]<UL><LI><a href="#[7a]">&gt;&gt;</a>&nbsp;&nbsp;&nbsp;TLE_Init
</UL>

<P><STRONG><a name="[56]"></a>Delay_us</STRONG> (Thumb, 254 bytes, Stack size 40 bytes, wdt1.o(.text.Delay_us))
<BR><BR>[Stack]<UL><LI>Max Depth = 40<LI>Call Chain = Delay_us
</UL>
<BR>[Calls]<UL><LI><a href="#[58]">&gt;&gt;</a>&nbsp;&nbsp;&nbsp;SysTick_Value_Get
<LI><a href="#[57]">&gt;&gt;</a>&nbsp;&nbsp;&nbsp;SysTick_ReloadValue_Get
</UL>
<BR>[Called By]<UL><LI><a href="#[1a]">&gt;&gt;</a>&nbsp;&nbsp;&nbsp;main
</UL>

<P><STRONG><a name="[59]"></a>GPIO_TogglePin</STRONG> (Thumb, 28 bytes, Stack size 16 bytes, tle987x_gpio.o(.text.GPIO_TogglePin))
<BR><BR>[Stack]<UL><LI>Max Depth = 24<LI>Call Chain = GPIO_TogglePin &rArr; Field_Inv8
</UL>
<BR>[Calls]<UL><LI><a href="#[5a]">&gt;&gt;</a>&nbsp;&nbsp;&nbsp;Field_Inv8
</UL>
<BR>[Called By]<UL><LI><a href="#[1a]">&gt;&gt;</a>&nbsp;&nbsp;&nbsp;main
</UL>

<P><STRONG><a name="[2]"></a>HardFault_Handler</STRONG> (Thumb, 2 bytes, Stack size 0 bytes, isr.o(.text.HardFault_Handler))
<BR>[Address Reference Count : 1]<UL><LI> startup_tle987x.o(RESET)
</UL>
<P><STRONG><a name="[83]"></a>INT_Init</STRONG> (Thumb, 268 bytes, Stack size 0 bytes, int.o(.text.INT_Init))
<BR><BR>[Called By]<UL><LI><a href="#[7a]">&gt;&gt;</a>&nbsp;&nbsp;&nbsp;TLE_Init
</UL>

<P><STRONG><a name="[7e]"></a>LIN_Init</STRONG> (Thumb, 2 bytes, Stack size 0 bytes, lin.o(.text.LIN_Init))
<BR><BR>[Called By]<UL><LI><a href="#[7a]">&gt;&gt;</a>&nbsp;&nbsp;&nbsp;TLE_Init
</UL>

<P><STRONG><a name="[3]"></a>MemManage_Handler</STRONG> (Thumb, 2 bytes, Stack size 0 bytes, isr.o(.text.MemManage_Handler))
<BR>[Address Reference Count : 1]<UL><LI> startup_tle987x.o(RESET)
</UL>
<P><STRONG><a name="[7c]"></a>PMU_Init</STRONG> (Thumb, 160 bytes, Stack size 0 bytes, pmu.o(.text.PMU_Init))
<BR><BR>[Called By]<UL><LI><a href="#[7a]">&gt;&gt;</a>&nbsp;&nbsp;&nbsp;TLE_Init
</UL>

<P><STRONG><a name="[82]"></a>PORT_Init</STRONG> (Thumb, 266 bytes, Stack size 8 bytes, port.o(.text.PORT_Init))
<BR><BR>[Stack]<UL><LI>Max Depth = 8<LI>Call Chain = PORT_Init
</UL>
<BR>[Called By]<UL><LI><a href="#[7a]">&gt;&gt;</a>&nbsp;&nbsp;&nbsp;TLE_Init
</UL>

<P><STRONG><a name="[69]"></a>SCU_ClkInit</STRONG> (Thumb, 216 bytes, Stack size 32 bytes, scu.o(.text.SCU_ClkInit))
<BR><BR>[Stack]<UL><LI>Max Depth = 80<LI>Call Chain = SCU_ClkInit &rArr; SCU_toggleAPCLK_SET &rArr; SCU_ClosePASSWD &rArr; Field_Wrt8all
</UL>
<BR>[Calls]<UL><LI><a href="#[6d]">&gt;&gt;</a>&nbsp;&nbsp;&nbsp;CMSIS_Irq_En
<LI><a href="#[5f]">&gt;&gt;</a>&nbsp;&nbsp;&nbsp;SCU_ClosePASSWD
<LI><a href="#[5e]">&gt;&gt;</a>&nbsp;&nbsp;&nbsp;SCU_OpenPASSWD
<LI><a href="#[6c]">&gt;&gt;</a>&nbsp;&nbsp;&nbsp;SCU_toggleAPCLK_SET
<LI><a href="#[6b]">&gt;&gt;</a>&nbsp;&nbsp;&nbsp;Field_Wrt8all
<LI><a href="#[66]">&gt;&gt;</a>&nbsp;&nbsp;&nbsp;PLL_setfSYStofPLL
<LI><a href="#[61]">&gt;&gt;</a>&nbsp;&nbsp;&nbsp;PLL_setNormalMode
<LI><a href="#[67]">&gt;&gt;</a>&nbsp;&nbsp;&nbsp;PLL_waitForPllLock
<LI><a href="#[5b]">&gt;&gt;</a>&nbsp;&nbsp;&nbsp;PLL_resetPllLockDetection
<LI><a href="#[64]">&gt;&gt;</a>&nbsp;&nbsp;&nbsp;PLL_setVcoselK2divFromConfigWizard
<LI><a href="#[60]">&gt;&gt;</a>&nbsp;&nbsp;&nbsp;PLL_setNdivFromConfigWizard
<LI><a href="#[62]">&gt;&gt;</a>&nbsp;&nbsp;&nbsp;PLL_setOscTrim
<LI><a href="#[63]">&gt;&gt;</a>&nbsp;&nbsp;&nbsp;PLL_setPrescalerMode
<LI><a href="#[5d]">&gt;&gt;</a>&nbsp;&nbsp;&nbsp;PLL_setK1divToOne
<LI><a href="#[65]">&gt;&gt;</a>&nbsp;&nbsp;&nbsp;PLL_setfSYStoLPCLK
<LI><a href="#[5c]">&gt;&gt;</a>&nbsp;&nbsp;&nbsp;Field_Mod8
<LI><a href="#[6a]">&gt;&gt;</a>&nbsp;&nbsp;&nbsp;CMSIS_Irq_Dis
</UL>
<BR>[Called By]<UL><LI><a href="#[1b]">&gt;&gt;</a>&nbsp;&nbsp;&nbsp;SystemInit
</UL>

<P><STRONG><a name="[7b]"></a>SCU_Init</STRONG> (Thumb, 124 bytes, Stack size 0 bytes, scu.o(.text.SCU_Init))
<BR><BR>[Called By]<UL><LI><a href="#[7a]">&gt;&gt;</a>&nbsp;&nbsp;&nbsp;TLE_Init
</UL>

<P><STRONG><a name="[9]"></a>SysTick_Handler</STRONG> (Thumb, 8 bytes, Stack size 8 bytes, isr.o(.text.SysTick_Handler))
<BR><BR>[Stack]<UL><LI>Max Depth = 8<LI>Call Chain = SysTick_Handler
</UL>
<BR>[Calls]<UL><LI><a href="#[6f]">&gt;&gt;</a>&nbsp;&nbsp;&nbsp;WDT1_Window_Count
</UL>
<BR>[Address Reference Count : 1]<UL><LI> startup_tle987x.o(RESET)
</UL>
<P><STRONG><a name="[70]"></a>SysTick_Init</STRONG> (Thumb, 60 bytes, Stack size 0 bytes, wdt1.o(.text.SysTick_Init))
<BR><BR>[Called By]<UL><LI><a href="#[1b]">&gt;&gt;</a>&nbsp;&nbsp;&nbsp;SystemInit
</UL>

<P><STRONG><a name="[1b]"></a>SystemInit</STRONG> (Thumb, 52 bytes, Stack size 8 bytes, system_tle987x.o(.text.SystemInit))
<BR><BR>[Stack]<UL><LI>Max Depth = 88<LI>Call Chain = SystemInit &rArr; SCU_ClkInit &rArr; SCU_toggleAPCLK_SET &rArr; SCU_ClosePASSWD &rArr; Field_Wrt8all
</UL>
<BR>[Calls]<UL><LI><a href="#[70]">&gt;&gt;</a>&nbsp;&nbsp;&nbsp;SysTick_Init
<LI><a href="#[71]">&gt;&gt;</a>&nbsp;&nbsp;&nbsp;WDT1_Init
<LI><a href="#[69]">&gt;&gt;</a>&nbsp;&nbsp;&nbsp;SCU_ClkInit
</UL>
<BR>[Address Reference Count : 1]<UL><LI> startup_tle987x.o(.text)
</UL>
<P><STRONG><a name="[76]"></a>TLE5502_GetAngleAndVoltage</STRONG> (Thumb, 82 bytes, Stack size 24 bytes, tle5502.o(.text.TLE5502_GetAngleAndVoltage))
<BR><BR>[Stack]<UL><LI>Max Depth = 116<LI>Call Chain = TLE5502_GetAngleAndVoltage &rArr; TLE5502_DecodeAngleDeg &rArr; atan2f &rArr; __mathlib_flt_infnan2 &rArr; __aeabi_fadd &rArr; _float_epilogue
</UL>
<BR>[Calls]<UL><LI><a href="#[72]">&gt;&gt;</a>&nbsp;&nbsp;&nbsp;TLE5502_DecodeAngleDeg
<LI><a href="#[55]">&gt;&gt;</a>&nbsp;&nbsp;&nbsp;ADC_SampleAll
</UL>
<BR>[Called By]<UL><LI><a href="#[1a]">&gt;&gt;</a>&nbsp;&nbsp;&nbsp;main
</UL>

<P><STRONG><a name="[77]"></a>TLE987x_UART_SendVoltageAngleInfo</STRONG> (Thumb, 124 bytes, Stack size 96 bytes, main.o(.text.TLE987x_UART_SendVoltageAngleInfo))
<BR><BR>[Stack]<UL><LI>Max Depth = 120<LI>Call Chain = TLE987x_UART_SendVoltageAngleInfo &rArr; printf
</UL>
<BR>[Calls]<UL><LI><a href="#[79]">&gt;&gt;</a>&nbsp;&nbsp;&nbsp;printf
<LI><a href="#[78]">&gt;&gt;</a>&nbsp;&nbsp;&nbsp;__aeabi_f2d
</UL>
<BR>[Called By]<UL><LI><a href="#[1a]">&gt;&gt;</a>&nbsp;&nbsp;&nbsp;main
</UL>

<P><STRONG><a name="[7a]"></a>TLE_Init</STRONG> (Thumb, 44 bytes, Stack size 8 bytes, tle_device.o(.text.TLE_Init))
<BR><BR>[Stack]<UL><LI>Max Depth = 56<LI>Call Chain = TLE_Init &rArr; ADC1_Init &rArr; ADC1_ANON_Set &rArr; Field_Mod32
</UL>
<BR>[Calls]<UL><LI><a href="#[80]">&gt;&gt;</a>&nbsp;&nbsp;&nbsp;UART2_Init
<LI><a href="#[7f]">&gt;&gt;</a>&nbsp;&nbsp;&nbsp;UART1_Init
<LI><a href="#[7b]">&gt;&gt;</a>&nbsp;&nbsp;&nbsp;SCU_Init
<LI><a href="#[82]">&gt;&gt;</a>&nbsp;&nbsp;&nbsp;PORT_Init
<LI><a href="#[7c]">&gt;&gt;</a>&nbsp;&nbsp;&nbsp;PMU_Init
<LI><a href="#[7e]">&gt;&gt;</a>&nbsp;&nbsp;&nbsp;LIN_Init
<LI><a href="#[83]">&gt;&gt;</a>&nbsp;&nbsp;&nbsp;INT_Init
<LI><a href="#[81]">&gt;&gt;</a>&nbsp;&nbsp;&nbsp;DMA_Init
<LI><a href="#[7d]">&gt;&gt;</a>&nbsp;&nbsp;&nbsp;ADC2_Init
<LI><a href="#[4e]">&gt;&gt;</a>&nbsp;&nbsp;&nbsp;ADC1_Init
</UL>
<BR>[Called By]<UL><LI><a href="#[1a]">&gt;&gt;</a>&nbsp;&nbsp;&nbsp;main
</UL>

<P><STRONG><a name="[7f]"></a>UART1_Init</STRONG> (Thumb, 2 bytes, Stack size 0 bytes, uart.o(.text.UART1_Init))
<BR><BR>[Called By]<UL><LI><a href="#[7a]">&gt;&gt;</a>&nbsp;&nbsp;&nbsp;TLE_Init
</UL>

<P><STRONG><a name="[80]"></a>UART2_Init</STRONG> (Thumb, 66 bytes, Stack size 0 bytes, uart.o(.text.UART2_Init))
<BR><BR>[Called By]<UL><LI><a href="#[7a]">&gt;&gt;</a>&nbsp;&nbsp;&nbsp;TLE_Init
</UL>

<P><STRONG><a name="[5]"></a>UsageFault_Handler</STRONG> (Thumb, 2 bytes, Stack size 0 bytes, isr.o(.text.UsageFault_Handler))
<BR>[Address Reference Count : 1]<UL><LI> startup_tle987x.o(RESET)
</UL>
<P><STRONG><a name="[71]"></a>WDT1_Init</STRONG> (Thumb, 36 bytes, Stack size 0 bytes, wdt1.o(.text.WDT1_Init))
<BR><BR>[Called By]<UL><LI><a href="#[1b]">&gt;&gt;</a>&nbsp;&nbsp;&nbsp;SystemInit
</UL>

<P><STRONG><a name="[8d]"></a>WDT1_SOW_Service</STRONG> (Thumb, 38 bytes, Stack size 4 bytes, wdt1.o(.text.WDT1_SOW_Service))
<BR><BR>[Stack]<UL><LI>Max Depth = 4<LI>Call Chain = WDT1_SOW_Service
</UL>
<BR>[Called By]<UL><LI><a href="#[8b]">&gt;&gt;</a>&nbsp;&nbsp;&nbsp;stdout_putchar
</UL>

<P><STRONG><a name="[8c]"></a>WDT1_Service</STRONG> (Thumb, 96 bytes, Stack size 4 bytes, wdt1.o(.text.WDT1_Service))
<BR><BR>[Stack]<UL><LI>Max Depth = 4<LI>Call Chain = WDT1_Service
</UL>
<BR>[Called By]<UL><LI><a href="#[8b]">&gt;&gt;</a>&nbsp;&nbsp;&nbsp;stdout_putchar
<LI><a href="#[1a]">&gt;&gt;</a>&nbsp;&nbsp;&nbsp;main
</UL>

<P><STRONG><a name="[1e]"></a>fputc</STRONG> (Thumb, 48 bytes, Stack size 24 bytes, retarget_io.o(.text.fputc))
<BR><BR>[Stack]<UL><LI>Max Depth = 80<LI>Call Chain = fputc &rArr; stdout_putchar &rArr; UART2_Send_Byte &rArr; UART2_Buffer_Set &rArr; Field_Wrt8
</UL>
<BR>[Calls]<UL><LI><a href="#[8b]">&gt;&gt;</a>&nbsp;&nbsp;&nbsp;stdout_putchar
</UL>
<BR>[Address Reference Count : 1]<UL><LI> printfa.o(i.__0printf)
</UL>
<P><STRONG><a name="[1a]"></a>main</STRONG> (Thumb, 182 bytes, Stack size 56 bytes, main.o(.text.main))
<BR><BR>[Stack]<UL><LI>Max Depth = 176<LI>Call Chain = main &rArr; TLE987x_UART_SendVoltageAngleInfo &rArr; printf
</UL>
<BR>[Calls]<UL><LI><a href="#[56]">&gt;&gt;</a>&nbsp;&nbsp;&nbsp;Delay_us
<LI><a href="#[59]">&gt;&gt;</a>&nbsp;&nbsp;&nbsp;GPIO_TogglePin
<LI><a href="#[26]">&gt;&gt;</a>&nbsp;&nbsp;&nbsp;__aeabi_fdiv
<LI><a href="#[27]">&gt;&gt;</a>&nbsp;&nbsp;&nbsp;__aeabi_i2f
<LI><a href="#[76]">&gt;&gt;</a>&nbsp;&nbsp;&nbsp;TLE5502_GetAngleAndVoltage
<LI><a href="#[8c]">&gt;&gt;</a>&nbsp;&nbsp;&nbsp;WDT1_Service
<LI><a href="#[54]">&gt;&gt;</a>&nbsp;&nbsp;&nbsp;ADC_Init_SinCos
<LI><a href="#[7a]">&gt;&gt;</a>&nbsp;&nbsp;&nbsp;TLE_Init
<LI><a href="#[77]">&gt;&gt;</a>&nbsp;&nbsp;&nbsp;TLE987x_UART_SendVoltageAngleInfo
</UL>
<BR>[Address Reference Count : 1]<UL><LI> entry9a.o(.ARM.Collect$$$$0000000B)
</UL>
<P><STRONG><a name="[8b]"></a>stdout_putchar</STRONG> (Thumb, 74 bytes, Stack size 16 bytes, uart.o(.text.stdout_putchar))
<BR><BR>[Stack]<UL><LI>Max Depth = 56<LI>Call Chain = stdout_putchar &rArr; UART2_Send_Byte &rArr; UART2_Buffer_Set &rArr; Field_Wrt8
</UL>
<BR>[Calls]<UL><LI><a href="#[8a]">&gt;&gt;</a>&nbsp;&nbsp;&nbsp;UART2_isByteTransmitted
<LI><a href="#[86]">&gt;&gt;</a>&nbsp;&nbsp;&nbsp;UART2_Send_Byte
<LI><a href="#[8d]">&gt;&gt;</a>&nbsp;&nbsp;&nbsp;WDT1_SOW_Service
<LI><a href="#[8c]">&gt;&gt;</a>&nbsp;&nbsp;&nbsp;WDT1_Service
</UL>
<BR>[Called By]<UL><LI><a href="#[1e]">&gt;&gt;</a>&nbsp;&nbsp;&nbsp;fputc
</UL>

<P><STRONG><a name="[8e]"></a>__0printf</STRONG> (Thumb, 22 bytes, Stack size 24 bytes, printfa.o(i.__0printf), UNUSED)
<BR><BR>[Calls]<UL><LI><a href="#[8f]">&gt;&gt;</a>&nbsp;&nbsp;&nbsp;_printf_core
</UL>

<P><STRONG><a name="[a7]"></a>__1printf</STRONG> (Thumb, 0 bytes, Stack size 24 bytes, printfa.o(i.__0printf), UNUSED)

<P><STRONG><a name="[a8]"></a>__2printf</STRONG> (Thumb, 0 bytes, Stack size 24 bytes, printfa.o(i.__0printf), UNUSED)

<P><STRONG><a name="[a9]"></a>__c89printf</STRONG> (Thumb, 0 bytes, Stack size 24 bytes, printfa.o(i.__0printf), UNUSED)

<P><STRONG><a name="[79]"></a>printf</STRONG> (Thumb, 0 bytes, Stack size 24 bytes, printfa.o(i.__0printf))
<BR><BR>[Stack]<UL><LI>Max Depth = 24<LI>Call Chain = printf
</UL>
<BR>[Called By]<UL><LI><a href="#[77]">&gt;&gt;</a>&nbsp;&nbsp;&nbsp;TLE987x_UART_SendVoltageAngleInfo
</UL>

<P><STRONG><a name="[98]"></a>__ARM_fpclassifyf</STRONG> (Thumb, 38 bytes, Stack size 0 bytes, fpclassifyf.o(i.__ARM_fpclassifyf))
<BR><BR>[Called By]<UL><LI><a href="#[73]">&gt;&gt;</a>&nbsp;&nbsp;&nbsp;atan2f
</UL>

<P><STRONG><a name="[90]"></a>__mathlib_flt_infnan2</STRONG> (Thumb, 4 bytes, Stack size 0 bytes, funder.o(i.__mathlib_flt_infnan2))
<BR><BR>[Stack]<UL><LI>Max Depth = 20<LI>Call Chain = __mathlib_flt_infnan2 &rArr; __aeabi_fadd &rArr; _float_epilogue
</UL>
<BR>[Calls]<UL><LI><a href="#[21]">&gt;&gt;</a>&nbsp;&nbsp;&nbsp;__aeabi_fadd
</UL>
<BR>[Called By]<UL><LI><a href="#[73]">&gt;&gt;</a>&nbsp;&nbsp;&nbsp;atan2f
</UL>

<P><STRONG><a name="[91]"></a>__mathlib_flt_underflow</STRONG> (Thumb, 10 bytes, Stack size 0 bytes, funder.o(i.__mathlib_flt_underflow))
<BR><BR>[Calls]<UL><LI><a href="#[92]">&gt;&gt;</a>&nbsp;&nbsp;&nbsp;__ARM_scalbnf
</UL>
<BR>[Called By]<UL><LI><a href="#[73]">&gt;&gt;</a>&nbsp;&nbsp;&nbsp;atan2f
</UL>

<P><STRONG><a name="[aa]"></a>__scatterload_copy</STRONG> (Thumb, 14 bytes, Stack size unknown bytes, handlers.o(i.__scatterload_copy), UNUSED)

<P><STRONG><a name="[ab]"></a>__scatterload_null</STRONG> (Thumb, 2 bytes, Stack size unknown bytes, handlers.o(i.__scatterload_null), UNUSED)

<P><STRONG><a name="[ac]"></a>__scatterload_zeroinit</STRONG> (Thumb, 14 bytes, Stack size unknown bytes, handlers.o(i.__scatterload_zeroinit), UNUSED)

<P><STRONG><a name="[99]"></a>__set_errno</STRONG> (Thumb, 6 bytes, Stack size 0 bytes, errno.o(i.__set_errno))
<BR><BR>[Called By]<UL><LI><a href="#[73]">&gt;&gt;</a>&nbsp;&nbsp;&nbsp;atan2f
</UL>

<P><STRONG><a name="[73]"></a>atan2f</STRONG> (Thumb, 598 bytes, Stack size 32 bytes, atan2f.o(i.atan2f))
<BR><BR>[Stack]<UL><LI>Max Depth = 52<LI>Call Chain = atan2f &rArr; __mathlib_flt_infnan2 &rArr; __aeabi_fadd &rArr; _float_epilogue
</UL>
<BR>[Calls]<UL><LI><a href="#[99]">&gt;&gt;</a>&nbsp;&nbsp;&nbsp;__set_errno
<LI><a href="#[91]">&gt;&gt;</a>&nbsp;&nbsp;&nbsp;__mathlib_flt_underflow
<LI><a href="#[90]">&gt;&gt;</a>&nbsp;&nbsp;&nbsp;__mathlib_flt_infnan2
<LI><a href="#[98]">&gt;&gt;</a>&nbsp;&nbsp;&nbsp;__ARM_fpclassifyf
<LI><a href="#[25]">&gt;&gt;</a>&nbsp;&nbsp;&nbsp;__aeabi_frsub
<LI><a href="#[21]">&gt;&gt;</a>&nbsp;&nbsp;&nbsp;__aeabi_fadd
<LI><a href="#[74]">&gt;&gt;</a>&nbsp;&nbsp;&nbsp;__aeabi_fmul
<LI><a href="#[24]">&gt;&gt;</a>&nbsp;&nbsp;&nbsp;__aeabi_fsub
<LI><a href="#[26]">&gt;&gt;</a>&nbsp;&nbsp;&nbsp;__aeabi_fdiv
</UL>
<BR>[Called By]<UL><LI><a href="#[72]">&gt;&gt;</a>&nbsp;&nbsp;&nbsp;TLE5502_DecodeAngleDeg
</UL>
<P>
<H3>
Local Symbols
</H3>
<P><STRONG><a name="[5a]"></a>Field_Inv8</STRONG> (Thumb, 26 bytes, Stack size 8 bytes, tle987x_gpio.o(.text.Field_Inv8))
<BR><BR>[Stack]<UL><LI>Max Depth = 8<LI>Call Chain = Field_Inv8
</UL>
<BR>[Called By]<UL><LI><a href="#[59]">&gt;&gt;</a>&nbsp;&nbsp;&nbsp;GPIO_TogglePin
</UL>

<P><STRONG><a name="[50]"></a>ADC1_Power_On</STRONG> (Thumb, 18 bytes, Stack size 8 bytes, tle987x_adc.o(.text.ADC1_Power_On))
<BR><BR>[Stack]<UL><LI>Max Depth = 24<LI>Call Chain = ADC1_Power_On &rArr; Field_Mod32
</UL>
<BR>[Calls]<UL><LI><a href="#[37]">&gt;&gt;</a>&nbsp;&nbsp;&nbsp;Field_Mod32
</UL>
<BR>[Called By]<UL><LI><a href="#[54]">&gt;&gt;</a>&nbsp;&nbsp;&nbsp;ADC_Init_SinCos
</UL>

<P><STRONG><a name="[36]"></a>ADC1_ANON_Set</STRONG> (Thumb, 30 bytes, Stack size 16 bytes, tle987x_adc.o(.text.ADC1_ANON_Set))
<BR><BR>[Stack]<UL><LI>Max Depth = 32<LI>Call Chain = ADC1_ANON_Set &rArr; Field_Mod32
</UL>
<BR>[Calls]<UL><LI><a href="#[37]">&gt;&gt;</a>&nbsp;&nbsp;&nbsp;Field_Mod32
</UL>
<BR>[Called By]<UL><LI><a href="#[54]">&gt;&gt;</a>&nbsp;&nbsp;&nbsp;ADC_Init_SinCos
</UL>

<P><STRONG><a name="[3a]"></a>ADC1_ANON_Sts</STRONG> (Thumb, 32 bytes, Stack size 16 bytes, tle987x_adc.o(.text.ADC1_ANON_Sts))
<BR><BR>[Stack]<UL><LI>Max Depth = 28<LI>Call Chain = ADC1_ANON_Sts &rArr; u32_Field_Rd32
</UL>
<BR>[Calls]<UL><LI><a href="#[3b]">&gt;&gt;</a>&nbsp;&nbsp;&nbsp;u32_Field_Rd32
</UL>
<BR>[Called By]<UL><LI><a href="#[54]">&gt;&gt;</a>&nbsp;&nbsp;&nbsp;ADC_Init_SinCos
</UL>

<P><STRONG><a name="[48]"></a>ADC1_DIVA_Set</STRONG> (Thumb, 28 bytes, Stack size 16 bytes, tle987x_adc.o(.text.ADC1_DIVA_Set))
<BR><BR>[Stack]<UL><LI>Max Depth = 32<LI>Call Chain = ADC1_DIVA_Set &rArr; Field_Mod32
</UL>
<BR>[Calls]<UL><LI><a href="#[37]">&gt;&gt;</a>&nbsp;&nbsp;&nbsp;Field_Mod32
</UL>
<BR>[Called By]<UL><LI><a href="#[54]">&gt;&gt;</a>&nbsp;&nbsp;&nbsp;ADC_Init_SinCos
</UL>

<P><STRONG><a name="[51]"></a>ADC1_Sequence0_Set</STRONG> (Thumb, 28 bytes, Stack size 16 bytes, tle987x_adc.o(.text.ADC1_Sequence0_Set))
<BR><BR>[Stack]<UL><LI>Max Depth = 32<LI>Call Chain = ADC1_Sequence0_Set &rArr; Field_Mod32
</UL>
<BR>[Calls]<UL><LI><a href="#[37]">&gt;&gt;</a>&nbsp;&nbsp;&nbsp;Field_Mod32
</UL>
<BR>[Called By]<UL><LI><a href="#[54]">&gt;&gt;</a>&nbsp;&nbsp;&nbsp;ADC_Init_SinCos
</UL>

<P><STRONG><a name="[3d]"></a>ADC1_Ch0_Sample_Time_Set</STRONG> (Thumb, 28 bytes, Stack size 16 bytes, tle987x_adc.o(.text.ADC1_Ch0_Sample_Time_Set))
<BR><BR>[Stack]<UL><LI>Max Depth = 32<LI>Call Chain = ADC1_Ch0_Sample_Time_Set &rArr; Field_Mod32
</UL>
<BR>[Calls]<UL><LI><a href="#[37]">&gt;&gt;</a>&nbsp;&nbsp;&nbsp;Field_Mod32
</UL>
<BR>[Called By]<UL><LI><a href="#[54]">&gt;&gt;</a>&nbsp;&nbsp;&nbsp;ADC_Init_SinCos
</UL>

<P><STRONG><a name="[40]"></a>ADC1_Ch2_Sample_Time_Set</STRONG> (Thumb, 30 bytes, Stack size 16 bytes, tle987x_adc.o(.text.ADC1_Ch2_Sample_Time_Set))
<BR><BR>[Stack]<UL><LI>Max Depth = 32<LI>Call Chain = ADC1_Ch2_Sample_Time_Set &rArr; Field_Mod32
</UL>
<BR>[Calls]<UL><LI><a href="#[37]">&gt;&gt;</a>&nbsp;&nbsp;&nbsp;Field_Mod32
</UL>
<BR>[Called By]<UL><LI><a href="#[54]">&gt;&gt;</a>&nbsp;&nbsp;&nbsp;ADC_Init_SinCos
</UL>

<P><STRONG><a name="[43]"></a>ADC1_Ch4_Sample_Time_Set</STRONG> (Thumb, 28 bytes, Stack size 16 bytes, tle987x_adc.o(.text.ADC1_Ch4_Sample_Time_Set))
<BR><BR>[Stack]<UL><LI>Max Depth = 32<LI>Call Chain = ADC1_Ch4_Sample_Time_Set &rArr; Field_Mod32
</UL>
<BR>[Calls]<UL><LI><a href="#[37]">&gt;&gt;</a>&nbsp;&nbsp;&nbsp;Field_Mod32
</UL>
<BR>[Called By]<UL><LI><a href="#[54]">&gt;&gt;</a>&nbsp;&nbsp;&nbsp;ADC_Init_SinCos
</UL>

<P><STRONG><a name="[46]"></a>ADC1_Ch5_Sample_Time_Set</STRONG> (Thumb, 30 bytes, Stack size 16 bytes, tle987x_adc.o(.text.ADC1_Ch5_Sample_Time_Set))
<BR><BR>[Stack]<UL><LI>Max Depth = 32<LI>Call Chain = ADC1_Ch5_Sample_Time_Set &rArr; Field_Mod32
</UL>
<BR>[Calls]<UL><LI><a href="#[37]">&gt;&gt;</a>&nbsp;&nbsp;&nbsp;Field_Mod32
</UL>
<BR>[Called By]<UL><LI><a href="#[54]">&gt;&gt;</a>&nbsp;&nbsp;&nbsp;ADC_Init_SinCos
</UL>

<P><STRONG><a name="[3c]"></a>ADC1_Ch0_DataWidth_10bit_Set</STRONG> (Thumb, 22 bytes, Stack size 8 bytes, tle987x_adc.o(.text.ADC1_Ch0_DataWidth_10bit_Set))
<BR><BR>[Stack]<UL><LI>Max Depth = 24<LI>Call Chain = ADC1_Ch0_DataWidth_10bit_Set &rArr; Field_Mod32
</UL>
<BR>[Calls]<UL><LI><a href="#[37]">&gt;&gt;</a>&nbsp;&nbsp;&nbsp;Field_Mod32
</UL>
<BR>[Called By]<UL><LI><a href="#[54]">&gt;&gt;</a>&nbsp;&nbsp;&nbsp;ADC_Init_SinCos
</UL>

<P><STRONG><a name="[3f]"></a>ADC1_Ch2_DataWidth_10bit_Set</STRONG> (Thumb, 22 bytes, Stack size 8 bytes, tle987x_adc.o(.text.ADC1_Ch2_DataWidth_10bit_Set))
<BR><BR>[Stack]<UL><LI>Max Depth = 24<LI>Call Chain = ADC1_Ch2_DataWidth_10bit_Set &rArr; Field_Mod32
</UL>
<BR>[Calls]<UL><LI><a href="#[37]">&gt;&gt;</a>&nbsp;&nbsp;&nbsp;Field_Mod32
</UL>
<BR>[Called By]<UL><LI><a href="#[54]">&gt;&gt;</a>&nbsp;&nbsp;&nbsp;ADC_Init_SinCos
</UL>

<P><STRONG><a name="[42]"></a>ADC1_Ch4_DataWidth_10bit_Set</STRONG> (Thumb, 22 bytes, Stack size 8 bytes, tle987x_adc.o(.text.ADC1_Ch4_DataWidth_10bit_Set))
<BR><BR>[Stack]<UL><LI>Max Depth = 24<LI>Call Chain = ADC1_Ch4_DataWidth_10bit_Set &rArr; Field_Mod32
</UL>
<BR>[Calls]<UL><LI><a href="#[37]">&gt;&gt;</a>&nbsp;&nbsp;&nbsp;Field_Mod32
</UL>
<BR>[Called By]<UL><LI><a href="#[54]">&gt;&gt;</a>&nbsp;&nbsp;&nbsp;ADC_Init_SinCos
</UL>

<P><STRONG><a name="[45]"></a>ADC1_Ch5_DataWidth_10bit_Set</STRONG> (Thumb, 22 bytes, Stack size 8 bytes, tle987x_adc.o(.text.ADC1_Ch5_DataWidth_10bit_Set))
<BR><BR>[Stack]<UL><LI>Max Depth = 24<LI>Call Chain = ADC1_Ch5_DataWidth_10bit_Set &rArr; Field_Mod32
</UL>
<BR>[Calls]<UL><LI><a href="#[37]">&gt;&gt;</a>&nbsp;&nbsp;&nbsp;Field_Mod32
</UL>
<BR>[Called By]<UL><LI><a href="#[54]">&gt;&gt;</a>&nbsp;&nbsp;&nbsp;ADC_Init_SinCos
</UL>

<P><STRONG><a name="[3e]"></a>ADC1_Ch0_WaitForRead_Set</STRONG> (Thumb, 24 bytes, Stack size 8 bytes, tle987x_adc.o(.text.ADC1_Ch0_WaitForRead_Set))
<BR><BR>[Stack]<UL><LI>Max Depth = 24<LI>Call Chain = ADC1_Ch0_WaitForRead_Set &rArr; Field_Mod32
</UL>
<BR>[Calls]<UL><LI><a href="#[37]">&gt;&gt;</a>&nbsp;&nbsp;&nbsp;Field_Mod32
</UL>
<BR>[Called By]<UL><LI><a href="#[54]">&gt;&gt;</a>&nbsp;&nbsp;&nbsp;ADC_Init_SinCos
</UL>

<P><STRONG><a name="[41]"></a>ADC1_Ch2_WaitForRead_Set</STRONG> (Thumb, 24 bytes, Stack size 8 bytes, tle987x_adc.o(.text.ADC1_Ch2_WaitForRead_Set))
<BR><BR>[Stack]<UL><LI>Max Depth = 24<LI>Call Chain = ADC1_Ch2_WaitForRead_Set &rArr; Field_Mod32
</UL>
<BR>[Calls]<UL><LI><a href="#[37]">&gt;&gt;</a>&nbsp;&nbsp;&nbsp;Field_Mod32
</UL>
<BR>[Called By]<UL><LI><a href="#[54]">&gt;&gt;</a>&nbsp;&nbsp;&nbsp;ADC_Init_SinCos
</UL>

<P><STRONG><a name="[44]"></a>ADC1_Ch4_WaitForRead_Set</STRONG> (Thumb, 24 bytes, Stack size 8 bytes, tle987x_adc.o(.text.ADC1_Ch4_WaitForRead_Set))
<BR><BR>[Stack]<UL><LI>Max Depth = 24<LI>Call Chain = ADC1_Ch4_WaitForRead_Set &rArr; Field_Mod32
</UL>
<BR>[Calls]<UL><LI><a href="#[37]">&gt;&gt;</a>&nbsp;&nbsp;&nbsp;Field_Mod32
</UL>
<BR>[Called By]<UL><LI><a href="#[54]">&gt;&gt;</a>&nbsp;&nbsp;&nbsp;ADC_Init_SinCos
</UL>

<P><STRONG><a name="[47]"></a>ADC1_Ch5_WaitForRead_Set</STRONG> (Thumb, 24 bytes, Stack size 8 bytes, tle987x_adc.o(.text.ADC1_Ch5_WaitForRead_Set))
<BR><BR>[Stack]<UL><LI>Max Depth = 24<LI>Call Chain = ADC1_Ch5_WaitForRead_Set &rArr; Field_Mod32
</UL>
<BR>[Calls]<UL><LI><a href="#[37]">&gt;&gt;</a>&nbsp;&nbsp;&nbsp;Field_Mod32
</UL>
<BR>[Called By]<UL><LI><a href="#[54]">&gt;&gt;</a>&nbsp;&nbsp;&nbsp;ADC_Init_SinCos
</UL>

<P><STRONG><a name="[52]"></a>ADC1_Sequencer_Mode_Sel</STRONG> (Thumb, 24 bytes, Stack size 8 bytes, tle987x_adc.o(.text.ADC1_Sequencer_Mode_Sel))
<BR><BR>[Stack]<UL><LI>Max Depth = 24<LI>Call Chain = ADC1_Sequencer_Mode_Sel &rArr; Field_Mod32
</UL>
<BR>[Calls]<UL><LI><a href="#[37]">&gt;&gt;</a>&nbsp;&nbsp;&nbsp;Field_Mod32
</UL>
<BR>[Called By]<UL><LI><a href="#[54]">&gt;&gt;</a>&nbsp;&nbsp;&nbsp;ADC_Init_SinCos
</UL>

<P><STRONG><a name="[37]"></a>Field_Mod32</STRONG> (Thumb, 36 bytes, Stack size 16 bytes, tle987x_adc.o(.text.Field_Mod32))
<BR><BR>[Stack]<UL><LI>Max Depth = 16<LI>Call Chain = Field_Mod32
</UL>
<BR>[Called By]<UL><LI><a href="#[52]">&gt;&gt;</a>&nbsp;&nbsp;&nbsp;ADC1_Sequencer_Mode_Sel
<LI><a href="#[47]">&gt;&gt;</a>&nbsp;&nbsp;&nbsp;ADC1_Ch5_WaitForRead_Set
<LI><a href="#[44]">&gt;&gt;</a>&nbsp;&nbsp;&nbsp;ADC1_Ch4_WaitForRead_Set
<LI><a href="#[41]">&gt;&gt;</a>&nbsp;&nbsp;&nbsp;ADC1_Ch2_WaitForRead_Set
<LI><a href="#[3e]">&gt;&gt;</a>&nbsp;&nbsp;&nbsp;ADC1_Ch0_WaitForRead_Set
<LI><a href="#[45]">&gt;&gt;</a>&nbsp;&nbsp;&nbsp;ADC1_Ch5_DataWidth_10bit_Set
<LI><a href="#[42]">&gt;&gt;</a>&nbsp;&nbsp;&nbsp;ADC1_Ch4_DataWidth_10bit_Set
<LI><a href="#[3f]">&gt;&gt;</a>&nbsp;&nbsp;&nbsp;ADC1_Ch2_DataWidth_10bit_Set
<LI><a href="#[3c]">&gt;&gt;</a>&nbsp;&nbsp;&nbsp;ADC1_Ch0_DataWidth_10bit_Set
<LI><a href="#[46]">&gt;&gt;</a>&nbsp;&nbsp;&nbsp;ADC1_Ch5_Sample_Time_Set
<LI><a href="#[43]">&gt;&gt;</a>&nbsp;&nbsp;&nbsp;ADC1_Ch4_Sample_Time_Set
<LI><a href="#[40]">&gt;&gt;</a>&nbsp;&nbsp;&nbsp;ADC1_Ch2_Sample_Time_Set
<LI><a href="#[3d]">&gt;&gt;</a>&nbsp;&nbsp;&nbsp;ADC1_Ch0_Sample_Time_Set
<LI><a href="#[51]">&gt;&gt;</a>&nbsp;&nbsp;&nbsp;ADC1_Sequence0_Set
<LI><a href="#[48]">&gt;&gt;</a>&nbsp;&nbsp;&nbsp;ADC1_DIVA_Set
<LI><a href="#[36]">&gt;&gt;</a>&nbsp;&nbsp;&nbsp;ADC1_ANON_Set
<LI><a href="#[50]">&gt;&gt;</a>&nbsp;&nbsp;&nbsp;ADC1_Power_On
</UL>

<P><STRONG><a name="[3b]"></a>u32_Field_Rd32</STRONG> (Thumb, 24 bytes, Stack size 12 bytes, tle987x_adc.o(.text.u32_Field_Rd32))
<BR><BR>[Stack]<UL><LI>Max Depth = 12<LI>Call Chain = u32_Field_Rd32
</UL>
<BR>[Called By]<UL><LI><a href="#[3a]">&gt;&gt;</a>&nbsp;&nbsp;&nbsp;ADC1_ANON_Sts
</UL>

<P><STRONG><a name="[72]"></a>TLE5502_DecodeAngleDeg</STRONG> (Thumb, 136 bytes, Stack size 40 bytes, tle5502.o(.text.TLE5502_DecodeAngleDeg))
<BR><BR>[Stack]<UL><LI>Max Depth = 92<LI>Call Chain = TLE5502_DecodeAngleDeg &rArr; atan2f &rArr; __mathlib_flt_infnan2 &rArr; __aeabi_fadd &rArr; _float_epilogue
</UL>
<BR>[Calls]<UL><LI><a href="#[73]">&gt;&gt;</a>&nbsp;&nbsp;&nbsp;atan2f
<LI><a href="#[21]">&gt;&gt;</a>&nbsp;&nbsp;&nbsp;__aeabi_fadd
<LI><a href="#[75]">&gt;&gt;</a>&nbsp;&nbsp;&nbsp;__aeabi_fcmpge
<LI><a href="#[74]">&gt;&gt;</a>&nbsp;&nbsp;&nbsp;__aeabi_fmul
<LI><a href="#[24]">&gt;&gt;</a>&nbsp;&nbsp;&nbsp;__aeabi_fsub
<LI><a href="#[28]">&gt;&gt;</a>&nbsp;&nbsp;&nbsp;__aeabi_ui2f
</UL>
<BR>[Called By]<UL><LI><a href="#[76]">&gt;&gt;</a>&nbsp;&nbsp;&nbsp;TLE5502_GetAngleAndVoltage
</UL>

<P><STRONG><a name="[38]"></a>ADC1_ANON_Set</STRONG> (Thumb, 30 bytes, Stack size 16 bytes, adc1.o(.text.ADC1_ANON_Set))
<BR><BR>[Stack]<UL><LI>Max Depth = 32<LI>Call Chain = ADC1_ANON_Set &rArr; Field_Mod32
</UL>
<BR>[Calls]<UL><LI><a href="#[39]">&gt;&gt;</a>&nbsp;&nbsp;&nbsp;Field_Mod32
</UL>
<BR>[Called By]<UL><LI><a href="#[4e]">&gt;&gt;</a>&nbsp;&nbsp;&nbsp;ADC1_Init
</UL>

<P><STRONG><a name="[4f]"></a>ADC1_Power_On</STRONG> (Thumb, 18 bytes, Stack size 8 bytes, adc1.o(.text.ADC1_Power_On))
<BR><BR>[Stack]<UL><LI>Max Depth = 24<LI>Call Chain = ADC1_Power_On &rArr; Field_Mod32
</UL>
<BR>[Calls]<UL><LI><a href="#[39]">&gt;&gt;</a>&nbsp;&nbsp;&nbsp;Field_Mod32
</UL>
<BR>[Called By]<UL><LI><a href="#[4e]">&gt;&gt;</a>&nbsp;&nbsp;&nbsp;ADC1_Init
</UL>

<P><STRONG><a name="[39]"></a>Field_Mod32</STRONG> (Thumb, 36 bytes, Stack size 16 bytes, adc1.o(.text.Field_Mod32))
<BR><BR>[Stack]<UL><LI>Max Depth = 16<LI>Call Chain = Field_Mod32
</UL>
<BR>[Called By]<UL><LI><a href="#[4f]">&gt;&gt;</a>&nbsp;&nbsp;&nbsp;ADC1_Power_On
<LI><a href="#[38]">&gt;&gt;</a>&nbsp;&nbsp;&nbsp;ADC1_ANON_Set
</UL>

<P><STRONG><a name="[4a]"></a>u1_Field_Rd32</STRONG> (Thumb, 28 bytes, Stack size 12 bytes, adc1.o(.text.u1_Field_Rd32))
<BR><BR>[Stack]<UL><LI>Max Depth = 12<LI>Call Chain = u1_Field_Rd32
</UL>
<BR>[Called By]<UL><LI><a href="#[49]">&gt;&gt;</a>&nbsp;&nbsp;&nbsp;ADC1_GetChResult
</UL>

<P><STRONG><a name="[4b]"></a>u16_Field_Rd32</STRONG> (Thumb, 26 bytes, Stack size 12 bytes, adc1.o(.text.u16_Field_Rd32))
<BR><BR>[Stack]<UL><LI>Max Depth = 12<LI>Call Chain = u16_Field_Rd32
</UL>
<BR>[Called By]<UL><LI><a href="#[49]">&gt;&gt;</a>&nbsp;&nbsp;&nbsp;ADC1_GetChResult
</UL>

<P><STRONG><a name="[4d]"></a>ADC1_VDH_Attenuator_Range_Get</STRONG> (Thumb, 20 bytes, Stack size 8 bytes, adc1.o(.text.ADC1_VDH_Attenuator_Range_Get))
<BR><BR>[Stack]<UL><LI>Max Depth = 20<LI>Call Chain = ADC1_VDH_Attenuator_Range_Get &rArr; u8_Field_Rd32
</UL>
<BR>[Calls]<UL><LI><a href="#[53]">&gt;&gt;</a>&nbsp;&nbsp;&nbsp;u8_Field_Rd32
</UL>
<BR>[Called By]<UL><LI><a href="#[4c]">&gt;&gt;</a>&nbsp;&nbsp;&nbsp;ADC1_GetChResult_mV
</UL>

<P><STRONG><a name="[53]"></a>u8_Field_Rd32</STRONG> (Thumb, 26 bytes, Stack size 12 bytes, adc1.o(.text.u8_Field_Rd32))
<BR><BR>[Stack]<UL><LI>Max Depth = 12<LI>Call Chain = u8_Field_Rd32
</UL>
<BR>[Called By]<UL><LI><a href="#[4d]">&gt;&gt;</a>&nbsp;&nbsp;&nbsp;ADC1_VDH_Attenuator_Range_Get
</UL>

<P><STRONG><a name="[6f]"></a>WDT1_Window_Count</STRONG> (Thumb, 16 bytes, Stack size 0 bytes, isr.o(.text.WDT1_Window_Count))
<BR><BR>[Called By]<UL><LI><a href="#[9]">&gt;&gt;</a>&nbsp;&nbsp;&nbsp;SysTick_Handler
</UL>

<P><STRONG><a name="[6a]"></a>CMSIS_Irq_Dis</STRONG> (Thumb, 4 bytes, Stack size 0 bytes, scu.o(.text.CMSIS_Irq_Dis))
<BR><BR>[Called By]<UL><LI><a href="#[69]">&gt;&gt;</a>&nbsp;&nbsp;&nbsp;SCU_ClkInit
</UL>

<P><STRONG><a name="[5c]"></a>Field_Mod8</STRONG> (Thumb, 48 bytes, Stack size 8 bytes, scu.o(.text.Field_Mod8))
<BR><BR>[Stack]<UL><LI>Max Depth = 8<LI>Call Chain = Field_Mod8
</UL>
<BR>[Called By]<UL><LI><a href="#[69]">&gt;&gt;</a>&nbsp;&nbsp;&nbsp;SCU_ClkInit
<LI><a href="#[6c]">&gt;&gt;</a>&nbsp;&nbsp;&nbsp;SCU_toggleAPCLK_SET
<LI><a href="#[66]">&gt;&gt;</a>&nbsp;&nbsp;&nbsp;PLL_setfSYStofPLL
<LI><a href="#[61]">&gt;&gt;</a>&nbsp;&nbsp;&nbsp;PLL_setNormalMode
<LI><a href="#[5b]">&gt;&gt;</a>&nbsp;&nbsp;&nbsp;PLL_resetPllLockDetection
<LI><a href="#[62]">&gt;&gt;</a>&nbsp;&nbsp;&nbsp;PLL_setOscTrim
<LI><a href="#[63]">&gt;&gt;</a>&nbsp;&nbsp;&nbsp;PLL_setPrescalerMode
<LI><a href="#[5d]">&gt;&gt;</a>&nbsp;&nbsp;&nbsp;PLL_setK1divToOne
<LI><a href="#[65]">&gt;&gt;</a>&nbsp;&nbsp;&nbsp;PLL_setfSYStoLPCLK
</UL>

<P><STRONG><a name="[65]"></a>PLL_setfSYStoLPCLK</STRONG> (Thumb, 54 bytes, Stack size 16 bytes, scu.o(.text.PLL_setfSYStoLPCLK))
<BR><BR>[Stack]<UL><LI>Max Depth = 32<LI>Call Chain = PLL_setfSYStoLPCLK &rArr; SCU_ClosePASSWD &rArr; Field_Wrt8all
</UL>
<BR>[Calls]<UL><LI><a href="#[5f]">&gt;&gt;</a>&nbsp;&nbsp;&nbsp;SCU_ClosePASSWD
<LI><a href="#[5e]">&gt;&gt;</a>&nbsp;&nbsp;&nbsp;SCU_OpenPASSWD
<LI><a href="#[5c]">&gt;&gt;</a>&nbsp;&nbsp;&nbsp;Field_Mod8
</UL>
<BR>[Called By]<UL><LI><a href="#[69]">&gt;&gt;</a>&nbsp;&nbsp;&nbsp;SCU_ClkInit
</UL>

<P><STRONG><a name="[5d]"></a>PLL_setK1divToOne</STRONG> (Thumb, 54 bytes, Stack size 16 bytes, scu.o(.text.PLL_setK1divToOne))
<BR><BR>[Stack]<UL><LI>Max Depth = 32<LI>Call Chain = PLL_setK1divToOne &rArr; SCU_ClosePASSWD &rArr; Field_Wrt8all
</UL>
<BR>[Calls]<UL><LI><a href="#[5f]">&gt;&gt;</a>&nbsp;&nbsp;&nbsp;SCU_ClosePASSWD
<LI><a href="#[5e]">&gt;&gt;</a>&nbsp;&nbsp;&nbsp;SCU_OpenPASSWD
<LI><a href="#[5c]">&gt;&gt;</a>&nbsp;&nbsp;&nbsp;Field_Mod8
</UL>
<BR>[Called By]<UL><LI><a href="#[69]">&gt;&gt;</a>&nbsp;&nbsp;&nbsp;SCU_ClkInit
</UL>

<P><STRONG><a name="[63]"></a>PLL_setPrescalerMode</STRONG> (Thumb, 22 bytes, Stack size 8 bytes, scu.o(.text.PLL_setPrescalerMode))
<BR><BR>[Stack]<UL><LI>Max Depth = 16<LI>Call Chain = PLL_setPrescalerMode &rArr; Field_Mod8
</UL>
<BR>[Calls]<UL><LI><a href="#[5c]">&gt;&gt;</a>&nbsp;&nbsp;&nbsp;Field_Mod8
</UL>
<BR>[Called By]<UL><LI><a href="#[69]">&gt;&gt;</a>&nbsp;&nbsp;&nbsp;SCU_ClkInit
</UL>

<P><STRONG><a name="[62]"></a>PLL_setOscTrim</STRONG> (Thumb, 66 bytes, Stack size 16 bytes, scu.o(.text.PLL_setOscTrim))
<BR><BR>[Stack]<UL><LI>Max Depth = 32<LI>Call Chain = PLL_setOscTrim &rArr; SCU_ClosePASSWD &rArr; Field_Wrt8all
</UL>
<BR>[Calls]<UL><LI><a href="#[5f]">&gt;&gt;</a>&nbsp;&nbsp;&nbsp;SCU_ClosePASSWD
<LI><a href="#[5e]">&gt;&gt;</a>&nbsp;&nbsp;&nbsp;SCU_OpenPASSWD
<LI><a href="#[5c]">&gt;&gt;</a>&nbsp;&nbsp;&nbsp;Field_Mod8
</UL>
<BR>[Called By]<UL><LI><a href="#[69]">&gt;&gt;</a>&nbsp;&nbsp;&nbsp;SCU_ClkInit
</UL>

<P><STRONG><a name="[60]"></a>PLL_setNdivFromConfigWizard</STRONG> (Thumb, 64 bytes, Stack size 16 bytes, scu.o(.text.PLL_setNdivFromConfigWizard))
<BR><BR>[Stack]<UL><LI>Max Depth = 32<LI>Call Chain = PLL_setNdivFromConfigWizard &rArr; SCU_ClosePASSWD &rArr; Field_Wrt8all
</UL>
<BR>[Calls]<UL><LI><a href="#[5f]">&gt;&gt;</a>&nbsp;&nbsp;&nbsp;SCU_ClosePASSWD
<LI><a href="#[5e]">&gt;&gt;</a>&nbsp;&nbsp;&nbsp;SCU_OpenPASSWD
</UL>
<BR>[Called By]<UL><LI><a href="#[69]">&gt;&gt;</a>&nbsp;&nbsp;&nbsp;SCU_ClkInit
</UL>

<P><STRONG><a name="[64]"></a>PLL_setVcoselK2divFromConfigWizard</STRONG> (Thumb, 24 bytes, Stack size 8 bytes, scu.o(.text.PLL_setVcoselK2divFromConfigWizard))
<BR><BR>[Stack]<UL><LI>Max Depth = 24<LI>Call Chain = PLL_setVcoselK2divFromConfigWizard &rArr; SCU_ClosePASSWD &rArr; Field_Wrt8all
</UL>
<BR>[Calls]<UL><LI><a href="#[5f]">&gt;&gt;</a>&nbsp;&nbsp;&nbsp;SCU_ClosePASSWD
<LI><a href="#[5e]">&gt;&gt;</a>&nbsp;&nbsp;&nbsp;SCU_OpenPASSWD
</UL>
<BR>[Called By]<UL><LI><a href="#[69]">&gt;&gt;</a>&nbsp;&nbsp;&nbsp;SCU_ClkInit
</UL>

<P><STRONG><a name="[5b]"></a>PLL_resetPllLockDetection</STRONG> (Thumb, 22 bytes, Stack size 8 bytes, scu.o(.text.PLL_resetPllLockDetection))
<BR><BR>[Stack]<UL><LI>Max Depth = 16<LI>Call Chain = PLL_resetPllLockDetection &rArr; Field_Mod8
</UL>
<BR>[Calls]<UL><LI><a href="#[5c]">&gt;&gt;</a>&nbsp;&nbsp;&nbsp;Field_Mod8
</UL>
<BR>[Called By]<UL><LI><a href="#[69]">&gt;&gt;</a>&nbsp;&nbsp;&nbsp;SCU_ClkInit
</UL>

<P><STRONG><a name="[67]"></a>PLL_waitForPllLock</STRONG> (Thumb, 28 bytes, Stack size 8 bytes, scu.o(.text.PLL_waitForPllLock))
<BR><BR>[Stack]<UL><LI>Max Depth = 16<LI>Call Chain = PLL_waitForPllLock &rArr; u1_Field_Rd8
</UL>
<BR>[Calls]<UL><LI><a href="#[68]">&gt;&gt;</a>&nbsp;&nbsp;&nbsp;u1_Field_Rd8
</UL>
<BR>[Called By]<UL><LI><a href="#[69]">&gt;&gt;</a>&nbsp;&nbsp;&nbsp;SCU_ClkInit
</UL>

<P><STRONG><a name="[61]"></a>PLL_setNormalMode</STRONG> (Thumb, 22 bytes, Stack size 8 bytes, scu.o(.text.PLL_setNormalMode))
<BR><BR>[Stack]<UL><LI>Max Depth = 16<LI>Call Chain = PLL_setNormalMode &rArr; Field_Mod8
</UL>
<BR>[Calls]<UL><LI><a href="#[5c]">&gt;&gt;</a>&nbsp;&nbsp;&nbsp;Field_Mod8
</UL>
<BR>[Called By]<UL><LI><a href="#[69]">&gt;&gt;</a>&nbsp;&nbsp;&nbsp;SCU_ClkInit
</UL>

<P><STRONG><a name="[66]"></a>PLL_setfSYStofPLL</STRONG> (Thumb, 54 bytes, Stack size 16 bytes, scu.o(.text.PLL_setfSYStofPLL))
<BR><BR>[Stack]<UL><LI>Max Depth = 32<LI>Call Chain = PLL_setfSYStofPLL &rArr; SCU_ClosePASSWD &rArr; Field_Wrt8all
</UL>
<BR>[Calls]<UL><LI><a href="#[5f]">&gt;&gt;</a>&nbsp;&nbsp;&nbsp;SCU_ClosePASSWD
<LI><a href="#[5e]">&gt;&gt;</a>&nbsp;&nbsp;&nbsp;SCU_OpenPASSWD
<LI><a href="#[5c]">&gt;&gt;</a>&nbsp;&nbsp;&nbsp;Field_Mod8
</UL>
<BR>[Called By]<UL><LI><a href="#[69]">&gt;&gt;</a>&nbsp;&nbsp;&nbsp;SCU_ClkInit
</UL>

<P><STRONG><a name="[6b]"></a>Field_Wrt8all</STRONG> (Thumb, 20 bytes, Stack size 8 bytes, scu.o(.text.Field_Wrt8all))
<BR><BR>[Stack]<UL><LI>Max Depth = 8<LI>Call Chain = Field_Wrt8all
</UL>
<BR>[Called By]<UL><LI><a href="#[69]">&gt;&gt;</a>&nbsp;&nbsp;&nbsp;SCU_ClkInit
<LI><a href="#[5f]">&gt;&gt;</a>&nbsp;&nbsp;&nbsp;SCU_ClosePASSWD
<LI><a href="#[5e]">&gt;&gt;</a>&nbsp;&nbsp;&nbsp;SCU_OpenPASSWD
</UL>

<P><STRONG><a name="[6c]"></a>SCU_toggleAPCLK_SET</STRONG> (Thumb, 92 bytes, Stack size 32 bytes, scu.o(.text.SCU_toggleAPCLK_SET))
<BR><BR>[Stack]<UL><LI>Max Depth = 48<LI>Call Chain = SCU_toggleAPCLK_SET &rArr; SCU_ClosePASSWD &rArr; Field_Wrt8all
</UL>
<BR>[Calls]<UL><LI><a href="#[6e]">&gt;&gt;</a>&nbsp;&nbsp;&nbsp;CMSIS_NOP
<LI><a href="#[5f]">&gt;&gt;</a>&nbsp;&nbsp;&nbsp;SCU_ClosePASSWD
<LI><a href="#[5e]">&gt;&gt;</a>&nbsp;&nbsp;&nbsp;SCU_OpenPASSWD
<LI><a href="#[5c]">&gt;&gt;</a>&nbsp;&nbsp;&nbsp;Field_Mod8
</UL>
<BR>[Called By]<UL><LI><a href="#[69]">&gt;&gt;</a>&nbsp;&nbsp;&nbsp;SCU_ClkInit
</UL>

<P><STRONG><a name="[5e]"></a>SCU_OpenPASSWD</STRONG> (Thumb, 18 bytes, Stack size 8 bytes, scu.o(.text.SCU_OpenPASSWD))
<BR><BR>[Stack]<UL><LI>Max Depth = 16<LI>Call Chain = SCU_OpenPASSWD &rArr; Field_Wrt8all
</UL>
<BR>[Calls]<UL><LI><a href="#[6b]">&gt;&gt;</a>&nbsp;&nbsp;&nbsp;Field_Wrt8all
</UL>
<BR>[Called By]<UL><LI><a href="#[69]">&gt;&gt;</a>&nbsp;&nbsp;&nbsp;SCU_ClkInit
<LI><a href="#[6c]">&gt;&gt;</a>&nbsp;&nbsp;&nbsp;SCU_toggleAPCLK_SET
<LI><a href="#[66]">&gt;&gt;</a>&nbsp;&nbsp;&nbsp;PLL_setfSYStofPLL
<LI><a href="#[64]">&gt;&gt;</a>&nbsp;&nbsp;&nbsp;PLL_setVcoselK2divFromConfigWizard
<LI><a href="#[60]">&gt;&gt;</a>&nbsp;&nbsp;&nbsp;PLL_setNdivFromConfigWizard
<LI><a href="#[62]">&gt;&gt;</a>&nbsp;&nbsp;&nbsp;PLL_setOscTrim
<LI><a href="#[5d]">&gt;&gt;</a>&nbsp;&nbsp;&nbsp;PLL_setK1divToOne
<LI><a href="#[65]">&gt;&gt;</a>&nbsp;&nbsp;&nbsp;PLL_setfSYStoLPCLK
</UL>

<P><STRONG><a name="[5f]"></a>SCU_ClosePASSWD</STRONG> (Thumb, 18 bytes, Stack size 8 bytes, scu.o(.text.SCU_ClosePASSWD))
<BR><BR>[Stack]<UL><LI>Max Depth = 16<LI>Call Chain = SCU_ClosePASSWD &rArr; Field_Wrt8all
</UL>
<BR>[Calls]<UL><LI><a href="#[6b]">&gt;&gt;</a>&nbsp;&nbsp;&nbsp;Field_Wrt8all
</UL>
<BR>[Called By]<UL><LI><a href="#[69]">&gt;&gt;</a>&nbsp;&nbsp;&nbsp;SCU_ClkInit
<LI><a href="#[6c]">&gt;&gt;</a>&nbsp;&nbsp;&nbsp;SCU_toggleAPCLK_SET
<LI><a href="#[66]">&gt;&gt;</a>&nbsp;&nbsp;&nbsp;PLL_setfSYStofPLL
<LI><a href="#[64]">&gt;&gt;</a>&nbsp;&nbsp;&nbsp;PLL_setVcoselK2divFromConfigWizard
<LI><a href="#[60]">&gt;&gt;</a>&nbsp;&nbsp;&nbsp;PLL_setNdivFromConfigWizard
<LI><a href="#[62]">&gt;&gt;</a>&nbsp;&nbsp;&nbsp;PLL_setOscTrim
<LI><a href="#[5d]">&gt;&gt;</a>&nbsp;&nbsp;&nbsp;PLL_setK1divToOne
<LI><a href="#[65]">&gt;&gt;</a>&nbsp;&nbsp;&nbsp;PLL_setfSYStoLPCLK
</UL>

<P><STRONG><a name="[6d]"></a>CMSIS_Irq_En</STRONG> (Thumb, 4 bytes, Stack size 0 bytes, scu.o(.text.CMSIS_Irq_En))
<BR><BR>[Called By]<UL><LI><a href="#[69]">&gt;&gt;</a>&nbsp;&nbsp;&nbsp;SCU_ClkInit
</UL>

<P><STRONG><a name="[68]"></a>u1_Field_Rd8</STRONG> (Thumb, 38 bytes, Stack size 8 bytes, scu.o(.text.u1_Field_Rd8))
<BR><BR>[Stack]<UL><LI>Max Depth = 8<LI>Call Chain = u1_Field_Rd8
</UL>
<BR>[Called By]<UL><LI><a href="#[67]">&gt;&gt;</a>&nbsp;&nbsp;&nbsp;PLL_waitForPllLock
</UL>

<P><STRONG><a name="[6e]"></a>CMSIS_NOP</STRONG> (Thumb, 4 bytes, Stack size 0 bytes, scu.o(.text.CMSIS_NOP))
<BR><BR>[Called By]<UL><LI><a href="#[6c]">&gt;&gt;</a>&nbsp;&nbsp;&nbsp;SCU_toggleAPCLK_SET
</UL>

<P><STRONG><a name="[6]"></a>SVC_Handler</STRONG> (Thumb, 24 bytes, Stack size 0 bytes, startup_tle987x.o(.text))
<BR>[Address Reference Count : 1]<UL><LI> startup_tle987x.o(RESET)
</UL>
<P><STRONG><a name="[86]"></a>UART2_Send_Byte</STRONG> (Thumb, 24 bytes, Stack size 16 bytes, uart.o(.text.UART2_Send_Byte))
<BR><BR>[Stack]<UL><LI>Max Depth = 40<LI>Call Chain = UART2_Send_Byte &rArr; UART2_Buffer_Set &rArr; Field_Wrt8
</UL>
<BR>[Calls]<UL><LI><a href="#[84]">&gt;&gt;</a>&nbsp;&nbsp;&nbsp;UART2_Buffer_Set
<LI><a href="#[87]">&gt;&gt;</a>&nbsp;&nbsp;&nbsp;UART2_TX_Int_Clr
</UL>
<BR>[Called By]<UL><LI><a href="#[8b]">&gt;&gt;</a>&nbsp;&nbsp;&nbsp;stdout_putchar
</UL>

<P><STRONG><a name="[8a]"></a>UART2_isByteTransmitted</STRONG> (Thumb, 40 bytes, Stack size 16 bytes, uart.o(.text.UART2_isByteTransmitted))
<BR><BR>[Stack]<UL><LI>Max Depth = 32<LI>Call Chain = UART2_isByteTransmitted &rArr; UART2_TX_Sts &rArr; u1_Field_Rd8
</UL>
<BR>[Calls]<UL><LI><a href="#[88]">&gt;&gt;</a>&nbsp;&nbsp;&nbsp;UART2_TX_Sts
</UL>
<BR>[Called By]<UL><LI><a href="#[8b]">&gt;&gt;</a>&nbsp;&nbsp;&nbsp;stdout_putchar
</UL>

<P><STRONG><a name="[87]"></a>UART2_TX_Int_Clr</STRONG> (Thumb, 22 bytes, Stack size 8 bytes, uart.o(.text.UART2_TX_Int_Clr))
<BR><BR>[Stack]<UL><LI>Max Depth = 16<LI>Call Chain = UART2_TX_Int_Clr &rArr; Field_Wrt8
</UL>
<BR>[Calls]<UL><LI><a href="#[85]">&gt;&gt;</a>&nbsp;&nbsp;&nbsp;Field_Wrt8
</UL>
<BR>[Called By]<UL><LI><a href="#[86]">&gt;&gt;</a>&nbsp;&nbsp;&nbsp;UART2_Send_Byte
</UL>

<P><STRONG><a name="[84]"></a>UART2_Buffer_Set</STRONG> (Thumb, 32 bytes, Stack size 16 bytes, uart.o(.text.UART2_Buffer_Set))
<BR><BR>[Stack]<UL><LI>Max Depth = 24<LI>Call Chain = UART2_Buffer_Set &rArr; Field_Wrt8
</UL>
<BR>[Calls]<UL><LI><a href="#[85]">&gt;&gt;</a>&nbsp;&nbsp;&nbsp;Field_Wrt8
</UL>
<BR>[Called By]<UL><LI><a href="#[86]">&gt;&gt;</a>&nbsp;&nbsp;&nbsp;UART2_Send_Byte
</UL>

<P><STRONG><a name="[88]"></a>UART2_TX_Sts</STRONG> (Thumb, 20 bytes, Stack size 8 bytes, uart.o(.text.UART2_TX_Sts))
<BR><BR>[Stack]<UL><LI>Max Depth = 16<LI>Call Chain = UART2_TX_Sts &rArr; u1_Field_Rd8
</UL>
<BR>[Calls]<UL><LI><a href="#[89]">&gt;&gt;</a>&nbsp;&nbsp;&nbsp;u1_Field_Rd8
</UL>
<BR>[Called By]<UL><LI><a href="#[8a]">&gt;&gt;</a>&nbsp;&nbsp;&nbsp;UART2_isByteTransmitted
</UL>

<P><STRONG><a name="[85]"></a>Field_Wrt8</STRONG> (Thumb, 40 bytes, Stack size 8 bytes, uart.o(.text.Field_Wrt8))
<BR><BR>[Stack]<UL><LI>Max Depth = 8<LI>Call Chain = Field_Wrt8
</UL>
<BR>[Called By]<UL><LI><a href="#[84]">&gt;&gt;</a>&nbsp;&nbsp;&nbsp;UART2_Buffer_Set
<LI><a href="#[87]">&gt;&gt;</a>&nbsp;&nbsp;&nbsp;UART2_TX_Int_Clr
</UL>

<P><STRONG><a name="[89]"></a>u1_Field_Rd8</STRONG> (Thumb, 38 bytes, Stack size 8 bytes, uart.o(.text.u1_Field_Rd8))
<BR><BR>[Stack]<UL><LI>Max Depth = 8<LI>Call Chain = u1_Field_Rd8
</UL>
<BR>[Called By]<UL><LI><a href="#[88]">&gt;&gt;</a>&nbsp;&nbsp;&nbsp;UART2_TX_Sts
</UL>

<P><STRONG><a name="[57]"></a>SysTick_ReloadValue_Get</STRONG> (Thumb, 12 bytes, Stack size 0 bytes, wdt1.o(.text.SysTick_ReloadValue_Get))
<BR><BR>[Called By]<UL><LI><a href="#[56]">&gt;&gt;</a>&nbsp;&nbsp;&nbsp;Delay_us
</UL>

<P><STRONG><a name="[58]"></a>SysTick_Value_Get</STRONG> (Thumb, 12 bytes, Stack size 0 bytes, wdt1.o(.text.SysTick_Value_Get))
<BR><BR>[Called By]<UL><LI><a href="#[56]">&gt;&gt;</a>&nbsp;&nbsp;&nbsp;Delay_us
</UL>

<P><STRONG><a name="[93]"></a>_fp_digits</STRONG> (Thumb, 366 bytes, Stack size 64 bytes, printfa.o(i._fp_digits), UNUSED)
<BR><BR>[Calls]<UL><LI><a href="#[29]">&gt;&gt;</a>&nbsp;&nbsp;&nbsp;__aeabi_uldivmod
<LI><a href="#[32]">&gt;&gt;</a>&nbsp;&nbsp;&nbsp;__aeabi_dmul
<LI><a href="#[33]">&gt;&gt;</a>&nbsp;&nbsp;&nbsp;__aeabi_ddiv
<LI><a href="#[2c]">&gt;&gt;</a>&nbsp;&nbsp;&nbsp;__aeabi_dadd
<LI><a href="#[34]">&gt;&gt;</a>&nbsp;&nbsp;&nbsp;__aeabi_d2ulz
<LI><a href="#[94]">&gt;&gt;</a>&nbsp;&nbsp;&nbsp;__aeabi_cdrcmple
</UL>
<BR>[Called By]<UL><LI><a href="#[8f]">&gt;&gt;</a>&nbsp;&nbsp;&nbsp;_printf_core
</UL>

<P><STRONG><a name="[8f]"></a>_printf_core</STRONG> (Thumb, 1744 bytes, Stack size 136 bytes, printfa.o(i._printf_core), UNUSED)
<BR><BR>[Calls]<UL><LI><a href="#[29]">&gt;&gt;</a>&nbsp;&nbsp;&nbsp;__aeabi_uldivmod
<LI><a href="#[97]">&gt;&gt;</a>&nbsp;&nbsp;&nbsp;__aeabi_uidivmod
<LI><a href="#[95]">&gt;&gt;</a>&nbsp;&nbsp;&nbsp;_printf_pre_padding
<LI><a href="#[96]">&gt;&gt;</a>&nbsp;&nbsp;&nbsp;_printf_post_padding
<LI><a href="#[93]">&gt;&gt;</a>&nbsp;&nbsp;&nbsp;_fp_digits
</UL>
<BR>[Called By]<UL><LI><a href="#[8e]">&gt;&gt;</a>&nbsp;&nbsp;&nbsp;__0printf
</UL>

<P><STRONG><a name="[96]"></a>_printf_post_padding</STRONG> (Thumb, 36 bytes, Stack size 24 bytes, printfa.o(i._printf_post_padding), UNUSED)
<BR><BR>[Called By]<UL><LI><a href="#[8f]">&gt;&gt;</a>&nbsp;&nbsp;&nbsp;_printf_core
</UL>

<P><STRONG><a name="[95]"></a>_printf_pre_padding</STRONG> (Thumb, 46 bytes, Stack size 24 bytes, printfa.o(i._printf_pre_padding), UNUSED)
<BR><BR>[Called By]<UL><LI><a href="#[8f]">&gt;&gt;</a>&nbsp;&nbsp;&nbsp;_printf_core
</UL>
<P>
<H3>
Undefined Global Symbols
</H3><HR></body></html>
