Component: Arm Compiler for Embedded 6.24 Tool: armlink [5f371500]

==============================================================================

Section Cross References

    main.o(.text.TLE987x_UART_SendVoltageAngleInfo) refers to f2d.o(.text) for __aeabi_f2d
    main.o(.text.TLE987x_UART_SendVoltageAngleInfo) refers to main.o(.rodata.str1.1) for .L.str
    main.o(.text.TLE987x_UART_SendVoltageAngleInfo) refers to printfa.o(i.__0printf) for printf
    main.o(.ARM.exidx.text.TLE987x_UART_SendVoltageAngleInfo) refers to main.o(.text.TLE987x_UART_SendVoltageAngleInfo) for [Anonymous Symbol]
    main.o(.text.main) refers to tle_device.o(.text.TLE_Init) for TLE_Init
    main.o(.text.main) refers to tle987x_adc.o(.text.ADC_Init_SinCos) for ADC_Init_SinCos
    main.o(.text.main) refers to wdt1.o(.text.WDT1_Service) for WDT1_Service
    main.o(.text.main) refers to tle5502.o(.text.TLE5502_GetAngleAndVoltage) for TLE5502_GetAngleAndVoltage
    main.o(.text.main) refers to main.o(.bss.TLE5502_data) for TLE5502_data
    main.o(.text.main) refers to fflti.o(.text) for __aeabi_i2f
    main.o(.text.main) refers to fdiv.o(.text) for __aeabi_fdiv
    main.o(.text.main) refers to main.o(.text.TLE987x_UART_SendVoltageAngleInfo) for TLE987x_UART_SendVoltageAngleInfo
    main.o(.text.main) refers to tle987x_gpio.o(.text.GPIO_TogglePin) for GPIO_TogglePin
    main.o(.text.main) refers to wdt1.o(.text.Delay_us) for Delay_us
    main.o(.ARM.exidx.text.main) refers to main.o(.text.main) for [Anonymous Symbol]
    tle987x_gpio.o(.text.GPIO_SetOutputLevelLow) refers to tle987x_gpio.o(.text.Field_Clr8) for Field_Clr8
    tle987x_gpio.o(.ARM.exidx.text.GPIO_SetOutputLevelLow) refers to tle987x_gpio.o(.text.GPIO_SetOutputLevelLow) for [Anonymous Symbol]
    tle987x_gpio.o(.ARM.exidx.text.Field_Clr8) refers to tle987x_gpio.o(.text.Field_Clr8) for [Anonymous Symbol]
    tle987x_gpio.o(.text.GPIO_SetOutputLevelHigh) refers to tle987x_gpio.o(.text.Field_Mod8) for Field_Mod8
    tle987x_gpio.o(.ARM.exidx.text.GPIO_SetOutputLevelHigh) refers to tle987x_gpio.o(.text.GPIO_SetOutputLevelHigh) for [Anonymous Symbol]
    tle987x_gpio.o(.ARM.exidx.text.Field_Mod8) refers to tle987x_gpio.o(.text.Field_Mod8) for [Anonymous Symbol]
    tle987x_gpio.o(.text.GPIO_TogglePin) refers to tle987x_gpio.o(.text.Field_Inv8) for Field_Inv8
    tle987x_gpio.o(.ARM.exidx.text.GPIO_TogglePin) refers to tle987x_gpio.o(.text.GPIO_TogglePin) for [Anonymous Symbol]
    tle987x_gpio.o(.ARM.exidx.text.Field_Inv8) refers to tle987x_gpio.o(.text.Field_Inv8) for [Anonymous Symbol]
    tle987x_adc.o(.text.ADC_Init_SinCos) refers to tle987x_adc.o(.text.ADC1_Power_On) for ADC1_Power_On
    tle987x_adc.o(.text.ADC_Init_SinCos) refers to tle987x_adc.o(.text.ADC1_ANON_Set) for ADC1_ANON_Set
    tle987x_adc.o(.text.ADC_Init_SinCos) refers to tle987x_adc.o(.text.ADC1_ANON_Sts) for ADC1_ANON_Sts
    tle987x_adc.o(.text.ADC_Init_SinCos) refers to tle987x_adc.o(.text.ADC1_DIVA_Set) for ADC1_DIVA_Set
    tle987x_adc.o(.text.ADC_Init_SinCos) refers to tle987x_adc.o(.text.ADC1_Sequence0_Set) for ADC1_Sequence0_Set
    tle987x_adc.o(.text.ADC_Init_SinCos) refers to tle987x_adc.o(.text.ADC1_Ch0_Sample_Time_Set) for ADC1_Ch0_Sample_Time_Set
    tle987x_adc.o(.text.ADC_Init_SinCos) refers to tle987x_adc.o(.text.ADC1_Ch2_Sample_Time_Set) for ADC1_Ch2_Sample_Time_Set
    tle987x_adc.o(.text.ADC_Init_SinCos) refers to tle987x_adc.o(.text.ADC1_Ch4_Sample_Time_Set) for ADC1_Ch4_Sample_Time_Set
    tle987x_adc.o(.text.ADC_Init_SinCos) refers to tle987x_adc.o(.text.ADC1_Ch5_Sample_Time_Set) for ADC1_Ch5_Sample_Time_Set
    tle987x_adc.o(.text.ADC_Init_SinCos) refers to tle987x_adc.o(.text.ADC1_Ch0_DataWidth_10bit_Set) for ADC1_Ch0_DataWidth_10bit_Set
    tle987x_adc.o(.text.ADC_Init_SinCos) refers to tle987x_adc.o(.text.ADC1_Ch2_DataWidth_10bit_Set) for ADC1_Ch2_DataWidth_10bit_Set
    tle987x_adc.o(.text.ADC_Init_SinCos) refers to tle987x_adc.o(.text.ADC1_Ch4_DataWidth_10bit_Set) for ADC1_Ch4_DataWidth_10bit_Set
    tle987x_adc.o(.text.ADC_Init_SinCos) refers to tle987x_adc.o(.text.ADC1_Ch5_DataWidth_10bit_Set) for ADC1_Ch5_DataWidth_10bit_Set
    tle987x_adc.o(.text.ADC_Init_SinCos) refers to tle987x_adc.o(.text.ADC1_Ch0_WaitForRead_Set) for ADC1_Ch0_WaitForRead_Set
    tle987x_adc.o(.text.ADC_Init_SinCos) refers to tle987x_adc.o(.text.ADC1_Ch2_WaitForRead_Set) for ADC1_Ch2_WaitForRead_Set
    tle987x_adc.o(.text.ADC_Init_SinCos) refers to tle987x_adc.o(.text.ADC1_Ch4_WaitForRead_Set) for ADC1_Ch4_WaitForRead_Set
    tle987x_adc.o(.text.ADC_Init_SinCos) refers to tle987x_adc.o(.text.ADC1_Ch5_WaitForRead_Set) for ADC1_Ch5_WaitForRead_Set
    tle987x_adc.o(.text.ADC_Init_SinCos) refers to tle987x_adc.o(.text.ADC1_Sequencer_Mode_Sel) for ADC1_Sequencer_Mode_Sel
    tle987x_adc.o(.ARM.exidx.text.ADC_Init_SinCos) refers to tle987x_adc.o(.text.ADC_Init_SinCos) for [Anonymous Symbol]
    tle987x_adc.o(.text.ADC1_Power_On) refers to tle987x_adc.o(.text.Field_Mod32) for Field_Mod32
[...]
    uart.o(.ARM.exidx.text.UART2_RX_Sts) refers to uart.o(.text.UART2_RX_Sts) for [Anonymous Symbol]
    uart.o(.text.UART2_RX_Int_Clr) refers to uart.o(.text.Field_Wrt8) for Field_Wrt8
    uart.o(.ARM.exidx.text.UART2_RX_Int_Clr) refers to uart.o(.text.UART2_RX_Int_Clr) for [Anonymous Symbol]
    uart.o(.text.UART2_Buffer_Get) refers to uart.o(.text.u8_Field_Rd8) for u8_Field_Rd8
    uart.o(.ARM.exidx.text.UART2_Buffer_Get) refers to uart.o(.text.UART2_Buffer_Get) for [Anonymous Symbol]
    uart.o(.ARM.exidx.text.u8_Field_Rd8) refers to uart.o(.text.u8_Field_Rd8) for [Anonymous Symbol]
    wdt1.o(.text.WDT1_Init) refers to wdt1.o(.bss.WD_Counter) for WD_Counter
    wdt1.o(.text.WDT1_Init) refers to wdt1.o(.bss.bSOWactive) for bSOWactive
    wdt1.o(.ARM.exidx.text.WDT1_Init) refers to wdt1.o(.text.WDT1_Init) for [Anonymous Symbol]
    wdt1.o(.ARM.exidx.text.SysTick_Init) refers to wdt1.o(.text.SysTick_Init) for [Anonymous Symbol]
    wdt1.o(.ARM.exidx.text.WDT1_Stop) refers to wdt1.o(.text.WDT1_Stop) for [Anonymous Symbol]
    wdt1.o(.text.WDT1_Service) refers to wdt1.o(.bss.WD_Counter) for WD_Counter
    wdt1.o(.text.WDT1_Service) refers to wdt1.o(.bss.bSOWactive) for bSOWactive
    wdt1.o(.ARM.exidx.text.WDT1_Service) refers to wdt1.o(.text.WDT1_Service) for [Anonymous Symbol]
    wdt1.o(.text.WDT1_SOW_Service) refers to wdt1.o(.bss.bSOWactive) for bSOWactive
    wdt1.o(.ARM.exidx.text.WDT1_SOW_Service) refers to wdt1.o(.text.WDT1_SOW_Service) for [Anonymous Symbol]
    wdt1.o(.text.Delay_us) refers to wdt1.o(.text.SysTick_ReloadValue_Get) for SysTick_ReloadValue_Get
    wdt1.o(.text.Delay_us) refers to wdt1.o(.text.SysTick_Value_Get) for SysTick_Value_Get
    wdt1.o(.ARM.exidx.text.Delay_us) refers to wdt1.o(.text.Delay_us) for [Anonymous Symbol]
    wdt1.o(.ARM.exidx.text.SysTick_ReloadValue_Get) refers to wdt1.o(.text.SysTick_ReloadValue_Get) for [Anonymous Symbol]
    wdt1.o(.ARM.exidx.text.SysTick_Value_Get) refers to wdt1.o(.text.SysTick_Value_Get) for [Anonymous Symbol]
    atan2f.o(i.__softfp_atan2f) refers (Special) to iusefp.o(.text) for __I$use$fp
    atan2f.o(i.__softfp_atan2f) refers to atan2f.o(i.atan2f) for atan2f
    atan2f.o(i.atan2f) refers (Special) to iusefp.o(.text) for __I$use$fp
    atan2f.o(i.atan2f) refers to fdiv.o(.text) for __aeabi_fdiv
    atan2f.o(i.atan2f) refers to fpclassifyf.o(i.__ARM_fpclassifyf) for __ARM_fpclassifyf
    atan2f.o(i.atan2f) refers to funder.o(i.__mathlib_flt_underflow) for __mathlib_flt_underflow
    atan2f.o(i.atan2f) refers to errno.o(i.__set_errno) for __set_errno
    atan2f.o(i.atan2f) refers to fadd.o(.text) for __aeabi_fsub
    atan2f.o(i.atan2f) refers to fmul.o(.text) for __aeabi_fmul
    atan2f.o(i.atan2f) refers to funder.o(i.__mathlib_flt_infnan2) for __mathlib_flt_infnan2
    entry.o(.ARM.Collect$$$$00000000) refers (Special) to entry10a.o(.ARM.Collect$$$$0000000D) for __rt_final_cpp
    entry.o(.ARM.Collect$$$$00000000) refers (Special) to entry11a.o(.ARM.Collect$$$$0000000F) for __rt_final_exit
    entry.o(.ARM.Collect$$$$00000000) refers (Special) to entry7b.o(.ARM.Collect$$$$00000008) for _main_clock
    entry.o(.ARM.Collect$$$$00000000) refers (Special) to entry8b.o(.ARM.Collect$$$$0000000A) for _main_cpp_init
    entry.o(.ARM.Collect$$$$00000000) refers (Special) to entry9a.o(.ARM.Collect$$$$0000000B) for _main_init
    entry.o(.ARM.Collect$$$$00000000) refers (Special) to entry5.o(.ARM.Collect$$$$00000004) for _main_scatterload
    entry.o(.ARM.Collect$$$$00000000) refers (Special) to entry2.o(.ARM.Collect$$$$00000001) for _main_stk
    fputs.o(i.fputs) refers to retarget_io.o(.text.fputc) for fputc
    fputs_e.o(.text) refers to retarget_io.o(.text.fputc) for fputc
    printfa.o(i.__0fprintf) refers (Special) to iusefp.o(.text) for __I$use$fp
    printfa.o(i.__0fprintf) refers to printfa.o(i._printf_core) for _printf_core
    printfa.o(i.__0fprintf) refers to retarget_io.o(.text.fputc) for fputc
    printfa.o(i.__0printf) refers (Special) to iusefp.o(.text) for __I$use$fp
    printfa.o(i.__0printf) refers to printfa.o(i._printf_core) for _printf_core
    printfa.o(i.__0printf) refers to retarget_io.o(.text.fputc) for fputc
    printfa.o(i.__0printf) refers to stdout.o(.data) for __stdout
    printfa.o(i.__0snprintf) refers (Special) to iusefp.o(.text) for __I$use$fp
    printfa.o(i.__0snprintf) refers to printfa.o(i._printf_core) for _printf_core
    printfa.o(i.__0snprintf) refers to printfa.o(i._snputc) for _snputc
    printfa.o(i.__0sprintf) refers (Special) to iusefp.o(.text) for __I$use$fp
    printfa.o(i.__0sprintf) refers to printfa.o(i._printf_core) for _printf_core
    printfa.o(i.__0sprintf) refers to printfa.o(i._sputc) for _sputc
    printfa.o(i.__0vfprintf) refers (Special) to iusefp.o(.text) for __I$use$fp
    printfa.o(i.__0vfprintf) refers to printfa.o(i._printf_core) for _printf_core
    printfa.o(i.__0vfprintf) refers to retarget_io.o(.text.fputc) for fputc
    printfa.o(i.__0vprintf) refers (Special) to iusefp.o(.text) for __I$use$fp
    printfa.o(i.__0vprintf) refers to printfa.o(i._printf_core) for _printf_core
    printfa.o(i.__0vprintf) refers to retarget_io.o(.text.fputc) for fputc
    printfa.o(i.__0vprintf) refers to stdout.o(.data) for __stdout
    printfa.o(i.__0vsnprintf) refers (Special) to iusefp.o(.text) for __I$use$fp
    printfa.o(i.__0vsnprintf) refers to printfa.o(i._printf_core) for _printf_core
    printfa.o(i.__0vsnprintf) refers to printfa.o(i._snputc) for _snputc
    printfa.o(i.__0vsprintf) refers (Special) to iusefp.o(.text) for __I$use$fp
    printfa.o(i.__0vsprintf) refers to printfa.o(i._printf_core) for _printf_core
    printfa.o(i.__0vsprintf) refers to printfa.o(i._sputc) for _sputc
    printfa.o(i._fp_digits) refers (Special) to iusefp.o(.text) for __I$use$fp
    printfa.o(i._fp_digits) refers to dmul.o(.text) for __aeabi_dmul
    printfa.o(i._fp_digits) refers to ddiv.o(.text) for __aeabi_ddiv
    printfa.o(i._fp_digits) refers to cdrcmple.o(.text) for __aeabi_cdrcmple
    printfa.o(i._fp_digits) refers to dadd.o(.text) for __aeabi_dadd
    printfa.o(i._fp_digits) refers to dfixul.o(.text) for __aeabi_d2ulz
    printfa.o(i._fp_digits) refers to uldiv.o(.text) for __aeabi_uldivmod
    printfa.o(i._printf_core) refers (Special) to iusefp.o(.text) for __I$use$fp
    printfa.o(i._printf_core) refers to printfa.o(i._printf_pre_padding) for _printf_pre_padding
    printfa.o(i._printf_core) refers to uldiv.o(.text) for __aeabi_uldivmod
    printfa.o(i._printf_core) refers to printfa.o(i._printf_post_padding) for _printf_post_padding
    printfa.o(i._printf_core) refers to printfa.o(i._fp_digits) for _fp_digits
    printfa.o(i._printf_core) refers to uidiv.o(.text) for __aeabi_uidivmod
    printfa.o(i._printf_post_padding) refers (Special) to iusefp.o(.text) for __I$use$fp
    printfa.o(i._printf_pre_padding) refers (Special) to iusefp.o(.text) for __I$use$fp
    printfa.o(i._snputc) refers (Special) to iusefp.o(.text) for __I$use$fp
    printfa.o(i._sputc) refers (Special) to iusefp.o(.text) for __I$use$fp
    fadd.o(.text) refers (Special) to iusefp.o(.text) for __I$use$fp
    fadd.o(.text) refers to fepilogue.o(.text) for _float_epilogue
    fmul.o(.text) refers (Special) to iusefp.o(.text) for __I$use$fp
    fdiv.o(.text) refers (Special) to iusefp.o(.text) for __I$use$fp
    fdiv.o(.text) refers to fepilogue.o(.text) for _float_round
    fcmpge.o(.text) refers (Special) to iusefp.o(.text) for __I$use$fp
    fflti.o(.text) refers (Special) to iusefp.o(.text) for __I$use$fp
    fflti.o(.text) refers to fepilogue.o(.text) for _float_epilogue
    ffltui.o(.text) refers (Special) to iusefp.o(.text) for __I$use$fp
    ffltui.o(.text) refers to fepilogue.o(.text) for _float_epilogue
    f2d.o(.text) refers (Special) to iusefp.o(.text) for __I$use$fp
    fpclassifyf.o(i.__ARM_fpclassifyf) refers (Special) to iusefp.o(.text) for __I$use$fp
    funder.o(i.__mathlib_flt_divzero) refers to fdiv.o(.text) for __aeabi_fdiv
    funder.o(i.__mathlib_flt_infnan) refers to fscalb.o(.text) for __ARM_scalbnf
    funder.o(i.__mathlib_flt_infnan2) refers to fadd.o(.text) for __aeabi_fadd
    funder.o(i.__mathlib_flt_invalid) refers to fdiv.o(.text) for __aeabi_fdiv
    funder.o(i.__mathlib_flt_overflow) refers to fscalb.o(.text) for __ARM_scalbnf
    funder.o(i.__mathlib_flt_posinfnan) refers to fmul.o(.text) for __aeabi_fmul
    funder.o(i.__mathlib_flt_underflow) refers to fscalb.o(.text) for __ARM_scalbnf
    entry2.o(.ARM.Collect$$$$00000001) refers to entry2.o(.ARM.Collect$$$$00002712) for __lit__00000000
    entry2.o(.ARM.Collect$$$$00002712) refers to startup_tle987x.o(STACK) for __initial_sp
    entry2.o(__vectab_stack_and_reset_area) refers to startup_tle987x.o(STACK) for __initial_sp
    entry2.o(__vectab_stack_and_reset_area) refers to entry.o(.ARM.Collect$$$$00000000) for __main
    entry5.o(.ARM.Collect$$$$00000004) refers to init.o(.text) for __scatterload
    entry9a.o(.ARM.Collect$$$$0000000B) refers to main.o(.text.main) for main
    entry9b.o(.ARM.Collect$$$$0000000C) refers to main.o(.text.main) for main
    uldiv.o(.text) refers to llushr.o(.text) for __aeabi_llsr
    uldiv.o(.text) refers to llshl.o(.text) for __aeabi_llsl
    errno.o(i.__aeabi_errno_addr) refers to errno.o(.data) for .data
    errno.o(i.__read_errno) refers to errno.o(.data) for .data
    errno.o(i.__set_errno) refers to errno.o(.data) for .data
    fepilogue.o(.text) refers (Special) to iusefp.o(.text) for __I$use$fp
    dadd.o(.text) refers (Special) to iusefp.o(.text) for __I$use$fp
    dadd.o(.text) refers to llshl.o(.text) for __aeabi_llsl
    dadd.o(.text) refers to llsshr.o(.text) for __aeabi_lasr
    dadd.o(.text) refers to depilogue.o(.text) for _double_epilogue
    dmul.o(.text) refers (Special) to iusefp.o(.text) for __I$use$fp
    dmul.o(.text) refers to depilogue.o(.text) for _double_epilogue
    ddiv.o(.text) refers (Special) to iusefp.o(.text) for __I$use$fp
    ddiv.o(.text) refers to depilogue.o(.text) for _double_round
    dfixul.o(.text) refers (Special) to iusefp.o(.text) for __I$use$fp
    dfixul.o(.text) refers to llushr.o(.text) for __aeabi_llsr
    dfixul.o(.text) refers to llshl.o(.text) for __aeabi_llsl
    cdrcmple.o(.text) refers (Special) to iusefp.o(.text) for __I$use$fp
    init.o(.text) refers to entry5.o(.ARM.Collect$$$$00000004) for __main_after_scatterload
    fscalb.o(.text) refers (Special) to iusefp.o(.text) for __I$use$fp
    depilogue.o(.text) refers (Special) to iusefp.o(.text) for __I$use$fp
    depilogue.o(.text) refers to llshl.o(.text) for __aeabi_llsl
    depilogue.o(.text) refers to llushr.o(.text) for __aeabi_llsr


==============================================================================

Removing Unused input sections from the image.

    Removing main.o(.text), (0 bytes).
    Removing main.o(.ARM.exidx.text.TLE987x_UART_SendVoltageAngleInfo), (8 bytes).
    Removing main.o(.ARM.exidx.text.main), (8 bytes).
    Removing main.o(.bss.angle_LSB), (2 bytes).
    Removing main.o(.ARM.use_no_argv), (4 bytes).
    Removing tle987x_gpio.o(.text), (0 bytes).
    Removing tle987x_gpio.o(.text.GPIO_SetOutputLevelLow), (28 bytes).
    Removing tle987x_gpio.o(.ARM.exidx.text.GPIO_SetOutputLevelLow), (8 bytes).
    Removing tle987x_gpio.o(.text.Field_Clr8), (26 bytes).
    Removing tle987x_gpio.o(.ARM.exidx.text.Field_Clr8), (8 bytes).
    Removing tle987x_gpio.o(.text.GPIO_SetOutputLevelHigh), (34 bytes).
    Removing tle987x_gpio.o(.ARM.exidx.text.GPIO_SetOutputLevelHigh), (8 bytes).
    Removing tle987x_gpio.o(.text.Field_Mod8), (48 bytes).
    Removing tle987x_gpio.o(.ARM.exidx.text.Field_Mod8), (8 bytes).
    Removing tle987x_gpio.o(.ARM.exidx.text.GPIO_TogglePin), (8 bytes).
    Removing tle987x_gpio.o(.ARM.exidx.text.Field_Inv8), (8 bytes).
    Removing tle987x_adc.o(.text), (0 bytes).
    Removing tle987x_adc.o(.ARM.exidx.text.ADC_Init_SinCos), (8 bytes).
    Removing tle987x_adc.o(.ARM.exidx.text.ADC1_Power_On), (8 bytes).
    Removing tle987x_adc.o(.ARM.exidx.text.ADC1_ANON_Set), (8 bytes).
    Removing tle987x_adc.o(.ARM.exidx.text.ADC1_ANON_Sts), (8 bytes).
    Removing tle987x_adc.o(.ARM.exidx.text.ADC1_DIVA_Set), (8 bytes).
    Removing tle987x_adc.o(.ARM.exidx.text.ADC1_Sequence0_Set), (8 bytes).
    Removing tle987x_adc.o(.ARM.exidx.text.ADC1_Ch0_Sample_Time_Set), (8 bytes).
    Removing tle987x_adc.o(.ARM.exidx.text.ADC1_Ch2_Sample_Time_Set), (8 bytes).
    Removing tle987x_adc.o(.ARM.exidx.text.ADC1_Ch4_Sample_Time_Set), (8 bytes).
    Removing tle987x_adc.o(.ARM.exidx.text.ADC1_Ch5_Sample_Time_Set), (8 bytes).
    Removing tle987x_adc.o(.ARM.exidx.text.ADC1_Ch0_DataWidth_10bit_Set), (8 bytes).
    Removing tle987x_adc.o(.ARM.exidx.text.ADC1_Ch2_DataWidth_10bit_Set), (8 bytes).
    Removing tle987x_adc.o(.ARM.exidx.text.ADC1_Ch4_DataWidth_10bit_Set), (8 bytes).
    Removing tle987x_adc.o(.ARM.exidx.text.ADC1_Ch5_DataWidth_10bit_Set), (8 bytes).
    Removing tle987x_adc.o(.ARM.exidx.text.ADC1_Ch0_WaitForRead_Set), (8 bytes).
    Removing tle987x_adc.o(.ARM.exidx.text.ADC1_Ch2_WaitForRead_Set), (8 bytes).
    Removing tle987x_adc.o(.ARM.exidx.text.ADC1_Ch4_WaitForRead_Set), (8 bytes).
    Removing tle987x_adc.o(.ARM.exidx.text.ADC1_Ch5_WaitForRead_Set), (8 bytes).
    Removing tle987x_adc.o(.ARM.exidx.text.ADC1_Sequencer_Mode_Sel), (8 bytes).
    Removing tle987x_adc.o(.ARM.exidx.text.ADC_SampleAll), (8 bytes).
    Removing tle987x_adc.o(.ARM.exidx.text.Field_Mod32), (8 bytes).
    Removing tle987x_adc.o(.ARM.exidx.text.u32_Field_Rd32), (8 bytes).
    Removing tle5502.o(.text), (0 bytes).
    Removing tle5502.o(.ARM.exidx.text.TLE5502_GetAngleAndVoltage), (8 bytes).
    Removing tle5502.o(.ARM.exidx.text.TLE5502_DecodeAngleDeg), (8 bytes).
    Removing retarget_io.o(.text), (0 bytes).
    Removing retarget_io.o(.ARM.exidx.text.fputc), (8 bytes).
    Removing retarget_io.o(.text.fgetc), (110 bytes).
    Removing retarget_io.o(.ARM.exidx.text.fgetc), (8 bytes).
    Removing retarget_io.o(.text.__backspace), (76 bytes).
    Removing retarget_io.o(.ARM.exidx.text.__backspace), (8 bytes).
    Removing retarget_io.o(.text.__aeabi_assert), (188 bytes).
    Removing retarget_io.o(.ARM.exidx.text.__aeabi_assert), (8 bytes).
    Removing retarget_io.o(.text.abort), (4 bytes).
    Removing retarget_io.o(.ARM.exidx.text.abort), (8 bytes).
    Removing retarget_io.o(.bss.getchar_undo), (4 bytes).
    Removing retarget_io.o(.data.getchar_ch), (4 bytes).
    Removing retarget_io.o(.rodata.str1.1), (39 bytes).
    Removing adc1.o(.text), (0 bytes).
    Removing adc1.o(.ARM.exidx.text.ADC1_Init), (8 bytes).
    Removing adc1.o(.ARM.exidx.text.ADC1_ANON_Set), (8 bytes).
    Removing adc1.o(.ARM.exidx.text.ADC1_Power_On), (8 bytes).
    Removing adc1.o(.text.VAREF_Enable), (276 bytes).
    Removing adc1.o(.ARM.exidx.text.VAREF_Enable), (8 bytes).
    Removing adc1.o(.ARM.exidx.text.ADC1_GetChResult), (8 bytes).
    Removing adc1.o(.ARM.exidx.text.u1_Field_Rd32), (8 bytes).
    Removing adc1.o(.ARM.exidx.text.u16_Field_Rd32), (8 bytes).
    Removing adc1.o(.ARM.exidx.text.ADC1_GetChResult_mV), (8 bytes).
    Removing adc1.o(.ARM.exidx.text.ADC1_VDH_Attenuator_Range_Get), (8 bytes).
    Removing adc1.o(.text.ADC1_GetEIMResult), (94 bytes).
    Removing adc1.o(.ARM.exidx.text.ADC1_GetEIMResult), (8 bytes).
    Removing adc1.o(.text.ADC1_GetEIMResult_mV), (174 bytes).
    Removing adc1.o(.ARM.exidx.text.ADC1_GetEIMResult_mV), (8 bytes).
    Removing adc1.o(.ARM.exidx.text.u8_Field_Rd32), (8 bytes).
    Removing adc1.o(.ARM.exidx.text.Field_Mod32), (8 bytes).
    Removing adc2.o(.text), (0 bytes).
    Removing adc2.o(.ARM.exidx.text.ADC2_Init), (8 bytes).
    Removing bootrom.o(.text), (0 bytes).
    Removing bootrom.o(.text.ProgramPage), (174 bytes).
    Removing bootrom.o(.ARM.exidx.text.ProgramPage), (8 bytes).
    Removing bootrom.o(.text.CMSIS_Irq_Dis), (4 bytes).
    Removing bootrom.o(.ARM.exidx.text.CMSIS_Irq_Dis), (8 bytes).
    Removing bootrom.o(.text.CMSIS_Irq_En), (4 bytes).
    Removing bootrom.o(.ARM.exidx.text.CMSIS_Irq_En), (8 bytes).
    Removing bootrom.o(.text.GetCustomerID), (52 bytes).
    Removing bootrom.o(.ARM.exidx.text.GetCustomerID), (8 bytes).
    Removing bootrom.o(.rodata.USER_CFLASH_WR_PROT_DIS), (4 bytes).
    Removing bootrom.o(.rodata.USER_CFLASH_RD_PROT_EN), (4 bytes).
    Removing bootrom.o(.rodata.USER_CFLASH_RD_PROT_DIS), (4 bytes).
    Removing bootrom.o(.rodata.USER_DFLASH_WR_PROT_EN), (4 bytes).
    Removing bootrom.o(.rodata.USER_DFLASH_WR_PROT_DIS), (4 bytes).
    Removing bootrom.o(.rodata.USER_DFLASH_RD_PROT_EN), (4 bytes).
    Removing bootrom.o(.rodata.USER_DFLASH_RD_PROT_DIS), (4 bytes).
    Removing bootrom.o(.rodata.USER_OPENAB), (4 bytes).
    Removing bootrom.o(.rodata.USER_PROG), (4 bytes).
    Removing bootrom.o(.rodata.USER_ERASEPG), (4 bytes).
    Removing bootrom.o(.rodata.USER_ABORTPROG), (4 bytes).
    Removing bootrom.o(.rodata.USER_NVMRDY), (4 bytes).
    Removing bootrom.o(.rodata.USER_READ_CAL), (4 bytes).
    Removing bootrom.o(.rodata.USER_NVM_CONFIG), (4 bytes).
    Removing bootrom.o(.rodata.USER_NVM_ECC2ADDR), (4 bytes).
    Removing bootrom.o(.rodata.USER_MAPRAM_INIT), (4 bytes).
    Removing bootrom.o(.rodata.USER_READ_100TP), (4 bytes).
    Removing bootrom.o(.rodata.USER_100TP_PROG), (4 bytes).
    Removing bootrom.o(.rodata.USER_ERASE_SECTOR), (4 bytes).
    Removing bootrom.o(.rodata.USER_RAM_MBIST_START), (4 bytes).
    Removing bootrom.o(.rodata.USER_NVM_ECC_CHECK), (4 bytes).
    Removing bootrom.o(.rodata.USER_ECC_CHECK), (4 bytes).
    Removing dma.o(.text), (0 bytes).
    Removing dma.o(.text.DMA_Setup_Channel), (428 bytes).
    Removing dma.o(.ARM.exidx.text.DMA_Setup_Channel), (8 bytes).
    Removing dma.o(.text.DMA_Task_SctGth_Set), (254 bytes).
    Removing dma.o(.ARM.exidx.text.DMA_Task_SctGth_Set), (8 bytes).
    Removing dma.o(.text.DMA_Channel_MemSctGth_Set), (276 bytes).
    Removing dma.o(.ARM.exidx.text.DMA_Channel_MemSctGth_Set), (8 bytes).
    Removing dma.o(.text.DMA_Channel_PerSctGth_Set), (276 bytes).
    Removing dma.o(.ARM.exidx.text.DMA_Channel_PerSctGth_Set), (8 bytes).
    Removing dma.o(.text.DMA_Task_Set), (502 bytes).
    Removing dma.o(.ARM.exidx.text.DMA_Task_Set), (8 bytes).
    Removing dma.o(.text.DMA_Reset_Channel), (114 bytes).
    Removing dma.o(.ARM.exidx.text.DMA_Reset_Channel), (8 bytes).
    Removing dma.o(.ARM.exidx.text.DMA_Init), (8 bytes).
    Removing int.o(.text), (0 bytes).
    Removing int.o(.ARM.exidx.text.INT_Init), (8 bytes).
    Removing isr.o(.text), (0 bytes).
    Removing isr.o(.ARM.exidx.text.CCU6SR0_IRQHandler), (8 bytes).
    Removing isr.o(.ARM.exidx.text.HardFault_Handler), (8 bytes).
    Removing isr.o(.ARM.exidx.text.MemManage_Handler), (8 bytes).
    Removing isr.o(.ARM.exidx.text.BusFault_Handler), (8 bytes).
    Removing isr.o(.ARM.exidx.text.UsageFault_Handler), (8 bytes).
    Removing isr.o(.ARM.exidx.text.SysTick_Handler), (8 bytes).
    Removing isr.o(.ARM.exidx.text.WDT1_Window_Count), (8 bytes).
    Removing lin.o(.text), (0 bytes).
    Removing lin.o(.ARM.exidx.text.LIN_Init), (8 bytes).
    Removing pmu.o(.text), (0 bytes).
    Removing pmu.o(.ARM.exidx.text.PMU_Init), (8 bytes).
    Removing pmu.o(.text.PMU_VDDEXT_On), (164 bytes).
    Removing pmu.o(.ARM.exidx.text.PMU_VDDEXT_On), (8 bytes).
    Removing pmu.o(.text.CMSIS_Irq_Dis), (4 bytes).
    Removing pmu.o(.ARM.exidx.text.CMSIS_Irq_Dis), (8 bytes).
    Removing pmu.o(.text.CMSIS_Irq_En), (4 bytes).
    Removing pmu.o(.ARM.exidx.text.CMSIS_Irq_En), (8 bytes).
    Removing port.o(.text), (0 bytes).
    Removing port.o(.ARM.exidx.text.PORT_Init), (8 bytes).
    Removing port.o(.text.PORT_ChangePin), (264 bytes).
    Removing port.o(.ARM.exidx.text.PORT_ChangePin), (8 bytes).
    Removing port.o(.text.CMSIS_Irq_Dis), (4 bytes).
    Removing port.o(.ARM.exidx.text.CMSIS_Irq_Dis), (8 bytes).
    Removing port.o(.text.Field_Clr8), (26 bytes).
    Removing port.o(.ARM.exidx.text.Field_Clr8), (8 bytes).
    Removing port.o(.text.Field_Mod8), (48 bytes).
    Removing port.o(.ARM.exidx.text.Field_Mod8), (8 bytes).
    Removing port.o(.text.Field_Inv8), (26 bytes).
    Removing port.o(.ARM.exidx.text.Field_Inv8), (8 bytes).
    Removing port.o(.text.CMSIS_Irq_En), (4 bytes).
    Removing port.o(.ARM.exidx.text.CMSIS_Irq_En), (8 bytes).
    Removing port.o(.text.PORT_ReadPin), (84 bytes).
    Removing port.o(.ARM.exidx.text.PORT_ReadPin), (8 bytes).
    Removing port.o(.text.u8_Field_Rd8), (34 bytes).
    Removing port.o(.ARM.exidx.text.u8_Field_Rd8), (8 bytes).
    Removing port.o(.text.PORT_ReadPort), (70 bytes).
    Removing port.o(.ARM.exidx.text.PORT_ReadPort), (8 bytes).
    Removing port.o(.text.PORT_ChangePinAlt), (160 bytes).
    Removing port.o(.ARM.exidx.text.PORT_ChangePinAlt), (8 bytes).
    Removing port.o(.rodata..L__const.PORT_ReadPort.PortMsk), (3 bytes).
    Removing scu.o(.text), (0 bytes).
    Removing scu.o(.ARM.exidx.text.SCU_ClkInit), (8 bytes).
    Removing scu.o(.ARM.exidx.text.CMSIS_Irq_Dis), (8 bytes).
    Removing scu.o(.ARM.exidx.text.Field_Mod8), (8 bytes).
    Removing scu.o(.ARM.exidx.text.PLL_setfSYStoLPCLK), (8 bytes).
    Removing scu.o(.ARM.exidx.text.PLL_setK1divToOne), (8 bytes).
    Removing scu.o(.ARM.exidx.text.PLL_setPrescalerMode), (8 bytes).
    Removing scu.o(.ARM.exidx.text.PLL_setOscTrim), (8 bytes).
    Removing scu.o(.ARM.exidx.text.PLL_setNdivFromConfigWizard), (8 bytes).
    Removing scu.o(.ARM.exidx.text.PLL_setVcoselK2divFromConfigWizard), (8 bytes).
    Removing scu.o(.ARM.exidx.text.PLL_resetPllLockDetection), (8 bytes).
    Removing scu.o(.ARM.exidx.text.PLL_waitForPllLock), (8 bytes).
    Removing scu.o(.ARM.exidx.text.PLL_setNormalMode), (8 bytes).
    Removing scu.o(.ARM.exidx.text.PLL_setfSYStofPLL), (8 bytes).
    Removing scu.o(.ARM.exidx.text.Field_Wrt8all), (8 bytes).
    Removing scu.o(.ARM.exidx.text.SCU_toggleAPCLK_SET), (8 bytes).
    Removing scu.o(.ARM.exidx.text.SCU_OpenPASSWD), (8 bytes).
    Removing scu.o(.ARM.exidx.text.SCU_ClosePASSWD), (8 bytes).
    Removing scu.o(.ARM.exidx.text.CMSIS_Irq_En), (8 bytes).
    Removing scu.o(.ARM.exidx.text.SCU_Init), (8 bytes).
    Removing scu.o(.text.SCU_EnterSlowMode), (208 bytes).
    Removing scu.o(.ARM.exidx.text.SCU_EnterSlowMode), (8 bytes).
    Removing scu.o(.text.SysTick_ReloadValue_Set), (20 bytes).
    Removing scu.o(.ARM.exidx.text.SysTick_ReloadValue_Set), (8 bytes).
    Removing scu.o(.text.SCU_ExitSlowMode), (82 bytes).
    Removing scu.o(.ARM.exidx.text.SCU_ExitSlowMode), (8 bytes).
    Removing scu.o(.text.SCU_ChangeNVMProtection), (274 bytes).
    Removing scu.o(.ARM.exidx.text.SCU_ChangeNVMProtection), (8 bytes).
    Removing scu.o(.ARM.exidx.text.u1_Field_Rd8), (8 bytes).
    Removing scu.o(.ARM.exidx.text.CMSIS_NOP), (8 bytes).
    Removing scu.o(.data.SystemFrequency), (4 bytes).
    Removing scu.o(.rodata.cst32), (32 bytes).
    Removing startup_tle987x.o(HEAP), (0 bytes).
    Removing system_tle987x.o(.text), (0 bytes).
    Removing system_tle987x.o(.ARM.exidx.text.SystemInit), (8 bytes).
    Removing tle_device.o(.text), (0 bytes).
    Removing tle_device.o(.ARM.exidx.text.TLE_Init), (8 bytes).
    Removing uart.o(.text), (0 bytes).
    Removing uart.o(.ARM.exidx.text.UART1_Init), (8 bytes).
    Removing uart.o(.text.UART1_BaudRate_Set), (86 bytes).
    Removing uart.o(.ARM.exidx.text.UART1_BaudRate_Set), (8 bytes).
    Removing uart.o(.text.UART1_BaudRateGen_Dis), (22 bytes).
    Removing uart.o(.ARM.exidx.text.UART1_BaudRateGen_Dis), (8 bytes).
    Removing uart.o(.text.UART1_BaudRate_Value_Set), (44 bytes).
    Removing uart.o(.ARM.exidx.text.UART1_BaudRate_Value_Set), (8 bytes).
    Removing uart.o(.text.UART1_BaudRateGen_En), (22 bytes).
    Removing uart.o(.ARM.exidx.text.UART1_BaudRateGen_En), (8 bytes).
    Removing uart.o(.ARM.exidx.text.UART2_Init), (8 bytes).
    Removing uart.o(.text.UART2_BaudRate_Set), (86 bytes).
    Removing uart.o(.ARM.exidx.text.UART2_BaudRate_Set), (8 bytes).
    Removing uart.o(.text.UART2_BaudRateGen_Dis), (22 bytes).
    Removing uart.o(.ARM.exidx.text.UART2_BaudRateGen_Dis), (8 bytes).
    Removing uart.o(.text.UART2_BaudRate_Value_Set), (44 bytes).
    Removing uart.o(.ARM.exidx.text.UART2_BaudRate_Value_Set), (8 bytes).
    Removing uart.o(.text.UART2_BaudRateGen_En), (22 bytes).
    Removing uart.o(.ARM.exidx.text.UART2_BaudRateGen_En), (8 bytes).
    Removing uart.o(.ARM.exidx.text.stdout_putchar), (8 bytes).
    Removing uart.o(.ARM.exidx.text.UART2_Send_Byte), (8 bytes).
    Removing uart.o(.ARM.exidx.text.UART2_isByteTransmitted), (8 bytes).
    Removing uart.o(.text.stdin_getchar), (24 bytes).
    Removing uart.o(.ARM.exidx.text.stdin_getchar), (8 bytes).
    Removing uart.o(.text.UART2_isByteReceived), (40 bytes).
    Removing uart.o(.ARM.exidx.text.UART2_isByteReceived), (8 bytes).
    Removing uart.o(.text.UART2_Get_Byte), (12 bytes).
    Removing uart.o(.ARM.exidx.text.UART2_Get_Byte), (8 bytes).
    Removing uart.o(.text.ttywrch), (16 bytes).
    Removing uart.o(.ARM.exidx.text.ttywrch), (8 bytes).
    Removing uart.o(.text.Field_Mod8), (48 bytes).
    Removing uart.o(.ARM.exidx.text.Field_Mod8), (8 bytes).
    Removing uart.o(.text.Field_Wrt8all), (20 bytes).
    Removing uart.o(.ARM.exidx.text.Field_Wrt8all), (8 bytes).
    Removing uart.o(.ARM.exidx.text.UART2_TX_Int_Clr), (8 bytes).
    Removing uart.o(.ARM.exidx.text.UART2_Buffer_Set), (8 bytes).
    Removing uart.o(.ARM.exidx.text.Field_Wrt8), (8 bytes).
    Removing uart.o(.ARM.exidx.text.UART2_TX_Sts), (8 bytes).
    Removing uart.o(.ARM.exidx.text.u1_Field_Rd8), (8 bytes).
    Removing uart.o(.text.UART2_RX_Sts), (20 bytes).
    Removing uart.o(.ARM.exidx.text.UART2_RX_Sts), (8 bytes).
    Removing uart.o(.text.UART2_RX_Int_Clr), (22 bytes).
    Removing uart.o(.ARM.exidx.text.UART2_RX_Int_Clr), (8 bytes).
    Removing uart.o(.text.UART2_Buffer_Get), (20 bytes).
    Removing uart.o(.ARM.exidx.text.UART2_Buffer_Get), (8 bytes).
    Removing uart.o(.text.u8_Field_Rd8), (34 bytes).
    Removing uart.o(.ARM.exidx.text.u8_Field_Rd8), (8 bytes).
    Removing uart.o(.bss.uart1), (4 bytes).
    Removing wdt1.o(.text), (0 bytes).
    Removing wdt1.o(.ARM.exidx.text.WDT1_Init), (8 bytes).
    Removing wdt1.o(.ARM.exidx.text.SysTick_Init), (8 bytes).
    Removing wdt1.o(.text.WDT1_Stop), (18 bytes).
    Removing wdt1.o(.ARM.exidx.text.WDT1_Stop), (8 bytes).
    Removing wdt1.o(.ARM.exidx.text.WDT1_Service), (8 bytes).
    Removing wdt1.o(.ARM.exidx.text.WDT1_SOW_Service), (8 bytes).
    Removing wdt1.o(.ARM.exidx.text.Delay_us), (8 bytes).
    Removing wdt1.o(.ARM.exidx.text.SysTick_ReloadValue_Get), (8 bytes).
    Removing wdt1.o(.ARM.exidx.text.SysTick_Value_Get), (8 bytes).

257 unused section(s) (total 6616 bytes) removed from the image.

==============================================================================

Image Symbol Table

    Local Symbols

    Symbol Name                              Value     Ov Type        Size  Object(Section)

    ../clib/division.s                       0x00000000   Number         0  aeabi_sdiv.o ABSOLUTE
    ../clib/microlib/division.c              0x00000000   Number         0  uidiv.o ABSOLUTE
    ../clib/microlib/division.c              0x00000000   Number         0  uldiv.o ABSOLUTE
    ../clib/microlib/errno.c                 0x00000000   Number         0  errno.o ABSOLUTE
    ../clib/microlib/init/entry.s            0x00000000   Number         0  entry.o ABSOLUTE
    ../clib/microlib/init/entry.s            0x00000000   Number         0  entry2.o ABSOLUTE
    ../clib/microlib/init/entry.s            0x00000000   Number         0  entry5.o ABSOLUTE
    ../clib/microlib/init/entry.s            0x00000000   Number         0  entry7a.o ABSOLUTE
    ../clib/microlib/init/entry.s            0x00000000   Number         0  entry7b.o ABSOLUTE
    ../clib/microlib/init/entry.s            0x00000000   Number         0  entry8a.o ABSOLUTE
    ../clib/microlib/init/entry.s            0x00000000   Number         0  entry8b.o ABSOLUTE
    ../clib/microlib/init/entry.s            0x00000000   Number         0  entry9a.o ABSOLUTE
    ../clib/microlib/init/entry.s            0x00000000   Number         0  entry9b.o ABSOLUTE
    ../clib/microlib/init/entry.s            0x00000000   Number         0  entry10a.o ABSOLUTE
    ../clib/microlib/init/entry.s            0x00000000   Number         0  entry10b.o ABSOLUTE
    ../clib/microlib/init/entry.s            0x00000000   Number         0  entry11a.o ABSOLUTE
    ../clib/microlib/init/entry.s            0x00000000   Number         0  entry11b.o ABSOLUTE
    ../clib/microlib/longlong.c              0x00000000   Number         0  llshl.o ABSOLUTE
    ../clib/microlib/longlong.c              0x00000000   Number         0  llushr.o ABSOLUTE
    ../clib/microlib/longlong.c              0x00000000   Number         0  llsshr.o ABSOLUTE
    ../clib/microlib/printf/printf.c         0x00000000   Number         0  printfa.o ABSOLUTE
    ../clib/microlib/stdio/fputs.c           0x00000000   Number         0  fputs.o ABSOLUTE
    ../clib/microlib/stdio/fputs.c           0x00000000   Number         0  fputs_e.o ABSOLUTE
    ../clib/microlib/stdio/streams.c         0x00000000   Number         0  stdin.o ABSOLUTE
    ../clib/microlib/stdio/streams.c         0x00000000   Number         0  stdout.o ABSOLUTE
    ../clib/microlib/stdio/streams.c         0x00000000   Number         0  stderr.o ABSOLUTE
    ../clib/microlib/string/memcpy.c         0x00000000   Number         0  memcpya.o ABSOLUTE
    ../clib/microlib/string/memcpy.c         0x00000000   Number         0  memcpyb.o ABSOLUTE
    ../clib/microlib/stubs.s                 0x00000000   Number         0  iusefp.o ABSOLUTE
    ../fplib/microlib/f2d.c                  0x00000000   Number         0  f2d.o ABSOLUTE
    ../fplib/microlib/fpadd.c                0x00000000   Number         0  fadd.o ABSOLUTE
    ../fplib/microlib/fpadd.c                0x00000000   Number         0  dadd.o ABSOLUTE
    ../fplib/microlib/fpcmp.c                0x00000000   Number         0  fcmpge.o ABSOLUTE
    ../fplib/microlib/fpdiv.c                0x00000000   Number         0  fdiv.o ABSOLUTE
    ../fplib/microlib/fpdiv.c                0x00000000   Number         0  ddiv.o ABSOLUTE
    ../fplib/microlib/fpepilogue.c           0x00000000   Number         0  fepilogue.o ABSOLUTE
    ../fplib/microlib/fpepilogue.c           0x00000000   Number         0  depilogue.o ABSOLUTE
    ../fplib/microlib/fpfix.c                0x00000000   Number         0  dfixul.o ABSOLUTE
    ../fplib/microlib/fpflt.c                0x00000000   Number         0  fflti.o ABSOLUTE
    ../fplib/microlib/fpflt.c                0x00000000   Number         0  ffltui.o ABSOLUTE
    ../fplib/microlib/fpmul.c                0x00000000   Number         0  fmul.o ABSOLUTE
    ../fplib/microlib/fpmul.c                0x00000000   Number         0  dmul.o ABSOLUTE
    ../fplib/microlib/fpscalb.c              0x00000000   Number         0  fscalb.o ABSOLUTE
    ../mathlib/atan2f.c                      0x00000000   Number         0  atan2f.o ABSOLUTE
    ../mathlib/fpclassifyf.c                 0x00000000   Number         0  fpclassifyf.o ABSOLUTE
    ../mathlib/funder.c                      0x00000000   Number         0  funder.o ABSOLUTE
    RTE/Device/TLE9872QXA40/startup_tle987x.S 0x00000000   Number         0  startup_tle987x.o ABSOLUTE
    TLE5502.c                                0x00000000   Number         0  tle5502.o ABSOLUTE
    TLE987x_ADC.c                            0x00000000   Number         0  tle987x_adc.o ABSOLUTE
    TLE987x_GPIO.c                           0x00000000   Number         0  tle987x_gpio.o ABSOLUTE
    adc1.c                                   0x00000000   Number         0  adc1.o ABSOLUTE
    adc2.c                                   0x00000000   Number         0  adc2.o ABSOLUTE
    bootrom.c                                0x00000000   Number         0  bootrom.o ABSOLUTE
    cdrcmple.s                               0x00000000   Number         0  cdrcmple.o ABSOLUTE
    dc.s                                     0x00000000   Number         0  dc.o ABSOLUTE
    dma.c                                    0x00000000   Number         0  dma.o ABSOLUTE
    handlers.s                               0x00000000   Number         0  handlers.o ABSOLUTE
    init.s                                   0x00000000   Number         0  init.o ABSOLUTE
    int.c                                    0x00000000   Number         0  int.o ABSOLUTE
    isr.c                                    0x00000000   Number         0  isr.o ABSOLUTE
    lin.c                                    0x00000000   Number         0  lin.o ABSOLUTE
    main.c                                   0x00000000   Number         0  main.o ABSOLUTE
    pmu.c                                    0x00000000   Number         0  pmu.o ABSOLUTE
    port.c                                   0x00000000   Number         0  port.o ABSOLUTE
    retarget_io.c                            0x00000000   Number         0  retarget_io.o ABSOLUTE
    scu.c                                    0x00000000   Number         0  scu.o ABSOLUTE
    system_tle987x.c                         0x00000000   Number         0  system_tle987x.o ABSOLUTE
    tle_device.c                             0x00000000   Number         0  tle_device.o ABSOLUTE
    uart.c                                   0x00000000   Number         0  uart.o ABSOLUTE
    wdt1.c                                   0x00000000   Number         0  wdt1.o ABSOLUTE
    RESET                                    0x11000000   Section      128  startup_tle987x.o(RESET)
    .ARM.Collect$$$$00000000                 0x11000080   Section        0  entry.o(.ARM.Collect$$$$00000000)
    .ARM.Collect$$$$00000001                 0x11000080   Section        4  entry2.o(.ARM.Collect$$$$00000001)
    .ARM.Collect$$$$00000004                 0x11000084   Section        4  entry5.o(.ARM.Collect$$$$00000004)
    .ARM.Collect$$$$00000008                 0x11000088   Section        0  entry7b.o(.ARM.Collect$$$$00000008)
    .ARM.Collect$$$$0000000A                 0x11000088   Section        0  entry8b.o(.ARM.Collect$$$$0000000A)
    .ARM.Collect$$$$0000000B                 0x11000088   Section        8  entry9a.o(.ARM.Collect$$$$0000000B)
    __lit__00000000                          0x11000090   Data           4  entry2.o(.ARM.Collect$$$$00002712)
    .ARM.Collect$$$$0000000D                 0x11000090   Section        0  entry10a.o(.ARM.Collect$$$$0000000D)
    .ARM.Collect$$$$0000000F                 0x11000090   Section        0  entry11a.o(.ARM.Collect$$$$0000000F)
    .ARM.Collect$$$$00002712                 0x11000090   Section        4  entry2.o(.ARM.Collect$$$$00002712)
    .text                                    0x11000094   Section       64  startup_tle987x.o(.text)
    SVC_Handler                              0x110000a9   Thumb Code    24  startup_tle987x.o(.text)
    .text                                    0x110000d4   Section        0  fadd.o(.text)
    .text                                    0x11000184   Section        0  fmul.o(.text)
    .text                                    0x110001e8   Section        0  fdiv.o(.text)
    .text                                    0x11000264   Section        0  fcmpge.o(.text)
    .text                                    0x11000280   Section        0  fflti.o(.text)
    .text                                    0x11000292   Section        0  ffltui.o(.text)
    .text                                    0x1100029c   Section        0  f2d.o(.text)
    .text                                    0x110002c2   Section        0  uidiv.o(.text)
    .text                                    0x110002ee   Section        0  uldiv.o(.text)
    .text                                    0x11000350   Section        0  iusefp.o(.text)
    .text                                    0x11000350   Section        0  fepilogue.o(.text)
    .text                                    0x110003be   Section        0  dadd.o(.text)
    .text                                    0x1100050c   Section        0  dmul.o(.text)
    .text                                    0x110005f0   Section        0  ddiv.o(.text)
    .text                                    0x110006ce   Section        0  dfixul.o(.text)
    .text                                    0x11000700   Section       48  cdrcmple.o(.text)
    .text                                    0x11000730   Section       48  init.o(.text)
    .text                                    0x11000760   Section        0  llshl.o(.text)
    .text                                    0x1100077e   Section        0  llushr.o(.text)
    .text                                    0x1100079e   Section        0  llsshr.o(.text)
    .text                                    0x110007c2   Section        0  fscalb.o(.text)
    .text                                    0x110007da   Section        0  depilogue.o(.text)
    ADC1_ANON_Set                            0x11000895   Thumb Code    30  tle987x_adc.o(.text.ADC1_ANON_Set)
    [Anonymous Symbol]                       0x11000894   Section        0  tle987x_adc.o(.text.ADC1_ANON_Set)
    ADC1_ANON_Set                            0x110008b5   Thumb Code    30  adc1.o(.text.ADC1_ANON_Set)
    [Anonymous Symbol]                       0x110008b4   Section        0  adc1.o(.text.ADC1_ANON_Set)
    ADC1_ANON_Sts                            0x110008d5   Thumb Code    32  tle987x_adc.o(.text.ADC1_ANON_Sts)
    [Anonymous Symbol]                       0x110008d4   Section        0  tle987x_adc.o(.text.ADC1_ANON_Sts)
    ADC1_Ch0_DataWidth_10bit_Set             0x110008f5   Thumb Code    22  tle987x_adc.o(.text.ADC1_Ch0_DataWidth_10bit_Set)
    [Anonymous Symbol]                       0x110008f4   Section        0  tle987x_adc.o(.text.ADC1_Ch0_DataWidth_10bit_Set)
    ADC1_Ch0_Sample_Time_Set                 0x1100090d   Thumb Code    28  tle987x_adc.o(.text.ADC1_Ch0_Sample_Time_Set)
    [Anonymous Symbol]                       0x1100090c   Section        0  tle987x_adc.o(.text.ADC1_Ch0_Sample_Time_Set)
    ADC1_Ch0_WaitForRead_Set                 0x11000929   Thumb Code    24  tle987x_adc.o(.text.ADC1_Ch0_WaitForRead_Set)
    [Anonymous Symbol]                       0x11000928   Section        0  tle987x_adc.o(.text.ADC1_Ch0_WaitForRead_Set)
    ADC1_Ch2_DataWidth_10bit_Set             0x11000941   Thumb Code    22  tle987x_adc.o(.text.ADC1_Ch2_DataWidth_10bit_Set)
    [Anonymous Symbol]                       0x11000940   Section        0  tle987x_adc.o(.text.ADC1_Ch2_DataWidth_10bit_Set)
    ADC1_Ch2_Sample_Time_Set                 0x11000959   Thumb Code    30  tle987x_adc.o(.text.ADC1_Ch2_Sample_Time_Set)
    [Anonymous Symbol]                       0x11000958   Section        0  tle987x_adc.o(.text.ADC1_Ch2_Sample_Time_Set)
    ADC1_Ch2_WaitForRead_Set                 0x11000979   Thumb Code    24  tle987x_adc.o(.text.ADC1_Ch2_WaitForRead_Set)
    [Anonymous Symbol]                       0x11000978   Section        0  tle987x_adc.o(.text.ADC1_Ch2_WaitForRead_Set)
    ADC1_Ch4_DataWidth_10bit_Set             0x11000991   Thumb Code    22  tle987x_adc.o(.text.ADC1_Ch4_DataWidth_10bit_Set)
    [Anonymous Symbol]                       0x11000990   Section        0  tle987x_adc.o(.text.ADC1_Ch4_DataWidth_10bit_Set)
    ADC1_Ch4_Sample_Time_Set                 0x110009a9   Thumb Code    28  tle987x_adc.o(.text.ADC1_Ch4_Sample_Time_Set)
    [Anonymous Symbol]                       0x110009a8   Section        0  tle987x_adc.o(.text.ADC1_Ch4_Sample_Time_Set)
    ADC1_Ch4_WaitForRead_Set                 0x110009c5   Thumb Code    24  tle987x_adc.o(.text.ADC1_Ch4_WaitForRead_Set)
    [Anonymous Symbol]                       0x110009c4   Section        0  tle987x_adc.o(.text.ADC1_Ch4_WaitForRead_Set)
    ADC1_Ch5_DataWidth_10bit_Set             0x110009dd   Thumb Code    22  tle987x_adc.o(.text.ADC1_Ch5_DataWidth_10bit_Set)
    [Anonymous Symbol]                       0x110009dc   Section        0  tle987x_adc.o(.text.ADC1_Ch5_DataWidth_10bit_Set)
    ADC1_Ch5_Sample_Time_Set                 0x110009f5   Thumb Code    30  tle987x_adc.o(.text.ADC1_Ch5_Sample_Time_Set)
    [Anonymous Symbol]                       0x110009f4   Section        0  tle987x_adc.o(.text.ADC1_Ch5_Sample_Time_Set)
    ADC1_Ch5_WaitForRead_Set                 0x11000a15   Thumb Code    24  tle987x_adc.o(.text.ADC1_Ch5_WaitForRead_Set)
    [Anonymous Symbol]                       0x11000a14   Section        0  tle987x_adc.o(.text.ADC1_Ch5_WaitForRead_Set)
    ADC1_DIVA_Set                            0x11000a2d   Thumb Code    28  tle987x_adc.o(.text.ADC1_DIVA_Set)
    [Anonymous Symbol]                       0x11000a2c   Section        0  tle987x_adc.o(.text.ADC1_DIVA_Set)
    [Anonymous Symbol]                       0x11000a48   Section        0  adc1.o(.text.ADC1_GetChResult)
    [Anonymous Symbol]                       0x11000ac0   Section        0  adc1.o(.text.ADC1_GetChResult_mV)
    [Anonymous Symbol]                       0x11000b60   Section        0  adc1.o(.text.ADC1_Init)
    ADC1_Power_On                            0x11000c61   Thumb Code    18  tle987x_adc.o(.text.ADC1_Power_On)
    [Anonymous Symbol]                       0x11000c60   Section        0  tle987x_adc.o(.text.ADC1_Power_On)
    ADC1_Power_On                            0x11000c75   Thumb Code    18  adc1.o(.text.ADC1_Power_On)
    [Anonymous Symbol]                       0x11000c74   Section        0  adc1.o(.text.ADC1_Power_On)
    ADC1_Sequence0_Set                       0x11000c89   Thumb Code    28  tle987x_adc.o(.text.ADC1_Sequence0_Set)
    [Anonymous Symbol]                       0x11000c88   Section        0  tle987x_adc.o(.text.ADC1_Sequence0_Set)
    ADC1_Sequencer_Mode_Sel                  0x11000ca5   Thumb Code    24  tle987x_adc.o(.text.ADC1_Sequencer_Mode_Sel)
    [Anonymous Symbol]                       0x11000ca4   Section        0  tle987x_adc.o(.text.ADC1_Sequencer_Mode_Sel)
    ADC1_VDH_Attenuator_Range_Get            0x11000cbd   Thumb Code    20  adc1.o(.text.ADC1_VDH_Attenuator_Range_Get)
    [Anonymous Symbol]                       0x11000cbc   Section        0  adc1.o(.text.ADC1_VDH_Attenuator_Range_Get)
    [Anonymous Symbol]                       0x11000cd0   Section        0  adc2.o(.text.ADC2_Init)
    [Anonymous Symbol]                       0x11000cd4   Section        0  tle987x_adc.o(.text.ADC_Init_SinCos)
    [Anonymous Symbol]                       0x11000d40   Section        0  tle987x_adc.o(.text.ADC_SampleAll)
    [Anonymous Symbol]                       0x11000da0   Section        0  isr.o(.text.BusFault_Handler)
    [Anonymous Symbol]                       0x11000da4   Section        0  isr.o(.text.CCU6SR0_IRQHandler)
    CMSIS_Irq_Dis                            0x11000db9   Thumb Code     4  scu.o(.text.CMSIS_Irq_Dis)
    [Anonymous Symbol]                       0x11000db8   Section        0  scu.o(.text.CMSIS_Irq_Dis)
    CMSIS_Irq_En                             0x11000dbd   Thumb Code     4  scu.o(.text.CMSIS_Irq_En)
    [Anonymous Symbol]                       0x11000dbc   Section        0  scu.o(.text.CMSIS_Irq_En)
    CMSIS_NOP                                0x11000dc1   Thumb Code     4  scu.o(.text.CMSIS_NOP)
    [Anonymous Symbol]                       0x11000dc0   Section        0  scu.o(.text.CMSIS_NOP)
    [Anonymous Symbol]                       0x11000dc4   Section        0  dma.o(.text.DMA_Init)
    [Anonymous Symbol]                       0x11000de4   Section        0  wdt1.o(.text.Delay_us)
    Field_Inv8                               0x11000ee5   Thumb Code    26  tle987x_gpio.o(.text.Field_Inv8)
    [Anonymous Symbol]                       0x11000ee4   Section        0  tle987x_gpio.o(.text.Field_Inv8)
    Field_Mod32                              0x11000f01   Thumb Code    36  tle987x_adc.o(.text.Field_Mod32)
    [Anonymous Symbol]                       0x11000f00   Section        0  tle987x_adc.o(.text.Field_Mod32)
    Field_Mod32                              0x11000f25   Thumb Code    36  adc1.o(.text.Field_Mod32)
    [Anonymous Symbol]                       0x11000f24   Section        0  adc1.o(.text.Field_Mod32)
    Field_Mod8                               0x11000f49   Thumb Code    48  scu.o(.text.Field_Mod8)
    [Anonymous Symbol]                       0x11000f48   Section        0  scu.o(.text.Field_Mod8)
    Field_Wrt8                               0x11000f79   Thumb Code    40  uart.o(.text.Field_Wrt8)
    [Anonymous Symbol]                       0x11000f78   Section        0  uart.o(.text.Field_Wrt8)
    Field_Wrt8all                            0x11000fa1   Thumb Code    20  scu.o(.text.Field_Wrt8all)
    [Anonymous Symbol]                       0x11000fa0   Section        0  scu.o(.text.Field_Wrt8all)
    [Anonymous Symbol]                       0x11000fb4   Section        0  tle987x_gpio.o(.text.GPIO_TogglePin)
    [Anonymous Symbol]                       0x11000fd0   Section        0  isr.o(.text.HardFault_Handler)
    [Anonymous Symbol]                       0x11000fd4   Section        0  int.o(.text.INT_Init)
    [Anonymous Symbol]                       0x110010e0   Section        0  lin.o(.text.LIN_Init)
    [Anonymous Symbol]                       0x110010e4   Section        0  isr.o(.text.MemManage_Handler)
    PLL_resetPllLockDetection                0x110010e9   Thumb Code    22  scu.o(.text.PLL_resetPllLockDetection)
    [Anonymous Symbol]                       0x110010e8   Section        0  scu.o(.text.PLL_resetPllLockDetection)
    PLL_setK1divToOne                        0x11001101   Thumb Code    54  scu.o(.text.PLL_setK1divToOne)
    [Anonymous Symbol]                       0x11001100   Section        0  scu.o(.text.PLL_setK1divToOne)
    PLL_setNdivFromConfigWizard              0x11001139   Thumb Code    64  scu.o(.text.PLL_setNdivFromConfigWizard)
    [Anonymous Symbol]                       0x11001138   Section        0  scu.o(.text.PLL_setNdivFromConfigWizard)
    PLL_setNormalMode                        0x11001179   Thumb Code    22  scu.o(.text.PLL_setNormalMode)
    [Anonymous Symbol]                       0x11001178   Section        0  scu.o(.text.PLL_setNormalMode)
    PLL_setOscTrim                           0x11001191   Thumb Code    66  scu.o(.text.PLL_setOscTrim)
    [Anonymous Symbol]                       0x11001190   Section        0  scu.o(.text.PLL_setOscTrim)
    PLL_setPrescalerMode                     0x110011d5   Thumb Code    22  scu.o(.text.PLL_setPrescalerMode)
    [Anonymous Symbol]                       0x110011d4   Section        0  scu.o(.text.PLL_setPrescalerMode)
    PLL_setVcoselK2divFromConfigWizard       0x110011ed   Thumb Code    24  scu.o(.text.PLL_setVcoselK2divFromConfigWizard)
    [Anonymous Symbol]                       0x110011ec   Section        0  scu.o(.text.PLL_setVcoselK2divFromConfigWizard)
    PLL_setfSYStoLPCLK                       0x11001205   Thumb Code    54  scu.o(.text.PLL_setfSYStoLPCLK)
    [Anonymous Symbol]                       0x11001204   Section        0  scu.o(.text.PLL_setfSYStoLPCLK)
    PLL_setfSYStofPLL                        0x1100123d   Thumb Code    54  scu.o(.text.PLL_setfSYStofPLL)
    [Anonymous Symbol]                       0x1100123c   Section        0  scu.o(.text.PLL_setfSYStofPLL)
    PLL_waitForPllLock                       0x11001275   Thumb Code    28  scu.o(.text.PLL_waitForPllLock)
    [Anonymous Symbol]                       0x11001274   Section        0  scu.o(.text.PLL_waitForPllLock)
    [Anonymous Symbol]                       0x11001290   Section        0  pmu.o(.text.PMU_Init)
    [Anonymous Symbol]                       0x11001330   Section        0  port.o(.text.PORT_Init)
    [Anonymous Symbol]                       0x1100143c   Section        0  scu.o(.text.SCU_ClkInit)
    SCU_ClosePASSWD                          0x11001515   Thumb Code    18  scu.o(.text.SCU_ClosePASSWD)
    [Anonymous Symbol]                       0x11001514   Section        0  scu.o(.text.SCU_ClosePASSWD)
    [Anonymous Symbol]                       0x11001528   Section        0  scu.o(.text.SCU_Init)
    SCU_OpenPASSWD                           0x110015a5   Thumb Code    18  scu.o(.text.SCU_OpenPASSWD)
    [Anonymous Symbol]                       0x110015a4   Section        0  scu.o(.text.SCU_OpenPASSWD)
    SCU_toggleAPCLK_SET                      0x110015b9   Thumb Code    92  scu.o(.text.SCU_toggleAPCLK_SET)
    [Anonymous Symbol]                       0x110015b8   Section        0  scu.o(.text.SCU_toggleAPCLK_SET)
    [Anonymous Symbol]                       0x11001614   Section        0  isr.o(.text.SysTick_Handler)
    [Anonymous Symbol]                       0x1100161c   Section        0  wdt1.o(.text.SysTick_Init)
    SysTick_ReloadValue_Get                  0x11001659   Thumb Code    12  wdt1.o(.text.SysTick_ReloadValue_Get)
    [Anonymous Symbol]                       0x11001658   Section        0  wdt1.o(.text.SysTick_ReloadValue_Get)
    SysTick_Value_Get                        0x11001665   Thumb Code    12  wdt1.o(.text.SysTick_Value_Get)
    [Anonymous Symbol]                       0x11001664   Section        0  wdt1.o(.text.SysTick_Value_Get)
    [Anonymous Symbol]                       0x11001670   Section        0  system_tle987x.o(.text.SystemInit)
    TLE5502_DecodeAngleDeg                   0x110016a5   Thumb Code   136  tle5502.o(.text.TLE5502_DecodeAngleDeg)
    [Anonymous Symbol]                       0x110016a4   Section        0  tle5502.o(.text.TLE5502_DecodeAngleDeg)
    [Anonymous Symbol]                       0x1100172c   Section        0  tle5502.o(.text.TLE5502_GetAngleAndVoltage)
    [Anonymous Symbol]                       0x11001780   Section        0  main.o(.text.TLE987x_UART_SendVoltageAngleInfo)
    [Anonymous Symbol]                       0x110017fc   Section        0  tle_device.o(.text.TLE_Init)
    [Anonymous Symbol]                       0x11001828   Section        0  uart.o(.text.UART1_Init)
    UART2_Buffer_Set                         0x1100182d   Thumb Code    32  uart.o(.text.UART2_Buffer_Set)
    [Anonymous Symbol]                       0x1100182c   Section        0  uart.o(.text.UART2_Buffer_Set)
    [Anonymous Symbol]                       0x1100184c   Section        0  uart.o(.text.UART2_Init)
    UART2_Send_Byte                          0x11001891   Thumb Code    24  uart.o(.text.UART2_Send_Byte)
    [Anonymous Symbol]                       0x11001890   Section        0  uart.o(.text.UART2_Send_Byte)
    UART2_TX_Int_Clr                         0x110018a9   Thumb Code    22  uart.o(.text.UART2_TX_Int_Clr)
    [Anonymous Symbol]                       0x110018a8   Section        0  uart.o(.text.UART2_TX_Int_Clr)
    UART2_TX_Sts                             0x110018c1   Thumb Code    20  uart.o(.text.UART2_TX_Sts)
    [Anonymous Symbol]                       0x110018c0   Section        0  uart.o(.text.UART2_TX_Sts)
    UART2_isByteTransmitted                  0x110018d5   Thumb Code    40  uart.o(.text.UART2_isByteTransmitted)
    [Anonymous Symbol]                       0x110018d4   Section        0  uart.o(.text.UART2_isByteTransmitted)
    [Anonymous Symbol]                       0x110018fc   Section        0  isr.o(.text.UsageFault_Handler)
    [Anonymous Symbol]                       0x11001900   Section        0  wdt1.o(.text.WDT1_Init)
    [Anonymous Symbol]                       0x11001924   Section        0  wdt1.o(.text.WDT1_SOW_Service)
    [Anonymous Symbol]                       0x1100194c   Section        0  wdt1.o(.text.WDT1_Service)
    WDT1_Window_Count                        0x110019ad   Thumb Code    16  isr.o(.text.WDT1_Window_Count)
    [Anonymous Symbol]                       0x110019ac   Section        0  isr.o(.text.WDT1_Window_Count)
    [Anonymous Symbol]                       0x110019bc   Section        0  retarget_io.o(.text.fputc)
    [Anonymous Symbol]                       0x110019ec   Section        0  main.o(.text.main)
    [Anonymous Symbol]                       0x11001aa4   Section        0  uart.o(.text.stdout_putchar)
    u16_Field_Rd32                           0x11001af1   Thumb Code    26  adc1.o(.text.u16_Field_Rd32)
    [Anonymous Symbol]                       0x11001af0   Section        0  adc1.o(.text.u16_Field_Rd32)
    u1_Field_Rd32                            0x11001b0d   Thumb Code    28  adc1.o(.text.u1_Field_Rd32)
    [Anonymous Symbol]                       0x11001b0c   Section        0  adc1.o(.text.u1_Field_Rd32)
    u1_Field_Rd8                             0x11001b29   Thumb Code    38  scu.o(.text.u1_Field_Rd8)
    [Anonymous Symbol]                       0x11001b28   Section        0  scu.o(.text.u1_Field_Rd8)
    u1_Field_Rd8                             0x11001b51   Thumb Code    38  uart.o(.text.u1_Field_Rd8)
    [Anonymous Symbol]                       0x11001b50   Section        0  uart.o(.text.u1_Field_Rd8)
    u32_Field_Rd32                           0x11001b79   Thumb Code    24  tle987x_adc.o(.text.u32_Field_Rd32)
    [Anonymous Symbol]                       0x11001b78   Section        0  tle987x_adc.o(.text.u32_Field_Rd32)
    u8_Field_Rd32                            0x11001b91   Thumb Code    26  adc1.o(.text.u8_Field_Rd32)
    [Anonymous Symbol]                       0x11001b90   Section        0  adc1.o(.text.u8_Field_Rd32)
    i.__0printf                              0x11001bac   Section        0  printfa.o(i.__0printf)
    i.__ARM_fpclassifyf                      0x11001bcc   Section        0  fpclassifyf.o(i.__ARM_fpclassifyf)
    i.__mathlib_flt_infnan2                  0x11001bf2   Section        0  funder.o(i.__mathlib_flt_infnan2)
    i.__mathlib_flt_underflow                0x11001bf6   Section        0  funder.o(i.__mathlib_flt_underflow)
    i.__scatterload_copy                     0x11001c00   Section       14  handlers.o(i.__scatterload_copy)
    i.__scatterload_null                     0x11001c0e   Section        2  handlers.o(i.__scatterload_null)
    i.__scatterload_zeroinit                 0x11001c10   Section       14  handlers.o(i.__scatterload_zeroinit)
    i.__set_errno                            0x11001c20   Section        0  errno.o(i.__set_errno)
    _fp_digits                               0x11001c2d   Thumb Code   366  printfa.o(i._fp_digits)
    i._fp_digits                             0x11001c2c   Section        0  printfa.o(i._fp_digits)
    _printf_core                             0x11001db1   Thumb Code  1744  printfa.o(i._printf_core)
    i._printf_core                           0x11001db0   Section        0  printfa.o(i._printf_core)
    _printf_post_padding                     0x1100248d   Thumb Code    36  printfa.o(i._printf_post_padding)
    i._printf_post_padding                   0x1100248c   Section        0  printfa.o(i._printf_post_padding)
    _printf_pre_padding                      0x110024b1   Thumb Code    46  printfa.o(i._printf_pre_padding)
    i._printf_pre_padding                    0x110024b0   Section        0  printfa.o(i._printf_pre_padding)
    i.atan2f                                 0x110024e0   Section        0  atan2f.o(i.atan2f)
    .L.str                                   0x11002788   Data          79  main.o(.rodata.str1.1)
    [Anonymous Symbol]                       0x11002788   Section        0  main.o(.rodata.str1.1)
    __tagsym$$used.0                         0x1103effc   Number         0  system_tle987x.o(.ARM.__at_0x1103EFFC)
    .data                                    0x18000018   Section        4  stdout.o(.data)
    _errno                                   0x1800001c   Data           4  errno.o(.data)
    .data                                    0x1800001c   Section        4  errno.o(.data)
    bSOWactive                               0x18000034   Data           1  wdt1.o(.bss.bSOWactive)
    [Anonymous Symbol]                       0x18000034   Section        0  wdt1.o(.bss.bSOWactive)
    uart2                                    0x18000038   Data           4  uart.o(.bss.uart2)
    [Anonymous Symbol]                       0x18000038   Section        0  uart.o(.bss.uart2)
    STACK                                    0x18000040   Section      512  startup_tle987x.o(STACK)

    Global Symbols

    Symbol Name                              Value     Ov Type        Size  Object(Section)

    BuildAttributes$$THM_ISAv4$P$D$K$B$S$PE$A:L22UL41UL21$X:L11$S22US41US21$IEEE1$IW$~IW$USESV6$~STKCKD$USESV7$~SHL$OTIME$ROPI$IEEEX$EBA8$MICROLIB$REQ8$PRES8$EABIv2 0x00000000   Number         0  anon$$obj.o ABSOLUTE
    __cpp_initialize__aeabi_                  - Undefined Weak Reference
    __cxa_finalize                            - Undefined Weak Reference
    __decompress                              - Undefined Weak Reference
    _clock_init                               - Undefined Weak Reference
    _microlib_exit                            - Undefined Weak Reference
    __Vectors_Size                           0x00000080   Number         0  startup_tle987x.o ABSOLUTE
    __Vectors                                0x11000000   Data           4  startup_tle987x.o(RESET)
    __Vectors_End                            0x11000080   Data           0  startup_tle987x.o(RESET)
    __main                                   0x11000081   Thumb Code     0  entry.o(.ARM.Collect$$$$00000000)
    _main_stk                                0x11000081   Thumb Code     0  entry2.o(.ARM.Collect$$$$00000001)
    _main_scatterload                        0x11000085   Thumb Code     0  entry5.o(.ARM.Collect$$$$00000004)
    __main_after_scatterload                 0x11000089   Thumb Code     0  entry5.o(.ARM.Collect$$$$00000004)
    _main_clock                              0x11000089   Thumb Code     0  entry7b.o(.ARM.Collect$$$$00000008)
    _main_cpp_init                           0x11000089   Thumb Code     0  entry8b.o(.ARM.Collect$$$$0000000A)
    _main_init                               0x11000089   Thumb Code     0  entry9a.o(.ARM.Collect$$$$0000000B)
    __rt_final_cpp                           0x11000091   Thumb Code     0  entry10a.o(.ARM.Collect$$$$0000000D)
    __rt_final_exit                          0x11000091   Thumb Code     0  entry11a.o(.ARM.Collect$$$$0000000F)
    Reset_Handler                            0x11000095   Thumb Code     8  startup_tle987x.o(.text)
    SVC_Handler_main                         0x1100009d   Thumb Code     2  startup_tle987x.o(.text)
    NMI_Handler                              0x1100009f   Thumb Code     2  startup_tle987x.o(.text)
    DebugMon_Handler                         0x110000c1   Thumb Code     2  startup_tle987x.o(.text)
    PendSV_Handler                           0x110000c3   Thumb Code     2  startup_tle987x.o(.text)
    ADC1_IRQHandler                          0x110000c7   Thumb Code     0  startup_tle987x.o(.text)
    ADC2_IRQHandler                          0x110000c7   Thumb Code     0  startup_tle987x.o(.text)
    BDRV_IRQHandler                          0x110000c7   Thumb Code     0  startup_tle987x.o(.text)
    CCU6SR1_IRQHandler                       0x110000c7   Thumb Code     0  startup_tle987x.o(.text)
    CCU6SR2_IRQHandler                       0x110000c7   Thumb Code     0  startup_tle987x.o(.text)
    CCU6SR3_IRQHandler                       0x110000c7   Thumb Code     0  startup_tle987x.o(.text)
    DMA_IRQHandler                           0x110000c7   Thumb Code     0  startup_tle987x.o(.text)
    EXINT0_IRQHandler                        0x110000c7   Thumb Code     0  startup_tle987x.o(.text)
    EXINT1_IRQHandler                        0x110000c7   Thumb Code     0  startup_tle987x.o(.text)
    GPT1_IRQHandler                          0x110000c7   Thumb Code     0  startup_tle987x.o(.text)
    GPT2_IRQHandler                          0x110000c7   Thumb Code     0  startup_tle987x.o(.text)
    SSC1_IRQHandler                          0x110000c7   Thumb Code     0  startup_tle987x.o(.text)
    SSC2_IRQHandler                          0x110000c7   Thumb Code     0  startup_tle987x.o(.text)
    UART1_IRQHandler                         0x110000c7   Thumb Code     0  startup_tle987x.o(.text)
    UART2_IRQHandler                         0x110000c7   Thumb Code     0  startup_tle987x.o(.text)
    __aeabi_fadd                             0x110000d5   Thumb Code   164  fadd.o(.text)
    __aeabi_fsub                             0x11000179   Thumb Code     6  fadd.o(.text)
    __aeabi_frsub                            0x1100017f   Thumb Code     6  fadd.o(.text)
    __aeabi_fmul                             0x11000185   Thumb Code   100  fmul.o(.text)
    __aeabi_fdiv                             0x110001e9   Thumb Code   124  fdiv.o(.text)
    __aeabi_fcmpge                           0x11000265   Thumb Code    28  fcmpge.o(.text)
    __aeabi_i2f                              0x11000281   Thumb Code    18  fflti.o(.text)
    __aeabi_ui2f                             0x11000293   Thumb Code    10  ffltui.o(.text)
    __aeabi_f2d                              0x1100029d   Thumb Code    38  f2d.o(.text)
    __aeabi_uidiv                            0x110002c3   Thumb Code     0  uidiv.o(.text)
    __aeabi_uidivmod                         0x110002c3   Thumb Code    44  uidiv.o(.text)
    __aeabi_uldivmod                         0x110002ef   Thumb Code    98  uldiv.o(.text)
    __I$use$fp                               0x11000351   Thumb Code     0  iusefp.o(.text)
    _float_round                             0x11000351   Thumb Code    18  fepilogue.o(.text)
    _float_epilogue                          0x11000363   Thumb Code    92  fepilogue.o(.text)
    __aeabi_dadd                             0x110003bf   Thumb Code   322  dadd.o(.text)
    __aeabi_dsub                             0x11000501   Thumb Code     6  dadd.o(.text)
    __aeabi_drsub                            0x11000507   Thumb Code     6  dadd.o(.text)
    __aeabi_dmul                             0x1100050d   Thumb Code   228  dmul.o(.text)
    __aeabi_ddiv                             0x110005f1   Thumb Code   222  ddiv.o(.text)
    __aeabi_d2ulz                            0x110006cf   Thumb Code    48  dfixul.o(.text)
    __aeabi_cdrcmple                         0x11000701   Thumb Code    48  cdrcmple.o(.text)
    __scatterload                            0x11000731   Thumb Code    38  init.o(.text)
    __scatterload_rt2                        0x11000731   Thumb Code     0  init.o(.text)
    __aeabi_llsl                             0x11000761   Thumb Code    30  llshl.o(.text)
    _ll_shift_l                              0x11000761   Thumb Code     0  llshl.o(.text)
    __aeabi_llsr                             0x1100077f   Thumb Code    32  llushr.o(.text)
    _ll_ushift_r                             0x1100077f   Thumb Code     0  llushr.o(.text)
    __aeabi_lasr                             0x1100079f   Thumb Code    36  llsshr.o(.text)
    _ll_sshift_r                             0x1100079f   Thumb Code     0  llsshr.o(.text)
    __ARM_scalbnf                            0x110007c3   Thumb Code    24  fscalb.o(.text)
    scalbnf                                  0x110007c3   Thumb Code     0  fscalb.o(.text)
    _double_round                            0x110007db   Thumb Code    30  depilogue.o(.text)
    _double_epilogue                         0x110007f9   Thumb Code   156  depilogue.o(.text)
    ADC1_GetChResult                         0x11000a49   Thumb Code   120  adc1.o(.text.ADC1_GetChResult)
    ADC1_GetChResult_mV                      0x11000ac1   Thumb Code   158  adc1.o(.text.ADC1_GetChResult_mV)
    ADC1_Init                                0x11000b61   Thumb Code   256  adc1.o(.text.ADC1_Init)
    ADC2_Init                                0x11000cd1   Thumb Code     2  adc2.o(.text.ADC2_Init)
    ADC_Init_SinCos                          0x11000cd5   Thumb Code   106  tle987x_adc.o(.text.ADC_Init_SinCos)
    ADC_SampleAll                            0x11000d41   Thumb Code    96  tle987x_adc.o(.text.ADC_SampleAll)
    BusFault_Handler                         0x11000da1   Thumb Code     2  isr.o(.text.BusFault_Handler)
    CCU6SR0_IRQHandler                       0x11000da5   Thumb Code    18  isr.o(.text.CCU6SR0_IRQHandler)
    DMA_Init                                 0x11000dc5   Thumb Code    32  dma.o(.text.DMA_Init)
    Delay_us                                 0x11000de5   Thumb Code   254  wdt1.o(.text.Delay_us)
    GPIO_TogglePin                           0x11000fb5   Thumb Code    28  tle987x_gpio.o(.text.GPIO_TogglePin)
    HardFault_Handler                        0x11000fd1   Thumb Code     2  isr.o(.text.HardFault_Handler)
    INT_Init                                 0x11000fd5   Thumb Code   268  int.o(.text.INT_Init)
    LIN_Init                                 0x110010e1   Thumb Code     2  lin.o(.text.LIN_Init)
    MemManage_Handler                        0x110010e5   Thumb Code     2  isr.o(.text.MemManage_Handler)
    PMU_Init                                 0x11001291   Thumb Code   160  pmu.o(.text.PMU_Init)
    PORT_Init                                0x11001331   Thumb Code   266  port.o(.text.PORT_Init)
    SCU_ClkInit                              0x1100143d   Thumb Code   216  scu.o(.text.SCU_ClkInit)
    SCU_Init                                 0x11001529   Thumb Code   124  scu.o(.text.SCU_Init)
    SysTick_Handler                          0x11001615   Thumb Code     8  isr.o(.text.SysTick_Handler)
    SysTick_Init                             0x1100161d   Thumb Code    60  wdt1.o(.text.SysTick_Init)
    SystemInit                               0x11001671   Thumb Code    52  system_tle987x.o(.text.SystemInit)
    TLE5502_GetAngleAndVoltage               0x1100172d   Thumb Code    82  tle5502.o(.text.TLE5502_GetAngleAndVoltage)
    TLE987x_UART_SendVoltageAngleInfo        0x11001781   Thumb Code   124  main.o(.text.TLE987x_UART_SendVoltageAngleInfo)
    TLE_Init                                 0x110017fd   Thumb Code    44  tle_device.o(.text.TLE_Init)
    UART1_Init                               0x11001829   Thumb Code     2  uart.o(.text.UART1_Init)
    UART2_Init                               0x1100184d   Thumb Code    66  uart.o(.text.UART2_Init)
    UsageFault_Handler                       0x110018fd   Thumb Code     2  isr.o(.text.UsageFault_Handler)
    WDT1_Init                                0x11001901   Thumb Code    36  wdt1.o(.text.WDT1_Init)
    WDT1_SOW_Service                         0x11001925   Thumb Code    38  wdt1.o(.text.WDT1_SOW_Service)
    WDT1_Service                             0x1100194d   Thumb Code    96  wdt1.o(.text.WDT1_Service)
    fputc                                    0x110019bd   Thumb Code    48  retarget_io.o(.text.fputc)
    main                                     0x110019ed   Thumb Code   182  main.o(.text.main)
    stdout_putchar                           0x11001aa5   Thumb Code    74  uart.o(.text.stdout_putchar)
    __0printf                                0x11001bad   Thumb Code    22  printfa.o(i.__0printf)
    __1printf                                0x11001bad   Thumb Code     0  printfa.o(i.__0printf)
    __2printf                                0x11001bad   Thumb Code     0  printfa.o(i.__0printf)
    __c89printf                              0x11001bad   Thumb Code     0  printfa.o(i.__0printf)
    printf                                   0x11001bad   Thumb Code     0  printfa.o(i.__0printf)
    __ARM_fpclassifyf                        0x11001bcd   Thumb Code    38  fpclassifyf.o(i.__ARM_fpclassifyf)
    __mathlib_flt_infnan2                    0x11001bf3   Thumb Code     4  funder.o(i.__mathlib_flt_infnan2)
    __mathlib_flt_underflow                  0x11001bf7   Thumb Code    10  funder.o(i.__mathlib_flt_underflow)
    __scatterload_copy                       0x11001c01   Thumb Code    14  handlers.o(i.__scatterload_copy)
    __scatterload_null                       0x11001c0f   Thumb Code     2  handlers.o(i.__scatterload_null)
    __scatterload_zeroinit                   0x11001c11   Thumb Code    14  handlers.o(i.__scatterload_zeroinit)
    __set_errno                              0x11001c21   Thumb Code     6  errno.o(i.__set_errno)
    atan2f                                   0x110024e1   Thumb Code   598  atan2f.o(i.atan2f)
    USER_CFLASH_WR_PROT_EN                   0x11002784   Data           4  bootrom.o(.rodata.USER_CFLASH_WR_PROT_EN)
    Region$$Table$$Base                      0x110027d8   Number         0  anon$$obj.o(Region$$Table)
    Region$$Table$$Limit                     0x110027f8   Number         0  anon$$obj.o(Region$$Table)
    p_NACNAD                                 0x1103effc   Data           4  system_tle987x.o(.ARM.__at_0x1103EFFC)
    __stdout                                 0x18000018   Data           4  stdout.o(.data)
    TLE5502_data                             0x18000020   Data          16  main.o(.bss.TLE5502_data)
    WD_Counter                               0x18000030   Data           4  wdt1.o(.bss.WD_Counter)
    __initial_sp                             0x18000240   Data           0  startup_tle987x.o(STACK)



==============================================================================

Memory Map of the image

  Image Entry point : 0x11000081

  Load Region LR_IROM1 (Base: 0x11000000, Size: 0x00002800, Max: 0x0003effc, ABSOLUTE)

    Execution Region ER_IROM1 (Exec base: 0x11000000, Load base: 0x11000000, Size: 0x000027f8, Max: 0x0003effc, ABSOLUTE)

    Exec Addr    Load Addr    Size         Type   Attr      Idx    E Section Name        Object

    0x11000000   0x11000000   0x00000080   Data   RO          361    RESET               startup_tle987x.o
    0x11000080   0x11000080   0x00000000   Code   RO          479  * .ARM.Collect$$$$00000000  mc_w.l(entry.o)
    0x11000080   0x11000080   0x00000004   Code   RO          551    .ARM.Collect$$$$00000001  mc_w.l(entry2.o)
    0x11000084   0x11000084   0x00000004   Code   RO          554    .ARM.Collect$$$$00000004  mc_w.l(entry5.o)
    0x11000088   0x11000088   0x00000000   Code   RO          556    .ARM.Collect$$$$00000008  mc_w.l(entry7b.o)
    0x11000088   0x11000088   0x00000000   Code   RO          558    .ARM.Collect$$$$0000000A  mc_w.l(entry8b.o)
    0x11000088   0x11000088   0x00000008   Code   RO          559    .ARM.Collect$$$$0000000B  mc_w.l(entry9a.o)
    0x11000090   0x11000090   0x00000000   Code   RO          561    .ARM.Collect$$$$0000000D  mc_w.l(entry10a.o)
    0x11000090   0x11000090   0x00000000   Code   RO          563    .ARM.Collect$$$$0000000F  mc_w.l(entry11a.o)
    0x11000090   0x11000090   0x00000004   Code   RO          552    .ARM.Collect$$$$00002712  mc_w.l(entry2.o)
    0x11000094   0x11000094   0x00000040   Code   RO          362    .text               startup_tle987x.o
    0x110000d4   0x110000d4   0x000000b0   Code   RO          521    .text               mf_w.l(fadd.o)
    0x11000184   0x11000184   0x00000064   Code   RO          523    .text               mf_w.l(fmul.o)
    0x110001e8   0x110001e8   0x0000007c   Code   RO          525    .text               mf_w.l(fdiv.o)
    0x11000264   0x11000264   0x0000001c   Code   RO          527    .text               mf_w.l(fcmpge.o)
    0x11000280   0x11000280   0x00000012   Code   RO          529    .text               mf_w.l(fflti.o)
    0x11000292   0x11000292   0x0000000a   Code   RO          531    .text               mf_w.l(ffltui.o)
    0x1100029c   0x1100029c   0x00000026   Code   RO          533    .text               mf_w.l(f2d.o)
    0x110002c2   0x110002c2   0x0000002c   Code   RO          574    .text               mc_w.l(uidiv.o)
    0x110002ee   0x110002ee   0x00000062   Code   RO          576    .text               mc_w.l(uldiv.o)
    0x11000350   0x11000350   0x00000000   Code   RO          585    .text               mc_w.l(iusefp.o)
    0x11000350   0x11000350   0x0000006e   Code   RO          586    .text               mf_w.l(fepilogue.o)
    0x110003be   0x110003be   0x0000014e   Code   RO          588    .text               mf_w.l(dadd.o)
    0x1100050c   0x1100050c   0x000000e4   Code   RO          590    .text               mf_w.l(dmul.o)
    0x110005f0   0x110005f0   0x000000de   Code   RO          592    .text               mf_w.l(ddiv.o)
    0x110006ce   0x110006ce   0x00000030   Code   RO          594    .text               mf_w.l(dfixul.o)
    0x110006fe   0x110006fe   0x00000002   PAD
    0x11000700   0x11000700   0x00000030   Code   RO          596    .text               mf_w.l(cdrcmple.o)
    0x11000730   0x11000730   0x00000030   Code   RO          598    .text               mc_w.l(init.o)
    0x11000760   0x11000760   0x0000001e   Code   RO          600    .text               mc_w.l(llshl.o)
    0x1100077e   0x1100077e   0x00000020   Code   RO          602    .text               mc_w.l(llushr.o)
    0x1100079e   0x1100079e   0x00000024   Code   RO          604    .text               mc_w.l(llsshr.o)
    0x110007c2   0x110007c2   0x00000018   Code   RO          606    .text               mf_w.l(fscalb.o)
    0x110007da   0x110007da   0x000000ba   Code   RO          608    .text               mf_w.l(depilogue.o)
    0x11000894   0x11000894   0x0000001e   Code   RO           40    .text.ADC1_ANON_Set  tle987x_adc.o
    0x110008b2   0x110008b2   0x00000002   PAD
    0x110008b4   0x110008b4   0x0000001e   Code   RO          121    .text.ADC1_ANON_Set  adc1.o
    0x110008d2   0x110008d2   0x00000002   PAD
    0x110008d4   0x110008d4   0x00000020   Code   RO           42    .text.ADC1_ANON_Sts  tle987x_adc.o
    0x110008f4   0x110008f4   0x00000016   Code   RO           56    .text.ADC1_Ch0_DataWidth_10bit_Set  tle987x_adc.o
    0x1100090a   0x1100090a   0x00000002   PAD
    0x1100090c   0x1100090c   0x0000001c   Code   RO           48    .text.ADC1_Ch0_Sample_Time_Set  tle987x_adc.o
    0x11000928   0x11000928   0x00000018   Code   RO           64    .text.ADC1_Ch0_WaitForRead_Set  tle987x_adc.o
    0x11000940   0x11000940   0x00000016   Code   RO           58    .text.ADC1_Ch2_DataWidth_10bit_Set  tle987x_adc.o
    0x11000956   0x11000956   0x00000002   PAD
    0x11000958   0x11000958   0x0000001e   Code   RO           50    .text.ADC1_Ch2_Sample_Time_Set  tle987x_adc.o
    0x11000976   0x11000976   0x00000002   PAD
    0x11000978   0x11000978   0x00000018   Code   RO           66    .text.ADC1_Ch2_WaitForRead_Set  tle987x_adc.o
    0x11000990   0x11000990   0x00000016   Code   RO           60    .text.ADC1_Ch4_DataWidth_10bit_Set  tle987x_adc.o
    0x110009a6   0x110009a6   0x00000002   PAD
    0x110009a8   0x110009a8   0x0000001c   Code   RO           52    .text.ADC1_Ch4_Sample_Time_Set  tle987x_adc.o
    0x110009c4   0x110009c4   0x00000018   Code   RO           68    .text.ADC1_Ch4_WaitForRead_Set  tle987x_adc.o
    0x110009dc   0x110009dc   0x00000016   Code   RO           62    .text.ADC1_Ch5_DataWidth_10bit_Set  tle987x_adc.o
    0x110009f2   0x110009f2   0x00000002   PAD
    0x110009f4   0x110009f4   0x0000001e   Code   RO           54    .text.ADC1_Ch5_Sample_Time_Set  tle987x_adc.o
    0x11000a12   0x11000a12   0x00000002   PAD
    0x11000a14   0x11000a14   0x00000018   Code   RO           70    .text.ADC1_Ch5_WaitForRead_Set  tle987x_adc.o
    0x11000a2c   0x11000a2c   0x0000001c   Code   RO           44    .text.ADC1_DIVA_Set  tle987x_adc.o
    0x11000a48   0x11000a48   0x00000078   Code   RO          127    .text.ADC1_GetChResult  adc1.o
    0x11000ac0   0x11000ac0   0x0000009e   Code   RO          133    .text.ADC1_GetChResult_mV  adc1.o
    0x11000b5e   0x11000b5e   0x00000002   PAD
    0x11000b60   0x11000b60   0x00000100   Code   RO          119    .text.ADC1_Init     adc1.o
    0x11000c60   0x11000c60   0x00000012   Code   RO           38    .text.ADC1_Power_On  tle987x_adc.o
    0x11000c72   0x11000c72   0x00000002   PAD
    0x11000c74   0x11000c74   0x00000012   Code   RO          123    .text.ADC1_Power_On  adc1.o
    0x11000c86   0x11000c86   0x00000002   PAD
    0x11000c88   0x11000c88   0x0000001c   Code   RO           46    .text.ADC1_Sequence0_Set  tle987x_adc.o
    0x11000ca4   0x11000ca4   0x00000018   Code   RO           72    .text.ADC1_Sequencer_Mode_Sel  tle987x_adc.o
    0x11000cbc   0x11000cbc   0x00000014   Code   RO          135    .text.ADC1_VDH_Attenuator_Range_Get  adc1.o
    0x11000cd0   0x11000cd0   0x00000002   Code   RO          152    .text.ADC2_Init     adc2.o
    0x11000cd2   0x11000cd2   0x00000002   PAD
    0x11000cd4   0x11000cd4   0x0000006a   Code   RO           36    .text.ADC_Init_SinCos  tle987x_adc.o
    0x11000d3e   0x11000d3e   0x00000002   PAD
    0x11000d40   0x11000d40   0x00000060   Code   RO           74    .text.ADC_SampleAll  tle987x_adc.o
    0x11000da0   0x11000da0   0x00000002   Code   RO          233    .text.BusFault_Handler  isr.o
    0x11000da2   0x11000da2   0x00000002   PAD
    0x11000da4   0x11000da4   0x00000012   Code   RO          227    .text.CCU6SR0_IRQHandler  isr.o
    0x11000db6   0x11000db6   0x00000002   PAD
    0x11000db8   0x11000db8   0x00000004   Code   RO          303    .text.CMSIS_Irq_Dis  scu.o
    0x11000dbc   0x11000dbc   0x00000004   Code   RO          335    .text.CMSIS_Irq_En  scu.o
    0x11000dc0   0x11000dc0   0x00000004   Code   RO          349    .text.CMSIS_NOP     scu.o
    0x11000dc4   0x11000dc4   0x00000020   Code   RO          210    .text.DMA_Init      dma.o
    0x11000de4   0x11000de4   0x000000fe   Code   RO          461    .text.Delay_us      wdt1.o
    0x11000ee2   0x11000ee2   0x00000002   PAD
    0x11000ee4   0x11000ee4   0x0000001a   Code   RO           27    .text.Field_Inv8    tle987x_gpio.o
    0x11000efe   0x11000efe   0x00000002   PAD
    0x11000f00   0x11000f00   0x00000024   Code   RO           76    .text.Field_Mod32   tle987x_adc.o
    0x11000f24   0x11000f24   0x00000024   Code   RO          143    .text.Field_Mod32   adc1.o
    0x11000f48   0x11000f48   0x00000030   Code   RO          305    .text.Field_Mod8    scu.o
    0x11000f78   0x11000f78   0x00000028   Code   RO          428    .text.Field_Wrt8    uart.o
    0x11000fa0   0x11000fa0   0x00000014   Code   RO          327    .text.Field_Wrt8all  scu.o
    0x11000fb4   0x11000fb4   0x0000001c   Code   RO           25    .text.GPIO_TogglePin  tle987x_gpio.o
    0x11000fd0   0x11000fd0   0x00000002   Code   RO          229    .text.HardFault_Handler  isr.o
    0x11000fd2   0x11000fd2   0x00000002   PAD
    0x11000fd4   0x11000fd4   0x0000010c   Code   RO          219    .text.INT_Init      int.o
    0x110010e0   0x110010e0   0x00000002   Code   RO          248    .text.LIN_Init      lin.o
    0x110010e2   0x110010e2   0x00000002   PAD
    0x110010e4   0x110010e4   0x00000002   Code   RO          231    .text.MemManage_Handler  isr.o
    0x110010e6   0x110010e6   0x00000002   PAD
    0x110010e8   0x110010e8   0x00000016   Code   RO          319    .text.PLL_resetPllLockDetection  scu.o
    0x110010fe   0x110010fe   0x00000002   PAD
    0x11001100   0x11001100   0x00000036   Code   RO          309    .text.PLL_setK1divToOne  scu.o
    0x11001136   0x11001136   0x00000002   PAD
    0x11001138   0x11001138   0x00000040   Code   RO          315    .text.PLL_setNdivFromConfigWizard  scu.o
    0x11001178   0x11001178   0x00000016   Code   RO          323    .text.PLL_setNormalMode  scu.o
    0x1100118e   0x1100118e   0x00000002   PAD
    0x11001190   0x11001190   0x00000042   Code   RO          313    .text.PLL_setOscTrim  scu.o
    0x110011d2   0x110011d2   0x00000002   PAD
    0x110011d4   0x110011d4   0x00000016   Code   RO          311    .text.PLL_setPrescalerMode  scu.o
    0x110011ea   0x110011ea   0x00000002   PAD
    0x110011ec   0x110011ec   0x00000018   Code   RO          317    .text.PLL_setVcoselK2divFromConfigWizard  scu.o
    0x11001204   0x11001204   0x00000036   Code   RO          307    .text.PLL_setfSYStoLPCLK  scu.o
    0x1100123a   0x1100123a   0x00000002   PAD
    0x1100123c   0x1100123c   0x00000036   Code   RO          325    .text.PLL_setfSYStofPLL  scu.o
    0x11001272   0x11001272   0x00000002   PAD
    0x11001274   0x11001274   0x0000001c   Code   RO          321    .text.PLL_waitForPllLock  scu.o
    0x11001290   0x11001290   0x000000a0   Code   RO          256    .text.PMU_Init      pmu.o
    0x11001330   0x11001330   0x0000010a   Code   RO          271    .text.PORT_Init     port.o
    0x1100143a   0x1100143a   0x00000002   PAD
    0x1100143c   0x1100143c   0x000000d8   Code   RO          301    .text.SCU_ClkInit   scu.o
    0x11001514   0x11001514   0x00000012   Code   RO          333    .text.SCU_ClosePASSWD  scu.o
    0x11001526   0x11001526   0x00000002   PAD
    0x11001528   0x11001528   0x0000007c   Code   RO          337    .text.SCU_Init      scu.o
    0x110015a4   0x110015a4   0x00000012   Code   RO          331    .text.SCU_OpenPASSWD  scu.o
    0x110015b6   0x110015b6   0x00000002   PAD
    0x110015b8   0x110015b8   0x0000005c   Code   RO          329    .text.SCU_toggleAPCLK_SET  scu.o
    0x11001614   0x11001614   0x00000008   Code   RO          237    .text.SysTick_Handler  isr.o
    0x1100161c   0x1100161c   0x0000003c   Code   RO          453    .text.SysTick_Init  wdt1.o
    0x11001658   0x11001658   0x0000000c   Code   RO          463    .text.SysTick_ReloadValue_Get  wdt1.o
    0x11001664   0x11001664   0x0000000c   Code   RO          465    .text.SysTick_Value_Get  wdt1.o
    0x11001670   0x11001670   0x00000034   Code   RO          369    .text.SystemInit    system_tle987x.o
    0x110016a4   0x110016a4   0x00000088   Code   RO           89    .text.TLE5502_DecodeAngleDeg  tle5502.o
    0x1100172c   0x1100172c   0x00000052   Code   RO           87    .text.TLE5502_GetAngleAndVoltage  tle5502.o
    0x1100177e   0x1100177e   0x00000002   PAD
    0x11001780   0x11001780   0x0000007c   Code   RO            2    .text.TLE987x_UART_SendVoltageAngleInfo  main.o
    0x110017fc   0x110017fc   0x0000002c   Code   RO          378    .text.TLE_Init      tle_device.o
    0x11001828   0x11001828   0x00000002   Code   RO          386    .text.UART1_Init    uart.o
    0x1100182a   0x1100182a   0x00000002   PAD
    0x1100182c   0x1100182c   0x00000020   Code   RO          426    .text.UART2_Buffer_Set  uart.o
    0x1100184c   0x1100184c   0x00000042   Code   RO          396    .text.UART2_Init    uart.o
    0x1100188e   0x1100188e   0x00000002   PAD
    0x11001890   0x11001890   0x00000018   Code   RO          408    .text.UART2_Send_Byte  uart.o
    0x110018a8   0x110018a8   0x00000016   Code   RO          424    .text.UART2_TX_Int_Clr  uart.o
    0x110018be   0x110018be   0x00000002   PAD
    0x110018c0   0x110018c0   0x00000014   Code   RO          430    .text.UART2_TX_Sts  uart.o
    0x110018d4   0x110018d4   0x00000028   Code   RO          410    .text.UART2_isByteTransmitted  uart.o
    0x110018fc   0x110018fc   0x00000002   Code   RO          235    .text.UsageFault_Handler  isr.o
    0x110018fe   0x110018fe   0x00000002   PAD
    0x11001900   0x11001900   0x00000024   Code   RO          451    .text.WDT1_Init     wdt1.o
    0x11001924   0x11001924   0x00000026   Code   RO          459    .text.WDT1_SOW_Service  wdt1.o
    0x1100194a   0x1100194a   0x00000002   PAD
    0x1100194c   0x1100194c   0x00000060   Code   RO          457    .text.WDT1_Service  wdt1.o
    0x110019ac   0x110019ac   0x00000010   Code   RO          239    .text.WDT1_Window_Count  isr.o
    0x110019bc   0x110019bc   0x00000030   Code   RO           99    .text.fputc         retarget_io.o
    0x110019ec   0x110019ec   0x000000b6   Code   RO            4    .text.main          main.o
    0x11001aa2   0x11001aa2   0x00000002   PAD
    0x11001aa4   0x11001aa4   0x0000004a   Code   RO          406    .text.stdout_putchar  uart.o
    0x11001aee   0x11001aee   0x00000002   PAD
    0x11001af0   0x11001af0   0x0000001a   Code   RO          131    .text.u16_Field_Rd32  adc1.o
    0x11001b0a   0x11001b0a   0x00000002   PAD
    0x11001b0c   0x11001b0c   0x0000001c   Code   RO          129    .text.u1_Field_Rd32  adc1.o
    0x11001b28   0x11001b28   0x00000026   Code   RO          347    .text.u1_Field_Rd8  scu.o
    0x11001b4e   0x11001b4e   0x00000002   PAD
    0x11001b50   0x11001b50   0x00000026   Code   RO          432    .text.u1_Field_Rd8  uart.o
    0x11001b76   0x11001b76   0x00000002   PAD
    0x11001b78   0x11001b78   0x00000018   Code   RO           78    .text.u32_Field_Rd32  tle987x_adc.o
    0x11001b90   0x11001b90   0x0000001a   Code   RO          141    .text.u8_Field_Rd32  adc1.o
    0x11001baa   0x11001baa   0x00000002   PAD
    0x11001bac   0x11001bac   0x00000020   Code   RO          494    i.__0printf         mc_w.l(printfa.o)
    0x11001bcc   0x11001bcc   0x00000026   Code   RO          535    i.__ARM_fpclassifyf  m_ws.l(fpclassifyf.o)
    0x11001bf2   0x11001bf2   0x00000004   Code   RO          539    i.__mathlib_flt_infnan2  m_ws.l(funder.o)
    0x11001bf6   0x11001bf6   0x0000000a   Code   RO          543    i.__mathlib_flt_underflow  m_ws.l(funder.o)
    0x11001c00   0x11001c00   0x0000000e   Code   RO          612    i.__scatterload_copy  mc_w.l(handlers.o)
    0x11001c0e   0x11001c0e   0x00000002   Code   RO          613    i.__scatterload_null  mc_w.l(handlers.o)
    0x11001c10   0x11001c10   0x0000000e   Code   RO          614    i.__scatterload_zeroinit  mc_w.l(handlers.o)
    0x11001c1e   0x11001c1e   0x00000002   PAD
    0x11001c20   0x11001c20   0x0000000c   Code   RO          580    i.__set_errno       mc_w.l(errno.o)
    0x11001c2c   0x11001c2c   0x00000184   Code   RO          501    i._fp_digits        mc_w.l(printfa.o)
    0x11001db0   0x11001db0   0x000006dc   Code   RO          502    i._printf_core      mc_w.l(printfa.o)
    0x1100248c   0x1100248c   0x00000024   Code   RO          503    i._printf_post_padding  mc_w.l(printfa.o)
    0x110024b0   0x110024b0   0x0000002e   Code   RO          504    i._printf_pre_padding  mc_w.l(printfa.o)
    0x110024de   0x110024de   0x00000002   PAD
    0x110024e0   0x110024e0   0x000002a4   Code   RO          476    i.atan2f            m_ws.l(atan2f.o)
    0x11002784   0x11002784   0x00000004   Data   RO          168    .rodata.USER_CFLASH_WR_PROT_EN  bootrom.o
    0x11002788   0x11002788   0x0000004f   Data   RO            6    .rodata.str1.1      main.o
    0x110027d7   0x110027d7   0x00000001   PAD
    0x110027d8   0x110027d8   0x00000020   Data   RO          611    Region$$Table       anon$$obj.o


    Execution Region RW_IRAM2 (Exec base: 0x18000000, Load base: 0x11002800, Size: 0x00000000, Max: 0x00000014, ABSOLUTE)

    **** No section assigned to this execution region ****


    Execution Region RW_IRAM1 (Exec base: 0x18000018, Load base: 0x110027f8, Size: 0x00000228, Max: 0x00001fe8, ABSOLUTE)

    Exec Addr    Load Addr    Size         Type   Attr      Idx    E Section Name        Object

    0x18000018   0x110027f8   0x00000004   Data   RW          487    .data               mc_w.l(stdout.o)
    0x1800001c   0x110027fc   0x00000004   Data   RW          581    .data               mc_w.l(errno.o)
    0x18000020        -       0x00000010   Zero   RW            7    .bss.TLE5502_data   main.o
    0x18000030        -       0x00000004   Zero   RW          467    .bss.WD_Counter     wdt1.o
    0x18000034        -       0x00000001   Zero   RW          468    .bss.bSOWactive     wdt1.o
    0x18000035   0x11002800   0x00000003   PAD
    0x18000038        -       0x00000004   Zero   RW          443    .bss.uart2          uart.o
    0x1800003c   0x11002800   0x00000004   PAD
    0x18000040        -       0x00000200   Zero   RW          359    STACK               startup_tle987x.o



  Load Region LR_IROM2 (Base: 0x1103effc, Size: 0x00000004, Max: 0x00001004, ABSOLUTE)

    Execution Region ER_IROM2 (Exec base: 0x1103effc, Load base: 0x1103effc, Size: 0x00000004, Max: 0x00001004, ABSOLUTE)

    Exec Addr    Load Addr    Size         Type   Attr      Idx    E Section Name        Object

    0x1103effc   0x1103effc   0x00000004   Data   RO          371    .ARM.__at_0x1103EFFC  system_tle987x.o


==============================================================================

Image component sizes


      Code (inc. data)   RO Data    RW Data    ZI Data      Debug   Object Name

       718          0          0          0          0      34664   adc1.o
         2          0          0          0          0        394   adc2.o
         0          0          4          0          0       2975   bootrom.o
        32          0          0          0          0       5926   dma.o
       268          0          0          0          0      26782   int.o
        50          0          0          0          0      14416   isr.o
         2          0          0          0          0        391   lin.o
       306          0         79          0         16       4378   main.o
       160          0          0          0          0       6773   pmu.o
       266          0          0          0          0      19193   port.o
        48          0          0          0          0       1970   retarget_io.o
       996          0          0          0          0      24039   scu.o
        64         12        128          0        512        900   startup_tle987x.o
        52          0          4          0          0       8026   system_tle987x.o
       218          0          0          0          0       1607   tle5502.o
       722          0          0          0          0       7769   tle987x_adc.o
        54          0          0          0          0       1627   tle987x_gpio.o
        44          0          0          0          0        431   tle_device.o
       358          0          0          0          4      18331   uart.o
       508          0          0          0          5      15037   wdt1.o

    ----------------------------------------------------------------------
      4952         12        248          0        544     195629   Object Totals
         0          0         32          0          0          0   (incl. Generated)
        84          0          1          0          7          0   (incl. Padding)

    ----------------------------------------------------------------------

      Code (inc. data)   RO Data    RW Data    ZI Data      Debug   Library Member Name

       676         78          0          0          0        116   atan2f.o
        38          0          0          0          0         68   fpclassifyf.o
        14          0          0          0          0        136   funder.o
         0          0          0          0          0          0   entry.o
         0          0          0          0          0          0   entry10a.o
         0          0          0          0          0          0   entry11a.o
         8          4          0          0          0          0   entry2.o
         4          0          0          0          0          0   entry5.o
         0          0          0          0          0          0   entry7b.o
         0          0          0          0          0          0   entry8b.o
         8          4          0          0          0          0   entry9a.o
        12          6          0          4          0         68   errno.o
        30          0          0          0          0          0   handlers.o
        48         10          0          0          0         68   init.o
         0          0          0          0          0          0   iusefp.o
        30          0          0          0          0         68   llshl.o
        36          0          0          0          0         68   llsshr.o
        32          0          0          0          0         68   llushr.o
      2258         90          0          0          0        452   printfa.o
         0          0          0          4          0          0   stdout.o
        44          0          0          0          0         80   uidiv.o
        98          0          0          0          0         92   uldiv.o
        48          0          0          0          0         68   cdrcmple.o
       334          0          0          0          0        148   dadd.o
       222          0          0          0          0        100   ddiv.o
       186          0          0          0          0        176   depilogue.o
        48          0          0          0          0         68   dfixul.o
       228          0          0          0          0         96   dmul.o
        38          0          0          0          0         68   f2d.o
       176          0          0          0          0        140   fadd.o
        28          0          0          0          0         68   fcmpge.o
       124          0          0          0          0         88   fdiv.o
       110          0          0          0          0        168   fepilogue.o
        18          0          0          0          0         68   fflti.o
        10          0          0          0          0         68   ffltui.o
       100          0          0          0          0         76   fmul.o
        24          0          0          0          0         68   fscalb.o

    ----------------------------------------------------------------------
      5036        192          0          8          0       2752   Library Totals
         6          0          0          0          0          0   (incl. Padding)

    ----------------------------------------------------------------------

      Code (inc. data)   RO Data    RW Data    ZI Data      Debug   Library Name

       728         78          0          0          0        320   m_ws.l
      2608        114          0          8          0        964   mc_w.l
      1694          0          0          0          0       1468   mf_w.l

    ----------------------------------------------------------------------
      5036        192          0          8          0       2752   Library Totals

    ----------------------------------------------------------------------

==============================================================================


      Code (inc. data)   RO Data    RW Data    ZI Data      Debug   

      9988        204        248          8        544     196737   Grand Totals
      9988        204        248          8        544     196737   ELF Image Totals
      9988        204        248          8          0          0   ROM Totals

==============================================================================

    Total RO  Size (Code + RO Data)                10236 (  10.00kB)
    Total RW  Size (RW Data + ZI Data)               552 (   0.54kB)
    Total ROM Size (Code + RO Data + RW Data)      10244 (  10.00kB)

==============================================================================

